Component: ARM Compiler 5.06 update 6 (build 750) Tool: armlink [4d35ed]

==============================================================================

Section Cross References

    startup_stm32h747xx_cm4.o(RESET) refers to startup_stm32h747xx_cm4.o(STACK) for __initial_sp
    startup_stm32h747xx_cm4.o(RESET) refers to startup_stm32h747xx_cm4.o(.text) for Reset_Handler
    startup_stm32h747xx_cm4.o(RESET) refers to stm32h7xx_it.o(i.NMI_Handler) for NMI_Handler
    startup_stm32h747xx_cm4.o(RESET) refers to stm32h7xx_it.o(i.HardFault_Handler) for HardFault_Handler
    startup_stm32h747xx_cm4.o(RESET) refers to stm32h7xx_it.o(i.MemManage_Handler) for MemManage_Handler
    startup_stm32h747xx_cm4.o(RESET) refers to stm32h7xx_it.o(i.BusFault_Handler) for BusFault_Handler
    startup_stm32h747xx_cm4.o(RESET) refers to stm32h7xx_it.o(i.UsageFault_Handler) for UsageFault_Handler
    startup_stm32h747xx_cm4.o(RESET) refers to stm32h7xx_it.o(i.SVC_Handler) for SVC_Handler
    startup_stm32h747xx_cm4.o(RESET) refers to stm32h7xx_it.o(i.DebugMon_Handler) for DebugMon_Handler
    startup_stm32h747xx_cm4.o(RESET) refers to stm32h7xx_it.o(i.PendSV_Handler) for PendSV_Handler
    startup_stm32h747xx_cm4.o(RESET) refers to stm32h7xx_it.o(i.SysTick_Handler) for SysTick_Handler
    startup_stm32h747xx_cm4.o(RESET) refers to stm32h7xx_it.o(i.ETH_IRQHandler) for ETH_IRQHandler
    startup_stm32h747xx_cm4.o(.text) refers to system_stm32h7xx_dualcore_boot_cm4_cm7.o(i.SystemInit) for SystemInit
    startup_stm32h747xx_cm4.o(.text) refers to entry.o(.ARM.Collect$$$$00000000) for __main
    main.o(i.main) refers to stm32h7xx_hal_hsem.o(i.HAL_HSEM_ActivateNotification) for HAL_HSEM_ActivateNotification
    main.o(i.main) refers to stm32h7xx_hal_pwr_ex.o(i.HAL_PWREx_ClearPendingEvent) for HAL_PWREx_ClearPendingEvent
    main.o(i.main) refers to stm32h7xx_hal_pwr_ex.o(i.HAL_PWREx_EnterSTOPMode) for HAL_PWREx_EnterSTOPMode
    main.o(i.main) refers to stm32h7xx_hal.o(i.HAL_Init) for HAL_Init
    main.o(i.main) refers to lwip.o(i.MX_LWIP_Init) for MX_LWIP_Init
    main.o(i.main) refers to lwip.o(i.MX_LWIP_Process) for MX_LWIP_Process
    lwip.o(i.MX_LWIP_Init) refers to init.o(i.lwip_init) for lwip_init
    lwip.o(i.MX_LWIP_Init) refers to netif.o(i.netif_add) for netif_add
    lwip.o(i.MX_LWIP_Init) refers to netif.o(i.netif_set_default) for netif_set_default
    lwip.o(i.MX_LWIP_Init) refers to netif.o(i.netif_set_up) for netif_set_up
    lwip.o(i.MX_LWIP_Init) refers to netif.o(i.netif_set_down) for netif_set_down
    lwip.o(i.MX_LWIP_Init) refers to lwip.o(.data) for .data
    lwip.o(i.MX_LWIP_Init) refers to ethernet.o(i.ethernet_input) for ethernet_input
    lwip.o(i.MX_LWIP_Init) refers to ethernetif.o(i.ethernetif_init) for ethernetif_init
    lwip.o(i.MX_LWIP_Init) refers to lwip.o(.bss) for .bss
    lwip.o(i.MX_LWIP_Process) refers to ethernetif.o(i.ethernetif_input) for ethernetif_input
    lwip.o(i.MX_LWIP_Process) refers to timeouts.o(i.sys_check_timeouts) for sys_check_timeouts
    lwip.o(i.MX_LWIP_Process) refers to lwip.o(.bss) for .bss
    ethernetif.o(i.ETH_PHY_IO_GetTick) refers to stm32h7xx_hal.o(i.HAL_GetTick) for HAL_GetTick
    ethernetif.o(i.ETH_PHY_IO_Init) refers to stm32h7xx_hal_eth.o(i.HAL_ETH_SetMDIOClockRange) for HAL_ETH_SetMDIOClockRange
    ethernetif.o(i.ETH_PHY_IO_Init) refers to ethernetif.o(.bss) for .bss
    ethernetif.o(i.ETH_PHY_IO_ReadReg) refers to stm32h7xx_hal_eth.o(i.HAL_ETH_ReadPHYRegister) for HAL_ETH_ReadPHYRegister
    ethernetif.o(i.ETH_PHY_IO_ReadReg) refers to ethernetif.o(.bss) for .bss
    ethernetif.o(i.ETH_PHY_IO_WriteReg) refers to stm32h7xx_hal_eth.o(i.HAL_ETH_WritePHYRegister) for HAL_ETH_WritePHYRegister
    ethernetif.o(i.ETH_PHY_IO_WriteReg) refers to ethernetif.o(.bss) for .bss
    ethernetif.o(i.HAL_ETH_MspDeInit) refers to stm32h7xx_hal_gpio.o(i.HAL_GPIO_DeInit) for HAL_GPIO_DeInit
    ethernetif.o(i.HAL_ETH_MspDeInit) refers to stm32h7xx_hal_cortex.o(i.HAL_NVIC_DisableIRQ) for HAL_NVIC_DisableIRQ
    ethernetif.o(i.HAL_ETH_MspInit) refers to memseta.o(.text) for __aeabi_memclr4
    ethernetif.o(i.HAL_ETH_MspInit) refers to stm32h7xx_hal_gpio.o(i.HAL_GPIO_Init) for HAL_GPIO_Init
    ethernetif.o(i.HAL_ETH_MspInit) refers to stm32h7xx_hal_cortex.o(i.HAL_NVIC_SetPriority) for HAL_NVIC_SetPriority
    ethernetif.o(i.HAL_ETH_MspInit) refers to stm32h7xx_hal_cortex.o(i.HAL_NVIC_EnableIRQ) for HAL_NVIC_EnableIRQ
    ethernetif.o(i.ethernet_link_check_state) refers to lan8742.o(i.LAN8742_GetLinkState) for LAN8742_GetLinkState
    ethernetif.o(i.ethernet_link_check_state) refers to stm32h7xx_hal_eth.o(i.HAL_ETH_Stop) for HAL_ETH_Stop
    ethernetif.o(i.ethernet_link_check_state) refers to netif.o(i.netif_set_down) for netif_set_down
    ethernetif.o(i.ethernet_link_check_state) refers to netif.o(i.netif_set_link_down) for netif_set_link_down
[...]
    lfree                                    0x1000004c   Data           4  mem.o(.data)
    .data                                    0x10000050   Section        4  memp.o(.data)
    memp_tab_UDP_PCB                         0x10000050   Data           4  memp.o(.data)
    .data                                    0x10000054   Section        4  memp.o(.data)
    memp_tab_TCP_PCB                         0x10000054   Data           4  memp.o(.data)
    .data                                    0x10000058   Section        4  memp.o(.data)
    memp_tab_TCP_PCB_LISTEN                  0x10000058   Data           4  memp.o(.data)
    .data                                    0x1000005c   Section        4  memp.o(.data)
    memp_tab_TCP_SEG                         0x1000005c   Data           4  memp.o(.data)
    .data                                    0x10000060   Section        4  memp.o(.data)
    memp_tab_REASSDATA                       0x10000060   Data           4  memp.o(.data)
    .data                                    0x10000064   Section        4  memp.o(.data)
    memp_tab_FRAG_PBUF                       0x10000064   Data           4  memp.o(.data)
    .data                                    0x10000068   Section        4  memp.o(.data)
    memp_tab_SYS_TIMEOUT                     0x10000068   Data           4  memp.o(.data)
    .data                                    0x1000006c   Section        4  memp.o(.data)
    memp_tab_PBUF                            0x1000006c   Data           4  memp.o(.data)
    .data                                    0x10000070   Section        4  memp.o(.data)
    memp_tab_PBUF_POOL                       0x10000070   Data           4  memp.o(.data)
    .data                                    0x10000074   Section       12  netif.o(.data)
    netif_num                                0x10000074   Data           1  netif.o(.data)
    .data                                    0x10000080   Section        1  pbuf.o(.data)
    .data                                    0x10000084   Section       32  tcp.o(.data)
    tcp_timer                                0x10000085   Data           1  tcp.o(.data)
    tcp_timer_ctr                            0x10000086   Data           1  tcp.o(.data)
    tcp_port                                 0x10000088   Data           2  tcp.o(.data)
    iss                                      0x1000008c   Data           4  tcp.o(.data)
    .data                                    0x100000a4   Section       36  tcp_in.o(.data)
    flags                                    0x100000a4   Data           1  tcp_in.o(.data)
    recv_flags                               0x100000a5   Data           1  tcp_in.o(.data)
    tcphdr_optlen                            0x100000a6   Data           2  tcp_in.o(.data)
    tcphdr_opt1len                           0x100000a8   Data           2  tcp_in.o(.data)
    tcp_optidx                               0x100000aa   Data           2  tcp_in.o(.data)
    recv_acked                               0x100000ac   Data           2  tcp_in.o(.data)
    tcplen                                   0x100000ae   Data           2  tcp_in.o(.data)
    tcphdr                                   0x100000b0   Data           4  tcp_in.o(.data)
    tcphdr_opt2                              0x100000b4   Data           4  tcp_in.o(.data)
    seqno                                    0x100000b8   Data           4  tcp_in.o(.data)
    ackno                                    0x100000bc   Data           4  tcp_in.o(.data)
    recv_data                                0x100000c0   Data           4  tcp_in.o(.data)
    .data                                    0x100000c8   Section       12  timeouts.o(.data)
    next_timeout                             0x100000c8   Data           4  timeouts.o(.data)
    timeouts_last_time                       0x100000cc   Data           4  timeouts.o(.data)
    tcpip_tcp_timer_active                   0x100000d0   Data           4  timeouts.o(.data)
    .data                                    0x100000d4   Section        8  udp.o(.data)
    udp_port                                 0x100000d4   Data           2  udp.o(.data)
    .data                                    0x100000dc   Section        1  etharp.o(.data)
    etharp_cached_entry                      0x100000dc   Data           1  etharp.o(.data)
    .data                                    0x100000de   Section        2  ip4.o(.data)
    ip_id                                    0x100000de   Data           2  ip4.o(.data)
    .data                                    0x100000e0   Section        8  ip4_frag.o(.data)
    ip_reass_pbufcount                       0x100000e0   Data           2  ip4_frag.o(.data)
    reassdatagrams                           0x100000e4   Data           4  ip4_frag.o(.data)
    .data                                    0x100000e8   Section        4  stdout.o(.data)
    .bss                                     0x100000ec   Section       48  lwip.o(.bss)
    .bss                                     0x1000011c   Section      196  ethernetif.o(.bss)
    .bss                                     0x100001e0   Section      203  ethernetif.o(.bss)
    .bss                                     0x100002ac   Section       24  ip.o(.bss)
    .bss                                     0x100002c4   Section      131  memp.o(.bss)
    .bss                                     0x10000347   Section      763  memp.o(.bss)
    .bss                                     0x10000642   Section      227  memp.o(.bss)
    .bss                                     0x10000725   Section      259  memp.o(.bss)
    .bss                                     0x10000828   Section      163  memp.o(.bss)
    .bss                                     0x100008cb   Section      363  memp.o(.bss)
    .bss                                     0x10000a36   Section       51  memp.o(.bss)
    .bss                                     0x10000a69   Section      259  memp.o(.bss)
    .bss                                     0x10000b6c   Section     9731  memp.o(.bss)
    .bss                                     0x10003170   Section       16  tcp_in.o(.bss)
    inseg                                    0x10003170   Data          16  tcp_in.o(.bss)
    .bss                                     0x10003180   Section      240  etharp.o(.bss)
    arp_table                                0x10003180   Data         240  etharp.o(.bss)
    STACK                                    0x10003270   Section    16384  startup_stm32h747xx_cm4.o(STACK)
    .ARM.__AT_0x30040000                     0x30040000   Section       96  ethernetif.o(.ARM.__AT_0x30040000)
    .ARM.__AT_0x30040060                     0x30040060   Section       96  ethernetif.o(.ARM.__AT_0x30040060)
    .ARM.__AT_0x30040200                     0x30040200   Section     6144  ethernetif.o(.ARM.__AT_0x30040200)

    Global Symbols

    Symbol Name                              Value     Ov Type        Size  Object(Section)

    BuildAttributes$$THM_ISAv4$E$P$D$K$B$S$7EM$VFPi3$EXTD16$VFPS$VFMA$PE$A:L22UL41UL21$X:L11$S22US41US21$IEEE1$IW$USESV6$~STKCKD$USESV7$~SHL$OSPACE$ROPI$EBA8$MICROLIB$REQ8$PRES8$EABIv2 0x00000000   Number         0  anon$$obj.o ABSOLUTE
    __ARM_use_no_argv                        0x00000000   Number         0  main.o ABSOLUTE
    _printf_a                                0x00000000   Number         0  stubs.o ABSOLUTE
    _printf_c                                0x00000000   Number         0  stubs.o ABSOLUTE
    _printf_charcount                        0x00000000   Number         0  stubs.o ABSOLUTE
    _printf_d                                0x00000000   Number         0  stubs.o ABSOLUTE
    _printf_e                                0x00000000   Number         0  stubs.o ABSOLUTE
    _printf_f                                0x00000000   Number         0  stubs.o ABSOLUTE
    _printf_flags                            0x00000000   Number         0  stubs.o ABSOLUTE
    _printf_fp_dec                           0x00000000   Number         0  stubs.o ABSOLUTE
    _printf_fp_hex                           0x00000000   Number         0  stubs.o ABSOLUTE
    _printf_g                                0x00000000   Number         0  stubs.o ABSOLUTE
    _printf_i                                0x00000000   Number         0  stubs.o ABSOLUTE
    _printf_int_dec                          0x00000000   Number         0  stubs.o ABSOLUTE
    _printf_l                                0x00000000   Number         0  stubs.o ABSOLUTE
    _printf_lc                               0x00000000   Number         0  stubs.o ABSOLUTE
    _printf_ll                               0x00000000   Number         0  stubs.o ABSOLUTE
    _printf_lld                              0x00000000   Number         0  stubs.o ABSOLUTE
    _printf_lli                              0x00000000   Number         0  stubs.o ABSOLUTE
    _printf_llo                              0x00000000   Number         0  stubs.o ABSOLUTE
    _printf_llu                              0x00000000   Number         0  stubs.o ABSOLUTE
    _printf_llx                              0x00000000   Number         0  stubs.o ABSOLUTE
    _printf_longlong_dec                     0x00000000   Number         0  stubs.o ABSOLUTE
    _printf_longlong_hex                     0x00000000   Number         0  stubs.o ABSOLUTE
    _printf_longlong_oct                     0x00000000   Number         0  stubs.o ABSOLUTE
    _printf_ls                               0x00000000   Number         0  stubs.o ABSOLUTE
    _printf_mbtowc                           0x00000000   Number         0  stubs.o ABSOLUTE
    _printf_n                                0x00000000   Number         0  stubs.o ABSOLUTE
    _printf_o                                0x00000000   Number         0  stubs.o ABSOLUTE
    _printf_p                                0x00000000   Number         0  stubs.o ABSOLUTE
    _printf_percent                          0x00000000   Number         0  stubs.o ABSOLUTE
    _printf_pre_padding                      0x00000000   Number         0  stubs.o ABSOLUTE
    _printf_return_value                     0x00000000   Number         0  stubs.o ABSOLUTE
    _printf_s                                0x00000000   Number         0  stubs.o ABSOLUTE
    _printf_sizespec                         0x00000000   Number         0  stubs.o ABSOLUTE
    _printf_str                              0x00000000   Number         0  stubs.o ABSOLUTE
    _printf_truncate_signed                  0x00000000   Number         0  stubs.o ABSOLUTE
    _printf_truncate_unsigned                0x00000000   Number         0  stubs.o ABSOLUTE
    _printf_u                                0x00000000   Number         0  stubs.o ABSOLUTE
    _printf_wc                               0x00000000   Number         0  stubs.o ABSOLUTE
    _printf_wctomb                           0x00000000   Number         0  stubs.o ABSOLUTE
    _printf_widthprec                        0x00000000   Number         0  stubs.o ABSOLUTE
    _printf_x                                0x00000000   Number         0  stubs.o ABSOLUTE
    __cpp_initialize__aeabi_                  - Undefined Weak Reference
    __cxa_finalize                            - Undefined Weak Reference
    __decompress                              - Undefined Weak Reference
    _clock_init                               - Undefined Weak Reference
    _microlib_exit                            - Undefined Weak Reference
    __Vectors_Size                           0x00000298   Number         0  startup_stm32h747xx_cm4.o ABSOLUTE
    __Vectors                                0x08100000   Data           4  startup_stm32h747xx_cm4.o(RESET)
    __Vectors_End                            0x08100298   Data           0  startup_stm32h747xx_cm4.o(RESET)
    __main                                   0x08100299   Thumb Code     0  entry.o(.ARM.Collect$$$$00000000)
    _main_stk                                0x08100299   Thumb Code     0  entry2.o(.ARM.Collect$$$$00000001)
    _main_scatterload                        0x0810029d   Thumb Code     0  entry5.o(.ARM.Collect$$$$00000004)
    __main_after_scatterload                 0x081002a1   Thumb Code     0  entry5.o(.ARM.Collect$$$$00000004)
    _main_clock                              0x081002a1   Thumb Code     0  entry7b.o(.ARM.Collect$$$$00000008)
    _main_cpp_init                           0x081002a1   Thumb Code     0  entry8b.o(.ARM.Collect$$$$0000000A)
    _main_init                               0x081002a1   Thumb Code     0  entry9a.o(.ARM.Collect$$$$0000000B)
    __rt_final_cpp                           0x081002a9   Thumb Code     0  entry10a.o(.ARM.Collect$$$$0000000D)
    __rt_final_exit                          0x081002a9   Thumb Code     0  entry11a.o(.ARM.Collect$$$$0000000F)
    Reset_Handler                            0x081002ad   Thumb Code     8  startup_stm32h747xx_cm4.o(.text)
    ADC3_IRQHandler                          0x081002c7   Thumb Code     0  startup_stm32h747xx_cm4.o(.text)
    ADC_IRQHandler                           0x081002c7   Thumb Code     0  startup_stm32h747xx_cm4.o(.text)
    BDMA_Channel0_IRQHandler                 0x081002c7   Thumb Code     0  startup_stm32h747xx_cm4.o(.text)
    BDMA_Channel1_IRQHandler                 0x081002c7   Thumb Code     0  startup_stm32h747xx_cm4.o(.text)
    BDMA_Channel2_IRQHandler                 0x081002c7   Thumb Code     0  startup_stm32h747xx_cm4.o(.text)
    BDMA_Channel3_IRQHandler                 0x081002c7   Thumb Code     0  startup_stm32h747xx_cm4.o(.text)
    BDMA_Channel4_IRQHandler                 0x081002c7   Thumb Code     0  startup_stm32h747xx_cm4.o(.text)
    BDMA_Channel5_IRQHandler                 0x081002c7   Thumb Code     0  startup_stm32h747xx_cm4.o(.text)
    BDMA_Channel6_IRQHandler                 0x081002c7   Thumb Code     0  startup_stm32h747xx_cm4.o(.text)
    BDMA_Channel7_IRQHandler                 0x081002c7   Thumb Code     0  startup_stm32h747xx_cm4.o(.text)
    CEC_IRQHandler                           0x081002c7   Thumb Code     0  startup_stm32h747xx_cm4.o(.text)
    CM4_SEV_IRQHandler                       0x081002c7   Thumb Code     0  startup_stm32h747xx_cm4.o(.text)
    CM7_SEV_IRQHandler                       0x081002c7   Thumb Code     0  startup_stm32h747xx_cm4.o(.text)
    COMP1_IRQHandler                         0x081002c7   Thumb Code     0  startup_stm32h747xx_cm4.o(.text)
    CRS_IRQHandler                           0x081002c7   Thumb Code     0  startup_stm32h747xx_cm4.o(.text)
    DCMI_IRQHandler                          0x081002c7   Thumb Code     0  startup_stm32h747xx_cm4.o(.text)
    DFSDM1_FLT0_IRQHandler                   0x081002c7   Thumb Code     0  startup_stm32h747xx_cm4.o(.text)
    DFSDM1_FLT1_IRQHandler                   0x081002c7   Thumb Code     0  startup_stm32h747xx_cm4.o(.text)
    DFSDM1_FLT2_IRQHandler                   0x081002c7   Thumb Code     0  startup_stm32h747xx_cm4.o(.text)
    DFSDM1_FLT3_IRQHandler                   0x081002c7   Thumb Code     0  startup_stm32h747xx_cm4.o(.text)
    DMA1_Stream0_IRQHandler                  0x081002c7   Thumb Code     0  startup_stm32h747xx_cm4.o(.text)
    DMA1_Stream1_IRQHandler                  0x081002c7   Thumb Code     0  startup_stm32h747xx_cm4.o(.text)
    DMA1_Stream2_IRQHandler                  0x081002c7   Thumb Code     0  startup_stm32h747xx_cm4.o(.text)
    DMA1_Stream3_IRQHandler                  0x081002c7   Thumb Code     0  startup_stm32h747xx_cm4.o(.text)
    DMA1_Stream4_IRQHandler                  0x081002c7   Thumb Code     0  startup_stm32h747xx_cm4.o(.text)
    DMA1_Stream5_IRQHandler                  0x081002c7   Thumb Code     0  startup_stm32h747xx_cm4.o(.text)
    DMA1_Stream6_IRQHandler                  0x081002c7   Thumb Code     0  startup_stm32h747xx_cm4.o(.text)
    DMA1_Stream7_IRQHandler                  0x081002c7   Thumb Code     0  startup_stm32h747xx_cm4.o(.text)
    DMA2D_IRQHandler                         0x081002c7   Thumb Code     0  startup_stm32h747xx_cm4.o(.text)
    DMA2_Stream0_IRQHandler                  0x081002c7   Thumb Code     0  startup_stm32h747xx_cm4.o(.text)
    DMA2_Stream1_IRQHandler                  0x081002c7   Thumb Code     0  startup_stm32h747xx_cm4.o(.text)
    DMA2_Stream2_IRQHandler                  0x081002c7   Thumb Code     0  startup_stm32h747xx_cm4.o(.text)
    DMA2_Stream3_IRQHandler                  0x081002c7   Thumb Code     0  startup_stm32h747xx_cm4.o(.text)
    DMA2_Stream4_IRQHandler                  0x081002c7   Thumb Code     0  startup_stm32h747xx_cm4.o(.text)
    DMA2_Stream5_IRQHandler                  0x081002c7   Thumb Code     0  startup_stm32h747xx_cm4.o(.text)
    DMA2_Stream6_IRQHandler                  0x081002c7   Thumb Code     0  startup_stm32h747xx_cm4.o(.text)
    DMA2_Stream7_IRQHandler                  0x081002c7   Thumb Code     0  startup_stm32h747xx_cm4.o(.text)
    DMAMUX1_OVR_IRQHandler                   0x081002c7   Thumb Code     0  startup_stm32h747xx_cm4.o(.text)
    DMAMUX2_OVR_IRQHandler                   0x081002c7   Thumb Code     0  startup_stm32h747xx_cm4.o(.text)
    DSI_IRQHandler                           0x081002c7   Thumb Code     0  startup_stm32h747xx_cm4.o(.text)
    ECC_IRQHandler                           0x081002c7   Thumb Code     0  startup_stm32h747xx_cm4.o(.text)
    ETH_WKUP_IRQHandler                      0x081002c7   Thumb Code     0  startup_stm32h747xx_cm4.o(.text)
    EXTI0_IRQHandler                         0x081002c7   Thumb Code     0  startup_stm32h747xx_cm4.o(.text)
    EXTI15_10_IRQHandler                     0x081002c7   Thumb Code     0  startup_stm32h747xx_cm4.o(.text)
    EXTI1_IRQHandler                         0x081002c7   Thumb Code     0  startup_stm32h747xx_cm4.o(.text)
    EXTI2_IRQHandler                         0x081002c7   Thumb Code     0  startup_stm32h747xx_cm4.o(.text)
    EXTI3_IRQHandler                         0x081002c7   Thumb Code     0  startup_stm32h747xx_cm4.o(.text)
    EXTI4_IRQHandler                         0x081002c7   Thumb Code     0  startup_stm32h747xx_cm4.o(.text)
    EXTI9_5_IRQHandler                       0x081002c7   Thumb Code     0  startup_stm32h747xx_cm4.o(.text)
    FDCAN1_IT0_IRQHandler                    0x081002c7   Thumb Code     0  startup_stm32h747xx_cm4.o(.text)
    FDCAN1_IT1_IRQHandler                    0x081002c7   Thumb Code     0  startup_stm32h747xx_cm4.o(.text)
    FDCAN2_IT0_IRQHandler                    0x081002c7   Thumb Code     0  startup_stm32h747xx_cm4.o(.text)
    FDCAN2_IT1_IRQHandler                    0x081002c7   Thumb Code     0  startup_stm32h747xx_cm4.o(.text)
    FDCAN_CAL_IRQHandler                     0x081002c7   Thumb Code     0  startup_stm32h747xx_cm4.o(.text)
    FLASH_IRQHandler                         0x081002c7   Thumb Code     0  startup_stm32h747xx_cm4.o(.text)
    FMC_IRQHandler                           0x081002c7   Thumb Code     0  startup_stm32h747xx_cm4.o(.text)
    FPU_IRQHandler                           0x081002c7   Thumb Code     0  startup_stm32h747xx_cm4.o(.text)
    HOLD_CORE_IRQHandler                     0x081002c7   Thumb Code     0  startup_stm32h747xx_cm4.o(.text)
    HRTIM1_FLT_IRQHandler                    0x081002c7   Thumb Code     0  startup_stm32h747xx_cm4.o(.text)
    HRTIM1_Master_IRQHandler                 0x081002c7   Thumb Code     0  startup_stm32h747xx_cm4.o(.text)
    HRTIM1_TIMA_IRQHandler                   0x081002c7   Thumb Code     0  startup_stm32h747xx_cm4.o(.text)
    HRTIM1_TIMB_IRQHandler                   0x081002c7   Thumb Code     0  startup_stm32h747xx_cm4.o(.text)
    HRTIM1_TIMC_IRQHandler                   0x081002c7   Thumb Code     0  startup_stm32h747xx_cm4.o(.text)
    HRTIM1_TIMD_IRQHandler                   0x081002c7   Thumb Code     0  startup_stm32h747xx_cm4.o(.text)
    HRTIM1_TIME_IRQHandler                   0x081002c7   Thumb Code     0  startup_stm32h747xx_cm4.o(.text)
    HSEM1_IRQHandler                         0x081002c7   Thumb Code     0  startup_stm32h747xx_cm4.o(.text)
    HSEM2_IRQHandler                         0x081002c7   Thumb Code     0  startup_stm32h747xx_cm4.o(.text)
    I2C1_ER_IRQHandler                       0x081002c7   Thumb Code     0  startup_stm32h747xx_cm4.o(.text)
    I2C1_EV_IRQHandler                       0x081002c7   Thumb Code     0  startup_stm32h747xx_cm4.o(.text)
    I2C2_ER_IRQHandler                       0x081002c7   Thumb Code     0  startup_stm32h747xx_cm4.o(.text)
    I2C2_EV_IRQHandler                       0x081002c7   Thumb Code     0  startup_stm32h747xx_cm4.o(.text)
    I2C3_ER_IRQHandler                       0x081002c7   Thumb Code     0  startup_stm32h747xx_cm4.o(.text)
    I2C3_EV_IRQHandler                       0x081002c7   Thumb Code     0  startup_stm32h747xx_cm4.o(.text)
    I2C4_ER_IRQHandler                       0x081002c7   Thumb Code     0  startup_stm32h747xx_cm4.o(.text)
    I2C4_EV_IRQHandler                       0x081002c7   Thumb Code     0  startup_stm32h747xx_cm4.o(.text)
    JPEG_IRQHandler                          0x081002c7   Thumb Code     0  startup_stm32h747xx_cm4.o(.text)
    LPTIM1_IRQHandler                        0x081002c7   Thumb Code     0  startup_stm32h747xx_cm4.o(.text)
    LPTIM2_IRQHandler                        0x081002c7   Thumb Code     0  startup_stm32h747xx_cm4.o(.text)
    LPTIM3_IRQHandler                        0x081002c7   Thumb Code     0  startup_stm32h747xx_cm4.o(.text)
    LPTIM4_IRQHandler                        0x081002c7   Thumb Code     0  startup_stm32h747xx_cm4.o(.text)
    LPTIM5_IRQHandler                        0x081002c7   Thumb Code     0  startup_stm32h747xx_cm4.o(.text)
    LPUART1_IRQHandler                       0x081002c7   Thumb Code     0  startup_stm32h747xx_cm4.o(.text)
    LTDC_ER_IRQHandler                       0x081002c7   Thumb Code     0  startup_stm32h747xx_cm4.o(.text)
    LTDC_IRQHandler                          0x081002c7   Thumb Code     0  startup_stm32h747xx_cm4.o(.text)
    MDIOS_IRQHandler                         0x081002c7   Thumb Code     0  startup_stm32h747xx_cm4.o(.text)
    MDIOS_WKUP_IRQHandler                    0x081002c7   Thumb Code     0  startup_stm32h747xx_cm4.o(.text)
    MDMA_IRQHandler                          0x081002c7   Thumb Code     0  startup_stm32h747xx_cm4.o(.text)
    OTG_FS_EP1_IN_IRQHandler                 0x081002c7   Thumb Code     0  startup_stm32h747xx_cm4.o(.text)
    OTG_FS_EP1_OUT_IRQHandler                0x081002c7   Thumb Code     0  startup_stm32h747xx_cm4.o(.text)
    OTG_FS_IRQHandler                        0x081002c7   Thumb Code     0  startup_stm32h747xx_cm4.o(.text)
    OTG_FS_WKUP_IRQHandler                   0x081002c7   Thumb Code     0  startup_stm32h747xx_cm4.o(.text)
    OTG_HS_EP1_IN_IRQHandler                 0x081002c7   Thumb Code     0  startup_stm32h747xx_cm4.o(.text)
    OTG_HS_EP1_OUT_IRQHandler                0x081002c7   Thumb Code     0  startup_stm32h747xx_cm4.o(.text)
    OTG_HS_IRQHandler                        0x081002c7   Thumb Code     0  startup_stm32h747xx_cm4.o(.text)
    OTG_HS_WKUP_IRQHandler                   0x081002c7   Thumb Code     0  startup_stm32h747xx_cm4.o(.text)
    PVD_AVD_IRQHandler                       0x081002c7   Thumb Code     0  startup_stm32h747xx_cm4.o(.text)
    QUADSPI_IRQHandler                       0x081002c7   Thumb Code     0  startup_stm32h747xx_cm4.o(.text)
    RCC_IRQHandler                           0x081002c7   Thumb Code     0  startup_stm32h747xx_cm4.o(.text)
    RNG_IRQHandler                           0x081002c7   Thumb Code     0  startup_stm32h747xx_cm4.o(.text)
    RTC_Alarm_IRQHandler                     0x081002c7   Thumb Code     0  startup_stm32h747xx_cm4.o(.text)
    RTC_WKUP_IRQHandler                      0x081002c7   Thumb Code     0  startup_stm32h747xx_cm4.o(.text)
    SAI1_IRQHandler                          0x081002c7   Thumb Code     0  startup_stm32h747xx_cm4.o(.text)
    SAI2_IRQHandler                          0x081002c7   Thumb Code     0  startup_stm32h747xx_cm4.o(.text)
    SAI3_IRQHandler                          0x081002c7   Thumb Code     0  startup_stm32h747xx_cm4.o(.text)
    SAI4_IRQHandler                          0x081002c7   Thumb Code     0  startup_stm32h747xx_cm4.o(.text)
    SDMMC1_IRQHandler                        0x081002c7   Thumb Code     0  startup_stm32h747xx_cm4.o(.text)
    SDMMC2_IRQHandler                        0x081002c7   Thumb Code     0  startup_stm32h747xx_cm4.o(.text)
    SPDIF_RX_IRQHandler                      0x081002c7   Thumb Code     0  startup_stm32h747xx_cm4.o(.text)
    SPI1_IRQHandler                          0x081002c7   Thumb Code     0  startup_stm32h747xx_cm4.o(.text)
    SPI2_IRQHandler                          0x081002c7   Thumb Code     0  startup_stm32h747xx_cm4.o(.text)
    SPI3_IRQHandler                          0x081002c7   Thumb Code     0  startup_stm32h747xx_cm4.o(.text)
    SPI4_IRQHandler                          0x081002c7   Thumb Code     0  startup_stm32h747xx_cm4.o(.text)
    SPI5_IRQHandler                          0x081002c7   Thumb Code     0  startup_stm32h747xx_cm4.o(.text)
    SPI6_IRQHandler                          0x081002c7   Thumb Code     0  startup_stm32h747xx_cm4.o(.text)
    SWPMI1_IRQHandler                        0x081002c7   Thumb Code     0  startup_stm32h747xx_cm4.o(.text)
    TAMP_STAMP_IRQHandler                    0x081002c7   Thumb Code     0  startup_stm32h747xx_cm4.o(.text)
    TIM15_IRQHandler                         0x081002c7   Thumb Code     0  startup_stm32h747xx_cm4.o(.text)
    TIM16_IRQHandler                         0x081002c7   Thumb Code     0  startup_stm32h747xx_cm4.o(.text)
    TIM17_IRQHandler                         0x081002c7   Thumb Code     0  startup_stm32h747xx_cm4.o(.text)
    TIM1_BRK_IRQHandler                      0x081002c7   Thumb Code     0  startup_stm32h747xx_cm4.o(.text)
    TIM1_CC_IRQHandler                       0x081002c7   Thumb Code     0  startup_stm32h747xx_cm4.o(.text)
    TIM1_TRG_COM_IRQHandler                  0x081002c7   Thumb Code     0  startup_stm32h747xx_cm4.o(.text)
    TIM1_UP_IRQHandler                       0x081002c7   Thumb Code     0  startup_stm32h747xx_cm4.o(.text)
    TIM2_IRQHandler                          0x081002c7   Thumb Code     0  startup_stm32h747xx_cm4.o(.text)
    TIM3_IRQHandler                          0x081002c7   Thumb Code     0  startup_stm32h747xx_cm4.o(.text)
    TIM4_IRQHandler                          0x081002c7   Thumb Code     0  startup_stm32h747xx_cm4.o(.text)
    TIM5_IRQHandler                          0x081002c7   Thumb Code     0  startup_stm32h747xx_cm4.o(.text)
    TIM6_DAC_IRQHandler                      0x081002c7   Thumb Code     0  startup_stm32h747xx_cm4.o(.text)
    TIM7_IRQHandler                          0x081002c7   Thumb Code     0  startup_stm32h747xx_cm4.o(.text)
    TIM8_BRK_TIM12_IRQHandler                0x081002c7   Thumb Code     0  startup_stm32h747xx_cm4.o(.text)
    TIM8_CC_IRQHandler                       0x081002c7   Thumb Code     0  startup_stm32h747xx_cm4.o(.text)
    TIM8_TRG_COM_TIM14_IRQHandler            0x081002c7   Thumb Code     0  startup_stm32h747xx_cm4.o(.text)
    TIM8_UP_TIM13_IRQHandler                 0x081002c7   Thumb Code     0  startup_stm32h747xx_cm4.o(.text)
    UART4_IRQHandler                         0x081002c7   Thumb Code     0  startup_stm32h747xx_cm4.o(.text)
    UART5_IRQHandler                         0x081002c7   Thumb Code     0  startup_stm32h747xx_cm4.o(.text)
    UART7_IRQHandler                         0x081002c7   Thumb Code     0  startup_stm32h747xx_cm4.o(.text)
    UART8_IRQHandler                         0x081002c7   Thumb Code     0  startup_stm32h747xx_cm4.o(.text)
    USART1_IRQHandler                        0x081002c7   Thumb Code     0  startup_stm32h747xx_cm4.o(.text)
    USART2_IRQHandler                        0x081002c7   Thumb Code     0  startup_stm32h747xx_cm4.o(.text)
    USART3_IRQHandler                        0x081002c7   Thumb Code     0  startup_stm32h747xx_cm4.o(.text)
    USART6_IRQHandler                        0x081002c7   Thumb Code     0  startup_stm32h747xx_cm4.o(.text)
    WAKEUP_PIN_IRQHandler                    0x081002c7   Thumb Code     0  startup_stm32h747xx_cm4.o(.text)
    WWDG_IRQHandler                          0x081002c7   Thumb Code     0  startup_stm32h747xx_cm4.o(.text)
    WWDG_RST_IRQHandler                      0x081002c7   Thumb Code     0  startup_stm32h747xx_cm4.o(.text)
    __aeabi_memcpy                           0x081002d1   Thumb Code    36  memcpya.o(.text)
    __aeabi_memcpy4                          0x081002d1   Thumb Code     0  memcpya.o(.text)
    __aeabi_memcpy8                          0x081002d1   Thumb Code     0  memcpya.o(.text)
    __aeabi_memset                           0x081002f5   Thumb Code    14  memseta.o(.text)
    __aeabi_memset4                          0x081002f5   Thumb Code     0  memseta.o(.text)
    __aeabi_memset8                          0x081002f5   Thumb Code     0  memseta.o(.text)
    __aeabi_memclr                           0x08100303   Thumb Code     4  memseta.o(.text)
    __aeabi_memclr4                          0x08100303   Thumb Code     0  memseta.o(.text)
    __aeabi_memclr8                          0x08100303   Thumb Code     0  memseta.o(.text)
    _memset$wrapper                          0x08100307   Thumb Code    18  memseta.o(.text)
    memcmp                                   0x08100319   Thumb Code    26  memcmp.o(.text)
    __aeabi_uidiv                            0x08100333   Thumb Code     0  uidiv.o(.text)
    __aeabi_uidivmod                         0x08100333   Thumb Code    44  uidiv.o(.text)
    __scatterload                            0x08100361   Thumb Code    28  init.o(.text)
    __scatterload_rt2                        0x08100361   Thumb Code     0  init.o(.text)
    BusFault_Handler                         0x08100385   Thumb Code     2  stm32h7xx_it.o(i.BusFault_Handler)
    __I$use$semihosting$fputc                0x08100385   Thumb Code     0  iusesemip.o(.text)
    __semihosting_library_function           0x08100385   Thumb Code     0  semi.o(.text)
    DebugMon_Handler                         0x08100387   Thumb Code     2  stm32h7xx_it.o(i.DebugMon_Handler)
    ETH_IRQHandler                           0x08100389   Thumb Code     6  stm32h7xx_it.o(i.ETH_IRQHandler)
    ETH_PHY_IO_DeInit                        0x0810046d   Thumb Code     4  ethernetif.o(i.ETH_PHY_IO_DeInit)
    ETH_PHY_IO_GetTick                       0x08100471   Thumb Code     4  ethernetif.o(i.ETH_PHY_IO_GetTick)
    ETH_PHY_IO_Init                          0x08100475   Thumb Code    12  ethernetif.o(i.ETH_PHY_IO_Init)
    ETH_PHY_IO_ReadReg                       0x08100485   Thumb Code    24  ethernetif.o(i.ETH_PHY_IO_ReadReg)
    ETH_PHY_IO_WriteReg                      0x081004a1   Thumb Code    24  ethernetif.o(i.ETH_PHY_IO_WriteReg)
    Error_Handler                            0x08100a05   Thumb Code     2  main.o(i.Error_Handler)
    HAL_ETH_BuildRxDescriptors               0x08100a07   Thumb Code   118  stm32h7xx_hal_eth.o(i.HAL_ETH_BuildRxDescriptors)
    HAL_ETH_DMAErrorCallback                 0x08100a7d   Thumb Code     2  stm32h7xx_hal_eth.o(i.HAL_ETH_DMAErrorCallback)
    HAL_ETH_DescAssignMemory                 0x08100a7f   Thumb Code    60  stm32h7xx_hal_eth.o(i.HAL_ETH_DescAssignMemory)
    HAL_ETH_EEECallback                      0x08100abb   Thumb Code     2  stm32h7xx_hal_eth.o(i.HAL_ETH_EEECallback)
    HAL_ETH_GetMACConfig                     0x08100abd   Thumb Code   460  stm32h7xx_hal_eth.o(i.HAL_ETH_GetMACConfig)
    HAL_ETH_GetRxDataBuffer                  0x08100c89   Thumb Code   152  stm32h7xx_hal_eth.o(i.HAL_ETH_GetRxDataBuffer)
    HAL_ETH_GetRxDataLength                  0x08100d21   Thumb Code    52  stm32h7xx_hal_eth.o(i.HAL_ETH_GetRxDataLength)
    HAL_ETH_IRQHandler                       0x08100d55   Thumb Code   318  stm32h7xx_hal_eth.o(i.HAL_ETH_IRQHandler)
    HAL_ETH_Init                             0x08100e95   Thumb Code   474  stm32h7xx_hal_eth.o(i.HAL_ETH_Init)
    HAL_ETH_IsRxDataAvailable                0x08101099   Thumb Code   206  stm32h7xx_hal_eth.o(i.HAL_ETH_IsRxDataAvailable)
    HAL_ETH_MACErrorCallback                 0x08101167   Thumb Code     2  stm32h7xx_hal_eth.o(i.HAL_ETH_MACErrorCallback)
    HAL_ETH_MspInit                          0x08101169   Thumb Code   212  ethernetif.o(i.HAL_ETH_MspInit)
    HAL_ETH_PMTCallback                      0x08101251   Thumb Code     2  stm32h7xx_hal_eth.o(i.HAL_ETH_PMTCallback)
    HAL_ETH_ReadPHYRegister                  0x08101255   Thumb Code   100  stm32h7xx_hal_eth.o(i.HAL_ETH_ReadPHYRegister)
    HAL_ETH_RxCpltCallback                   0x081012b9   Thumb Code     2  stm32h7xx_hal_eth.o(i.HAL_ETH_RxCpltCallback)
    HAL_ETH_SetMACConfig                     0x081012bb   Thumb Code    22  stm32h7xx_hal_eth.o(i.HAL_ETH_SetMACConfig)
    HAL_ETH_SetMDIOClockRange                0x081012d1   Thumb Code    88  stm32h7xx_hal_eth.o(i.HAL_ETH_SetMDIOClockRange)
    HAL_ETH_Start                            0x08101349   Thumb Code   114  stm32h7xx_hal_eth.o(i.HAL_ETH_Start)
    HAL_ETH_Stop                             0x081013bb   Thumb Code    92  stm32h7xx_hal_eth.o(i.HAL_ETH_Stop)
    HAL_ETH_Transmit                         0x08101417   Thumb Code   182  stm32h7xx_hal_eth.o(i.HAL_ETH_Transmit)
    HAL_ETH_TxCpltCallback                   0x081014cd   Thumb Code     2  stm32h7xx_hal_eth.o(i.HAL_ETH_TxCpltCallback)
    HAL_ETH_WakeUpCallback                   0x081014cf   Thumb Code     2  stm32h7xx_hal_eth.o(i.HAL_ETH_WakeUpCallback)
    HAL_ETH_WritePHYRegister                 0x081014d1   Thumb Code    94  stm32h7xx_hal_eth.o(i.HAL_ETH_WritePHYRegister)
    HAL_GPIO_Init                            0x08101535   Thumb Code   540  stm32h7xx_hal_gpio.o(i.HAL_GPIO_Init)
    HAL_GetCurrentCPUID                      0x08101781   Thumb Code    20  stm32h7xx_hal_cortex.o(i.HAL_GetCurrentCPUID)
    HAL_GetTick                              0x08101799   Thumb Code     6  stm32h7xx_hal.o(i.HAL_GetTick)
    HAL_HSEM_ActivateNotification            0x081017a5   Thumb Code    10  stm32h7xx_hal_hsem.o(i.HAL_HSEM_ActivateNotification)
    HAL_IncTick                              0x081017b5   Thumb Code    12  stm32h7xx_hal.o(i.HAL_IncTick)
    HAL_Init                                 0x081017c5   Thumb Code   114  stm32h7xx_hal.o(i.HAL_Init)
    HAL_InitTick                             0x08101851   Thumb Code    56  stm32h7xx_hal.o(i.HAL_InitTick)
    HAL_MspInit                              0x08101891   Thumb Code    22  stm32h7xx_hal_msp.o(i.HAL_MspInit)
    HAL_NVIC_EnableIRQ                       0x081018ad   Thumb Code    26  stm32h7xx_hal_cortex.o(i.HAL_NVIC_EnableIRQ)
    HAL_NVIC_SetPriority                     0x081018c9   Thumb Code    60  stm32h7xx_hal_cortex.o(i.HAL_NVIC_SetPriority)
    HAL_NVIC_SetPriorityGrouping             0x08101909   Thumb Code    26  stm32h7xx_hal_cortex.o(i.HAL_NVIC_SetPriorityGrouping)
    HAL_PWREx_ClearPendingEvent              0x0810192d   Thumb Code    16  stm32h7xx_hal_pwr_ex.o(i.HAL_PWREx_ClearPendingEvent)
    HAL_PWREx_EnterSTOPMode                  0x0810193d   Thumb Code   108  stm32h7xx_hal_pwr_ex.o(i.HAL_PWREx_EnterSTOPMode)
    HAL_RCC_GetHCLKFreq                      0x081019b1   Thumb Code    48  stm32h7xx_hal_rcc.o(i.HAL_RCC_GetHCLKFreq)
    HAL_RCC_GetSysClockFreq                  0x081019f1   Thumb Code   270  stm32h7xx_hal_rcc.o(i.HAL_RCC_GetSysClockFreq)
    HAL_SYSCFG_ETHInterfaceSelect            0x08101b21   Thumb Code    14  stm32h7xx_hal.o(i.HAL_SYSCFG_ETHInterfaceSelect)
    HAL_SYSTICK_Config                       0x08101b35   Thumb Code    40  stm32h7xx_hal_cortex.o(i.HAL_SYSTICK_Config)
    HardFault_Handler                        0x08101b5d   Thumb Code     2  stm32h7xx_it.o(i.HardFault_Handler)
    LAN8742_GetLinkState                     0x08101b5f   Thumb Code   148  lan8742.o(i.LAN8742_GetLinkState)
    LAN8742_Init                             0x08101bf3   Thumb Code   204  lan8742.o(i.LAN8742_Init)
    LAN8742_RegisterBusIO                    0x08101cbf   Thumb Code    44  lan8742.o(i.LAN8742_RegisterBusIO)
    MX_LWIP_Init                             0x08101ced   Thumb Code   190  lwip.o(i.MX_LWIP_Init)
    MX_LWIP_Process                          0x08101dbd   Thumb Code    16  lwip.o(i.MX_LWIP_Process)
    MemManage_Handler                        0x08101dd1   Thumb Code     2  stm32h7xx_it.o(i.MemManage_Handler)
    NMI_Handler                              0x08101dd3   Thumb Code     2  stm32h7xx_it.o(i.NMI_Handler)
    PendSV_Handler                           0x08101dd5   Thumb Code     2  stm32h7xx_it.o(i.PendSV_Handler)
    SVC_Handler                              0x08101dd7   Thumb Code     2  stm32h7xx_it.o(i.SVC_Handler)
    SysTick_Handler                          0x08101dd9   Thumb Code     4  stm32h7xx_it.o(i.SysTick_Handler)
    SystemInit                               0x08101ddd   Thumb Code    34  system_stm32h7xx_dualcore_boot_cm4_cm7.o(i.SystemInit)
    UsageFault_Handler                       0x08101e05   Thumb Code     2  stm32h7xx_it.o(i.UsageFault_Handler)
    __0printf$3                              0x08101e09   Thumb Code    22  printf3.o(i.__0printf$3)
    __1printf$3                              0x08101e09   Thumb Code     0  printf3.o(i.__0printf$3)
    __2printf                                0x08101e09   Thumb Code     0  printf3.o(i.__0printf$3)
    __scatterload_copy                       0x08101e49   Thumb Code    14  handlers.o(i.__scatterload_copy)
    __scatterload_null                       0x08101e57   Thumb Code     2  handlers.o(i.__scatterload_null)
    __scatterload_zeroinit                   0x08101e59   Thumb Code    14  handlers.o(i.__scatterload_zeroinit)
    etharp_cleanup_netif                     0x0810217d   Thumb Code    42  etharp.o(i.etharp_cleanup_netif)
    etharp_input                             0x08102429   Thumb Code   148  etharp.o(i.etharp_input)
    etharp_output                            0x0810252d   Thumb Code   274  etharp.o(i.etharp_output)
    etharp_query                             0x081027e9   Thumb Code   300  etharp.o(i.etharp_query)
    etharp_request                           0x08102b31   Thumb Code     6  etharp.o(i.etharp_request)
    etharp_tmr                               0x08102b5d   Thumb Code    92  etharp.o(i.etharp_tmr)
    ethernet_input                           0x08102cd9   Thumb Code   154  ethernet.o(i.ethernet_input)
    ethernet_link_check_state                0x08102d79   Thumb Code   134  ethernetif.o(i.ethernet_link_check_state)
    ethernet_output                          0x08102e05   Thumb Code    98  ethernet.o(i.ethernet_output)
    ethernetif_init                          0x08102efd   Thumb Code    50  ethernetif.o(i.ethernetif_init)
    ethernetif_input                         0x08102f89   Thumb Code   106  ethernetif.o(i.ethernetif_input)
    fputc                                    0x08103001   Thumb Code    18  fputc.o(i.fputc)
    icmp_dest_unreach                        0x08103013   Thumb Code     8  icmp.o(i.icmp_dest_unreach)
    icmp_input                               0x0810301d   Thumb Code   274  icmp.o(i.icmp_input)
    icmp_time_exceeded                       0x0810330d   Thumb Code     8  icmp.o(i.icmp_time_exceeded)
    ip4_addr_isbroadcast_u32                 0x08103315   Thumb Code    46  ip4_addr.o(i.ip4_addr_isbroadcast_u32)
    ip4_frag                                 0x08103345   Thumb Code   390  ip4_frag.o(i.ip4_frag)
    ip4_input                                0x08103599   Thumb Code   410  ip4.o(i.ip4_input)
    ip4_output_if                            0x0810373d   Thumb Code    30  ip4.o(i.ip4_output_if)
    ip4_output_if_src                        0x0810375d   Thumb Code   204  ip4.o(i.ip4_output_if_src)
    ip4_reass                                0x081038c9   Thumb Code   430  ip4_frag.o(i.ip4_reass)
    ip4_route                                0x08103a7d   Thumb Code    82  ip4.o(i.ip4_route)
    ip_reass_tmr                             0x08104095   Thumb Code    40  ip4_frag.o(i.ip_reass_tmr)
    lwip_htonl                               0x081042d1   Thumb Code     4  def.o(i.lwip_htonl)
    lwip_htons                               0x081042d5   Thumb Code     4  def.o(i.lwip_htons)
    lwip_init                                0x081042d9   Thumb Code    30  init.o(i.lwip_init)
    main                                     0x081042f9   Thumb Code   132  main.o(i.main)
    mem_free                                 0x08104389   Thumb Code   110  mem.o(i.mem_free)
    mem_init                                 0x081044a5   Thumb Code    36  mem.o(i.mem_init)
    mem_malloc                               0x081044d5   Thumb Code   256  mem.o(i.mem_malloc)
    mem_trim                                 0x081046d1   Thumb Code   240  mem.o(i.mem_trim)
    memp_free                                0x08104855   Thumb Code    34  memp.o(i.memp_free)
    memp_free_pool                           0x081048f1   Thumb Code    26  memp.o(i.memp_free_pool)
    memp_init                                0x08104979   Thumb Code    26  memp.o(i.memp_init)
    memp_init_pool                           0x08104999   Thumb Code    42  memp.o(i.memp_init_pool)
    memp_malloc                              0x081049c5   Thumb Code    38  memp.o(i.memp_malloc)
    memp_malloc_pool                         0x08104a69   Thumb Code    30  memp.o(i.memp_malloc_pool)
    netif_add                                0x08104af5   Thumb Code   102  netif.o(i.netif_add)
    netif_init                               0x08104bd5   Thumb Code     2  netif.o(i.netif_init)
    netif_set_addr                           0x08104bf1   Thumb Code    72  netif.o(i.netif_set_addr)
    netif_set_default                        0x08104c39   Thumb Code     6  netif.o(i.netif_set_default)
    netif_set_down                           0x08104c45   Thumb Code    26  netif.o(i.netif_set_down)
    netif_set_gw                             0x08104c5f   Thumb Code     8  netif.o(i.netif_set_gw)
    netif_set_ipaddr                         0x08104c69   Thumb Code    60  netif.o(i.netif_set_ipaddr)
    netif_set_link_down                      0x08104ca9   Thumb Code    18  netif.o(i.netif_set_link_down)
    netif_set_link_up                        0x08104cbb   Thumb Code    28  netif.o(i.netif_set_link_up)
    netif_set_netmask                        0x08104cd7   Thumb Code     8  netif.o(i.netif_set_netmask)
    netif_set_up                             0x08104cdf   Thumb Code    28  netif.o(i.netif_set_up)
    pbuf_alloc                               0x08104cfd   Thumb Code   480  pbuf.o(i.pbuf_alloc)
    pbuf_alloced_custom                      0x08105079   Thumb Code    98  pbuf.o(i.pbuf_alloced_custom)
    pbuf_cat                                 0x08105159   Thumb Code    96  pbuf.o(i.pbuf_cat)
    pbuf_clen                                0x08105289   Thumb Code    18  pbuf.o(i.pbuf_clen)
    pbuf_copy                                0x0810529d   Thumb Code   242  pbuf.o(i.pbuf_copy)
    pbuf_copy_partial                        0x08105489   Thumb Code   126  pbuf.o(i.pbuf_copy_partial)
    pbuf_free                                0x081055a5   Thumb Code   172  pbuf.o(i.pbuf_free)
    pbuf_free_custom                         0x08105709   Thumb Code     8  ethernetif.o(i.pbuf_free_custom)
    pbuf_free_ooseq                          0x08105715   Thumb Code    34  pbuf.o(i.pbuf_free_ooseq)
    pbuf_header                              0x08105741   Thumb Code     6  pbuf.o(i.pbuf_header)
    pbuf_header_force                        0x08105747   Thumb Code     6  pbuf.o(i.pbuf_header_force)
    pbuf_realloc                             0x08105871   Thumb Code   196  pbuf.o(i.pbuf_realloc)
    pbuf_ref                                 0x08105a09   Thumb Code    32  pbuf.o(i.pbuf_ref)
    sys_check_timeouts                       0x08105c11   Thumb Code    80  timeouts.o(i.sys_check_timeouts)
    sys_now                                  0x08105c69   Thumb Code     4  ethernetif.o(i.sys_now)
    sys_timeout                              0x08105c6d   Thumb Code   158  timeouts.o(i.sys_timeout)
    sys_timeouts_init                        0x08105dad   Thumb Code    38  timeouts.o(i.sys_timeouts_init)
    tcp_abandon                              0x08105de1   Thumb Code   226  tcp.o(i.tcp_abandon)
    tcp_abort                                0x08105f55   Thumb Code     6  tcp.o(i.tcp_abort)
    tcp_alloc                                0x08105f5d   Thumb Code   240  tcp.o(i.tcp_alloc)
    tcp_close                                0x08106059   Thumb Code    20  tcp.o(i.tcp_close)
    tcp_eff_send_mss_impl                    0x081063d9   Thumb Code    34  tcp.o(i.tcp_eff_send_mss_impl)
    tcp_enqueue_flags                        0x081063fd   Thumb Code   260  tcp_out.o(i.tcp_enqueue_flags)
    tcp_fasttmr                              0x08106609   Thumb Code   102  tcp.o(i.tcp_fasttmr)
    tcp_init                                 0x081066a5   Thumb Code     2  tcp.o(i.tcp_init)
    tcp_input                                0x081066a9   Thumb Code  1488  tcp_in.o(i.tcp_input)
    tcp_keepalive                            0x08106cb9   Thumb Code    82  tcp_out.o(i.tcp_keepalive)
    tcp_netif_ip_addr_changed                0x08106f89   Thumb Code    72  tcp.o(i.tcp_netif_ip_addr_changed)
    tcp_next_iss                             0x08106ff9   Thumb Code    12  tcp.o(i.tcp_next_iss)
    tcp_output                               0x08107081   Thumb Code   554  tcp_out.o(i.tcp_output)
    tcp_pcb_purge                            0x08107575   Thumb Code    66  tcp.o(i.tcp_pcb_purge)
    tcp_pcb_remove                           0x081075b9   Thumb Code   140  tcp.o(i.tcp_pcb_remove)
    tcp_process_refused_data                 0x08107b6d   Thumb Code   108  tcp.o(i.tcp_process_refused_data)
    tcp_recv_null                            0x081085f7   Thumb Code    36  tcp.o(i.tcp_recv_null)
    tcp_recved                               0x0810861d   Thumb Code   106  tcp.o(i.tcp_recved)
    tcp_rexmit                               0x0810872d   Thumb Code    86  tcp_out.o(i.tcp_rexmit)
    tcp_rexmit_fast                          0x08108783   Thumb Code    88  tcp_out.o(i.tcp_rexmit_fast)
    tcp_rexmit_rto                           0x081087db   Thumb Code    50  tcp_out.o(i.tcp_rexmit_rto)
    tcp_rst                                  0x0810880d   Thumb Code   148  tcp_out.o(i.tcp_rst)
    tcp_seg_copy                             0x0810892d   Thumb Code    40  tcp.o(i.tcp_seg_copy)
    tcp_seg_free                             0x08108955   Thumb Code    28  tcp.o(i.tcp_seg_free)
    tcp_segs_free                            0x08108971   Thumb Code    18  tcp.o(i.tcp_segs_free)
    tcp_send_empty_ack                       0x08108983   Thumb Code   114  tcp_out.o(i.tcp_send_empty_ack)
    tcp_send_fin                             0x081089f5   Thumb Code    68  tcp_out.o(i.tcp_send_fin)
    tcp_slowtmr                              0x08108a39   Thumb Code   784  tcp.o(i.tcp_slowtmr)
    tcp_timer_needed                         0x08108f11   Thumb Code    36  timeouts.o(i.tcp_timer_needed)
    tcp_tmr                                  0x08108fad   Thumb Code    28  tcp.o(i.tcp_tmr)
    tcp_trigger_input_pcb_close              0x08108fcd   Thumb Code    12  tcp_in.o(i.tcp_trigger_input_pcb_close)
    tcp_update_rcv_ann_wnd                   0x08108fdd   Thumb Code    76  tcp.o(i.tcp_update_rcv_ann_wnd)
    tcp_zero_window_probe                    0x0810909d   Thumb Code   180  tcp_out.o(i.tcp_zero_window_probe)
    udp_init                                 0x08109189   Thumb Code     2  udp.o(i.udp_init)
    udp_input                                0x0810918d   Thumb Code   294  udp.o(i.udp_input)
    udp_netif_ip_addr_changed                0x08109329   Thumb Code    48  udp.o(i.udp_netif_ip_addr_changed)
    memp_RX_POOL                             0x0810935c   Data          12  ethernetif.o(.constdata)
    D1CorePrescTable                         0x08109368   Data          16  system_stm32h7xx_dualcore_boot_cm4_cm7.o(.constdata)
    ethbroadcast                             0x08109378   Data           6  ethernet.o(.constdata)
    ethzero                                  0x0810937e   Data           6  ethernet.o(.constdata)
    memp_UDP_PCB                             0x08109384   Data          12  memp.o(.constdata)
    memp_TCP_PCB                             0x08109390   Data          12  memp.o(.constdata)
    memp_TCP_PCB_LISTEN                      0x0810939c   Data          12  memp.o(.constdata)
    memp_TCP_SEG                             0x081093a8   Data          12  memp.o(.constdata)
    memp_REASSDATA                           0x081093b4   Data          12  memp.o(.constdata)
    memp_FRAG_PBUF                           0x081093c0   Data          12  memp.o(.constdata)
    memp_SYS_TIMEOUT                         0x081093cc   Data          12  memp.o(.constdata)
    memp_PBUF                                0x081093d8   Data          12  memp.o(.constdata)
    memp_PBUF_POOL                           0x081093e4   Data          12  memp.o(.constdata)
    memp_pools                               0x081093f0   Data          36  memp.o(.constdata)
    tcp_pcb_lists                            0x08109458   Data          16  tcp.o(.constdata)
    lwip_cyclic_timers                       0x08109468   Data          24  timeouts.o(.constdata)
    ip_addr_any                              0x08109480   Data           4  ip4_addr.o(.constdata)
    Region$$Table$$Base                      0x08109598   Number         0  anon$$obj.o(Region$$Table)
    Region$$Table$$Limit                     0x081095b8   Number         0  anon$$obj.o(Region$$Table)
    IP_ADDRESS                               0x10000000   Data           4  lwip.o(.data)
    NETMASK_ADDRESS                          0x10000004   Data           4  lwip.o(.data)
    GATEWAY_ADDRESS                          0x10000008   Data           4  lwip.o(.data)
    ipaddr                                   0x1000000c   Data           4  lwip.o(.data)
    netmask                                  0x10000010   Data           4  lwip.o(.data)
    gw                                       0x10000014   Data           4  lwip.o(.data)
    LAN8742_IOCtx                            0x10000018   Data          20  ethernetif.o(.data)
    uwTickFreq                               0x10000030   Data           1  stm32h7xx_hal.o(.data)
    uwTickPrio                               0x10000034   Data           4  stm32h7xx_hal.o(.data)
    uwTick                                   0x10000038   Data           4  stm32h7xx_hal.o(.data)
    SystemCoreClock                          0x1000003c   Data           4  system_stm32h7xx_dualcore_boot_cm4_cm7.o(.data)
    SystemD2Clock                            0x10000040   Data           4  system_stm32h7xx_dualcore_boot_cm4_cm7.o(.data)
    netif_list                               0x10000078   Data           4  netif.o(.data)
    netif_default                            0x1000007c   Data           4  netif.o(.data)
    pbuf_free_ooseq_pending                  0x10000080   Data           1  pbuf.o(.data)
    tcp_active_pcbs_changed                  0x10000084   Data           1  tcp.o(.data)
    tcp_ticks                                0x10000090   Data           4  tcp.o(.data)
    tcp_bound_pcbs                           0x10000094   Data           4  tcp.o(.data)
    tcp_listen_pcbs                          0x10000098   Data           4  tcp.o(.data)
    tcp_active_pcbs                          0x1000009c   Data           4  tcp.o(.data)
    tcp_tw_pcbs                              0x100000a0   Data           4  tcp.o(.data)
    tcp_input_pcb                            0x100000c4   Data           4  tcp_in.o(.data)
    udp_pcbs                                 0x100000d8   Data           4  udp.o(.data)
    __stdout                                 0x100000e8   Data           4  stdout.o(.data)
    gnetif                                   0x100000ec   Data          48  lwip.o(.bss)
    heth                                     0x1000011c   Data         112  ethernetif.o(.bss)
    TxConfig                                 0x1000018c   Data          52  ethernetif.o(.bss)
    LAN8742                                  0x100001c0   Data          32  ethernetif.o(.bss)
    memp_memory_RX_POOL_base                 0x100001e0   Data         203  ethernetif.o(.bss)
    ip_data                                  0x100002ac   Data          24  ip.o(.bss)
    memp_memory_UDP_PCB_base                 0x100002c4   Data         131  memp.o(.bss)
    memp_memory_TCP_PCB_base                 0x10000347   Data         763  memp.o(.bss)
    memp_memory_TCP_PCB_LISTEN_base          0x10000642   Data         227  memp.o(.bss)
    memp_memory_TCP_SEG_base                 0x10000725   Data         259  memp.o(.bss)
    memp_memory_REASSDATA_base               0x10000828   Data         163  memp.o(.bss)
    memp_memory_FRAG_PBUF_base               0x100008cb   Data         363  memp.o(.bss)
    memp_memory_SYS_TIMEOUT_base             0x10000a36   Data          51  memp.o(.bss)
    memp_memory_PBUF_base                    0x10000a69   Data         259  memp.o(.bss)
    memp_memory_PBUF_POOL_base               0x10000b6c   Data        9731  memp.o(.bss)
    __initial_sp                             0x10007270   Data           0  startup_stm32h747xx_cm4.o(STACK)
    DMARxDscrTab                             0x30040000   Data          96  ethernetif.o(.ARM.__AT_0x30040000)
    DMATxDscrTab                             0x30040060   Data          96  ethernetif.o(.ARM.__AT_0x30040060)
    Rx_Buff                                  0x30040200   Data        6144  ethernetif.o(.ARM.__AT_0x30040200)



==============================================================================

Memory Map of the image

  Image Entry point : 0x08100299

  Load Region LR_IROM1 (Base: 0x08100000, Size: 0x000096a4, Max: 0x00100000, ABSOLUTE)

    Execution Region ER_IROM1 (Exec base: 0x08100000, Load base: 0x08100000, Size: 0x000095b8, Max: 0x00100000, ABSOLUTE)

    Exec Addr    Load Addr    Size         Type   Attr      Idx    E Section Name        Object

    0x08100000   0x08100000   0x00000298   Data   RO            3    RESET               startup_stm32h747xx_cm4.o
    0x08100298   0x08100298   0x00000000   Code   RO         6712  * .ARM.Collect$$$$00000000  mc_w.l(entry.o)
    0x08100298   0x08100298   0x00000004   Code   RO         6988    .ARM.Collect$$$$00000001  mc_w.l(entry2.o)
    0x0810029c   0x0810029c   0x00000004   Code   RO         6991    .ARM.Collect$$$$00000004  mc_w.l(entry5.o)
    0x081002a0   0x081002a0   0x00000000   Code   RO         6993    .ARM.Collect$$$$00000008  mc_w.l(entry7b.o)
    0x081002a0   0x081002a0   0x00000000   Code   RO         6995    .ARM.Collect$$$$0000000A  mc_w.l(entry8b.o)
    0x081002a0   0x081002a0   0x00000008   Code   RO         6996    .ARM.Collect$$$$0000000B  mc_w.l(entry9a.o)
    0x081002a8   0x081002a8   0x00000000   Code   RO         6998    .ARM.Collect$$$$0000000D  mc_w.l(entry10a.o)
    0x081002a8   0x081002a8   0x00000000   Code   RO         7000    .ARM.Collect$$$$0000000F  mc_w.l(entry11a.o)
    0x081002a8   0x081002a8   0x00000004   Code   RO         6989    .ARM.Collect$$$$00002712  mc_w.l(entry2.o)
    0x081002ac   0x081002ac   0x00000024   Code   RO            4    .text               startup_stm32h747xx_cm4.o
    0x081002d0   0x081002d0   0x00000024   Code   RO         6715    .text               mc_w.l(memcpya.o)
    0x081002f4   0x081002f4   0x00000024   Code   RO         6717    .text               mc_w.l(memseta.o)
    0x08100318   0x08100318   0x0000001a   Code   RO         6721    .text               mc_w.l(memcmp.o)
    0x08100332   0x08100332   0x0000002c   Code   RO         7005    .text               mc_w.l(uidiv.o)
    0x0810035e   0x0810035e   0x00000002   PAD
    0x08100360   0x08100360   0x00000024   Code   RO         7020    .text               mc_w.l(init.o)
    0x08100384   0x08100384   0x00000000   Code   RO         7022    .text               mc_w.l(semi.o)
    0x08100384   0x08100384   0x00000000   Code   RO         7029    .text               mc_w.l(iusesemip.o)
    0x08100384   0x08100384   0x00000002   Code   RO          454    i.BusFault_Handler  stm32h7xx_it.o
    0x08100386   0x08100386   0x00000002   Code   RO          455    i.DebugMon_Handler  stm32h7xx_it.o
    0x08100388   0x08100388   0x0000000c   Code   RO          456    i.ETH_IRQHandler    stm32h7xx_it.o
    0x08100394   0x08100394   0x000000d8   Code   RO         3202    i.ETH_MACDMAConfig  stm32h7xx_hal_eth.o
    0x0810046c   0x0810046c   0x00000004   Code   RO          322    i.ETH_PHY_IO_DeInit  ethernetif.o
    0x08100470   0x08100470   0x00000004   Code   RO          323    i.ETH_PHY_IO_GetTick  ethernetif.o
    0x08100474   0x08100474   0x00000010   Code   RO          324    i.ETH_PHY_IO_Init   ethernetif.o
    0x08100484   0x08100484   0x0000001c   Code   RO          325    i.ETH_PHY_IO_ReadReg  ethernetif.o
    0x081004a0   0x081004a0   0x0000001c   Code   RO          326    i.ETH_PHY_IO_WriteReg  ethernetif.o
    0x081004bc   0x081004bc   0x00000300   Code   RO         3203    i.ETH_Prepare_Tx_Descriptors  stm32h7xx_hal_eth.o
    0x081007bc   0x081007bc   0x000000a0   Code   RO         3204    i.ETH_SetDMAConfig  stm32h7xx_hal_eth.o
    0x0810085c   0x0810085c   0x000001a8   Code   RO         3205    i.ETH_SetMACConfig  stm32h7xx_hal_eth.o
    0x08100a04   0x08100a04   0x00000002   Code   RO           13    i.Error_Handler     main.o
    0x08100a06   0x08100a06   0x00000076   Code   RO         3206    i.HAL_ETH_BuildRxDescriptors  stm32h7xx_hal_eth.o
    0x08100a7c   0x08100a7c   0x00000002   Code   RO         3207    i.HAL_ETH_DMAErrorCallback  stm32h7xx_hal_eth.o
    0x08100a7e   0x08100a7e   0x0000003c   Code   RO         3209    i.HAL_ETH_DescAssignMemory  stm32h7xx_hal_eth.o
    0x08100aba   0x08100aba   0x00000002   Code   RO         3210    i.HAL_ETH_EEECallback  stm32h7xx_hal_eth.o
    0x08100abc   0x08100abc   0x000001cc   Code   RO         3216    i.HAL_ETH_GetMACConfig  stm32h7xx_hal_eth.o
    0x08100c88   0x08100c88   0x00000098   Code   RO         3220    i.HAL_ETH_GetRxDataBuffer  stm32h7xx_hal_eth.o
    0x08100d20   0x08100d20   0x00000034   Code   RO         3222    i.HAL_ETH_GetRxDataLength  stm32h7xx_hal_eth.o
    0x08100d54   0x08100d54   0x0000013e   Code   RO         3224    i.HAL_ETH_IRQHandler  stm32h7xx_hal_eth.o
    0x08100e92   0x08100e92   0x00000002   PAD
    0x08100e94   0x08100e94   0x00000204   Code   RO         3225    i.HAL_ETH_Init      stm32h7xx_hal_eth.o
    0x08101098   0x08101098   0x000000ce   Code   RO         3226    i.HAL_ETH_IsRxDataAvailable  stm32h7xx_hal_eth.o
    0x08101166   0x08101166   0x00000002   Code   RO         3227    i.HAL_ETH_MACErrorCallback  stm32h7xx_hal_eth.o
    0x08101168   0x08101168   0x000000e8   Code   RO          328    i.HAL_ETH_MspInit   ethernetif.o
    0x08101250   0x08101250   0x00000002   Code   RO         3230    i.HAL_ETH_PMTCallback  stm32h7xx_hal_eth.o
    0x08101252   0x08101252   0x00000002   PAD
    0x08101254   0x08101254   0x00000064   Code   RO         3231    i.HAL_ETH_ReadPHYRegister  stm32h7xx_hal_eth.o
    0x081012b8   0x081012b8   0x00000002   Code   RO         3232    i.HAL_ETH_RxCpltCallback  stm32h7xx_hal_eth.o
    0x081012ba   0x081012ba   0x00000016   Code   RO         3235    i.HAL_ETH_SetMACConfig  stm32h7xx_hal_eth.o
    0x081012d0   0x081012d0   0x00000078   Code   RO         3237    i.HAL_ETH_SetMDIOClockRange  stm32h7xx_hal_eth.o
    0x08101348   0x08101348   0x00000072   Code   RO         3241    i.HAL_ETH_Start     stm32h7xx_hal_eth.o
    0x081013ba   0x081013ba   0x0000005c   Code   RO         3243    i.HAL_ETH_Stop      stm32h7xx_hal_eth.o
    0x08101416   0x08101416   0x000000b6   Code   RO         3245    i.HAL_ETH_Transmit  stm32h7xx_hal_eth.o
    0x081014cc   0x081014cc   0x00000002   Code   RO         3247    i.HAL_ETH_TxCpltCallback  stm32h7xx_hal_eth.o
    0x081014ce   0x081014ce   0x00000002   Code   RO         3248    i.HAL_ETH_WakeUpCallback  stm32h7xx_hal_eth.o
    0x081014d0   0x081014d0   0x00000064   Code   RO         3249    i.HAL_ETH_WritePHYRegister  stm32h7xx_hal_eth.o
    0x08101534   0x08101534   0x0000024c   Code   RO         1328    i.HAL_GPIO_Init     stm32h7xx_hal_gpio.o
    0x08101780   0x08101780   0x00000018   Code   RO          650    i.HAL_GetCurrentCPUID  stm32h7xx_hal_cortex.o
    0x08101798   0x08101798   0x0000000c   Code   RO         2231    i.HAL_GetTick       stm32h7xx_hal.o
    0x081017a4   0x081017a4   0x00000010   Code   RO         1391    i.HAL_HSEM_ActivateNotification  stm32h7xx_hal_hsem.o
    0x081017b4   0x081017b4   0x00000010   Code   RO         2237    i.HAL_IncTick       stm32h7xx_hal.o
    0x081017c4   0x081017c4   0x0000008c   Code   RO         2238    i.HAL_Init          stm32h7xx_hal.o
    0x08101850   0x08101850   0x00000040   Code   RO         2239    i.HAL_InitTick      stm32h7xx_hal.o
    0x08101890   0x08101890   0x0000001c   Code   RO          536    i.HAL_MspInit       stm32h7xx_hal_msp.o
    0x081018ac   0x081018ac   0x0000001a   Code   RO          656    i.HAL_NVIC_EnableIRQ  stm32h7xx_hal_cortex.o
    0x081018c6   0x081018c6   0x00000002   PAD
    0x081018c8   0x081018c8   0x00000040   Code   RO          662    i.HAL_NVIC_SetPriority  stm32h7xx_hal_cortex.o
    0x08101908   0x08101908   0x00000024   Code   RO          663    i.HAL_NVIC_SetPriorityGrouping  stm32h7xx_hal_cortex.o
    0x0810192c   0x0810192c   0x00000010   Code   RO         1926    i.HAL_PWREx_ClearPendingEvent  stm32h7xx_hal_pwr_ex.o
    0x0810193c   0x0810193c   0x00000074   Code   RO         1950    i.HAL_PWREx_EnterSTOPMode  stm32h7xx_hal_pwr_ex.o
    0x081019b0   0x081019b0   0x00000040   Code   RO          833    i.HAL_RCC_GetHCLKFreq  stm32h7xx_hal_rcc.o
    0x081019f0   0x081019f0   0x00000130   Code   RO          837    i.HAL_RCC_GetSysClockFreq  stm32h7xx_hal_rcc.o
    0x08101b20   0x08101b20   0x00000014   Code   RO         2253    i.HAL_SYSCFG_ETHInterfaceSelect  stm32h7xx_hal.o
    0x08101b34   0x08101b34   0x00000028   Code   RO          667    i.HAL_SYSTICK_Config  stm32h7xx_hal_cortex.o
    0x08101b5c   0x08101b5c   0x00000002   Code   RO          457    i.HardFault_Handler  stm32h7xx_it.o
    0x08101b5e   0x08101b5e   0x00000094   Code   RO          566    i.LAN8742_GetLinkState  lan8742.o
    0x08101bf2   0x08101bf2   0x000000cc   Code   RO          567    i.LAN8742_Init      lan8742.o
    0x08101cbe   0x08101cbe   0x0000002c   Code   RO          568    i.LAN8742_RegisterBusIO  lan8742.o
    0x08101cea   0x08101cea   0x00000002   PAD
    0x08101cec   0x08101cec   0x000000d0   Code   RO          258    i.MX_LWIP_Init      lwip.o
    0x08101dbc   0x08101dbc   0x00000014   Code   RO          259    i.MX_LWIP_Process   lwip.o
    0x08101dd0   0x08101dd0   0x00000002   Code   RO          458    i.MemManage_Handler  stm32h7xx_it.o
    0x08101dd2   0x08101dd2   0x00000002   Code   RO          459    i.NMI_Handler       stm32h7xx_it.o
    0x08101dd4   0x08101dd4   0x00000002   Code   RO          460    i.PendSV_Handler    stm32h7xx_it.o
    0x08101dd6   0x08101dd6   0x00000002   Code   RO          461    i.SVC_Handler       stm32h7xx_it.o
    0x08101dd8   0x08101dd8   0x00000004   Code   RO          462    i.SysTick_Handler   stm32h7xx_it.o
    0x08101ddc   0x08101ddc   0x00000028   Code   RO         3643    i.SystemInit        system_stm32h7xx_dualcore_boot_cm4_cm7.o
    0x08101e04   0x08101e04   0x00000002   Code   RO          463    i.UsageFault_Handler  stm32h7xx_it.o
    0x08101e06   0x08101e06   0x00000002   PAD
    0x08101e08   0x08101e08   0x00000020   Code   RO         6816    i.__0printf$3       mc_w.l(printf3.o)
    0x08101e28   0x08101e28   0x00000020   Code   RO          669    i.__NVIC_SetPriority  stm32h7xx_hal_cortex.o
    0x08101e48   0x08101e48   0x0000000e   Code   RO         7034    i.__scatterload_copy  mc_w.l(handlers.o)
    0x08101e56   0x08101e56   0x00000002   Code   RO         7035    i.__scatterload_null  mc_w.l(handlers.o)
    0x08101e58   0x08101e58   0x0000000e   Code   RO         7036    i.__scatterload_zeroinit  mc_w.l(handlers.o)
    0x08101e66   0x08101e66   0x00000002   PAD
    0x08101e68   0x08101e68   0x000001b8   Code   RO         6823    i._printf_core      mc_w.l(printf3.o)
    0x08102020   0x08102020   0x0000001c   Code   RO         5755    i.cyclic_timer      timeouts.o
    0x0810203c   0x0810203c   0x0000009c   Code   RO         4767    i.do_memp_free_pool  memp.o
    0x081020d8   0x081020d8   0x000000a4   Code   RO         4768    i.do_memp_malloc_pool  memp.o
    0x0810217c   0x0810217c   0x00000030   Code   RO         5984    i.etharp_cleanup_netif  etharp.o
    0x081021ac   0x081021ac   0x00000258   Code   RO         5986    i.etharp_find_entry  etharp.o
    0x08102404   0x08102404   0x00000024   Code   RO         5987    i.etharp_free_entry  etharp.o
    0x08102428   0x08102428   0x00000104   Code   RO         5989    i.etharp_input      etharp.o
    0x0810252c   0x0810252c   0x000001ac   Code   RO         5990    i.etharp_output     etharp.o
    0x081026d8   0x081026d8   0x00000110   Code   RO         5991    i.etharp_output_to_arp_index  etharp.o
    0x081027e8   0x081027e8   0x000001d8   Code   RO         5992    i.etharp_query      etharp.o
    0x081029c0   0x081029c0   0x00000170   Code   RO         5993    i.etharp_raw        etharp.o
    0x08102b30   0x08102b30   0x0000000c   Code   RO         5994    i.etharp_request    etharp.o
    0x08102b3c   0x08102b3c   0x00000020   Code   RO         5995    i.etharp_request_dst  etharp.o
    0x08102b5c   0x08102b5c   0x00000060   Code   RO         5996    i.etharp_tmr        etharp.o
    0x08102bbc   0x08102bbc   0x0000011c   Code   RO         5997    i.etharp_update_arp_entry  etharp.o
    0x08102cd8   0x08102cd8   0x000000a0   Code   RO         4117    i.ethernet_input    ethernet.o
    0x08102d78   0x08102d78   0x0000008c   Code   RO          329    i.ethernet_link_check_state  ethernetif.o
    0x08102e04   0x08102e04   0x000000f8   Code   RO         4118    i.ethernet_output   ethernet.o
    0x08102efc   0x08102efc   0x0000008c   Code   RO          330    i.ethernetif_init   ethernetif.o
    0x08102f88   0x08102f88   0x00000078   Code   RO          331    i.ethernetif_input  ethernetif.o
    0x08103000   0x08103000   0x00000012   Code   RO         7002    i.fputc             mc_w.l(fputc.o)
    0x08103012   0x08103012   0x00000008   Code   RO         6084    i.icmp_dest_unreach  icmp.o
    0x0810301a   0x0810301a   0x00000002   PAD
    0x0810301c   0x0810301c   0x000001e4   Code   RO         6085    i.icmp_input        icmp.o
    0x08103200   0x08103200   0x0000010c   Code   RO         6086    i.icmp_send_response  icmp.o
    0x0810330c   0x0810330c   0x00000008   Code   RO         6087    i.icmp_time_exceeded  icmp.o
    0x08103314   0x08103314   0x0000002e   Code   RO         6203    i.ip4_addr_isbroadcast_u32  ip4_addr.o
    0x08103342   0x08103342   0x00000002   PAD
    0x08103344   0x08103344   0x00000254   Code   RO         6269    i.ip4_frag          ip4_frag.o
    0x08103598   0x08103598   0x000001a4   Code   RO         6150    i.ip4_input         ip4.o
    0x0810373c   0x0810373c   0x0000001e   Code   RO         6152    i.ip4_output_if     ip4.o
    0x0810375a   0x0810375a   0x00000002   PAD
    0x0810375c   0x0810375c   0x0000016c   Code   RO         6153    i.ip4_output_if_src  ip4.o
    0x081038c8   0x081038c8   0x000001b4   Code   RO         6270    i.ip4_reass         ip4_frag.o
    0x08103a7c   0x08103a7c   0x0000005c   Code   RO         6154    i.ip4_route         ip4.o
    0x08103ad8   0x08103ad8   0x00000090   Code   RO         6271    i.ip_frag_free_pbuf_custom_ref  ip4_frag.o
    0x08103b68   0x08103b68   0x00000260   Code   RO         6272    i.ip_reass_chain_frag_into_datagram_and_validate  ip4_frag.o
    0x08103dc8   0x08103dc8   0x000000bc   Code   RO         6273    i.ip_reass_dequeue_datagram  ip4_frag.o
    0x08103e84   0x08103e84   0x00000190   Code   RO         6274    i.ip_reass_free_complete_datagram  ip4_frag.o
    0x08104014   0x08104014   0x00000080   Code   RO         6275    i.ip_reass_remove_oldest_datagram  ip4_frag.o
    0x08104094   0x08104094   0x0000002c   Code   RO         6276    i.ip_reass_tmr      ip4_frag.o
    0x081040c0   0x081040c0   0x00000098   Code   RO         6277    i.ipfrag_free_pbuf_custom  ip4_frag.o
    0x08104158   0x08104158   0x00000110   Code   RO          332    i.low_level_init    ethernetif.o
    0x08104268   0x08104268   0x00000068   Code   RO          333    i.low_level_output  ethernetif.o
    0x081042d0   0x081042d0   0x00000004   Code   RO         4441    i.lwip_htonl        def.o
    0x081042d4   0x081042d4   0x00000004   Code   RO         4442    i.lwip_htons        def.o
    0x081042d8   0x081042d8   0x0000001e   Code   RO         4594    i.lwip_init         init.o
    0x081042f6   0x081042f6   0x00000002   PAD
    0x081042f8   0x081042f8   0x00000090   Code   RO           14    i.main              main.o
    0x08104388   0x08104388   0x0000011c   Code   RO         4703    i.mem_free          mem.o
    0x081044a4   0x081044a4   0x00000030   Code   RO         4704    i.mem_init          mem.o
    0x081044d4   0x081044d4   0x000001fc   Code   RO         4705    i.mem_malloc        mem.o
    0x081046d0   0x081046d0   0x00000184   Code   RO         4706    i.mem_trim          mem.o
    0x08104854   0x08104854   0x0000009c   Code   RO         4769    i.memp_free         memp.o
    0x081048f0   0x081048f0   0x00000088   Code   RO         4770    i.memp_free_pool    memp.o
    0x08104978   0x08104978   0x00000020   Code   RO         4771    i.memp_init         memp.o
    0x08104998   0x08104998   0x0000002a   Code   RO         4772    i.memp_init_pool    memp.o
    0x081049c2   0x081049c2   0x00000002   PAD
    0x081049c4   0x081049c4   0x000000a4   Code   RO         4773    i.memp_malloc       memp.o
    0x08104a68   0x08104a68   0x0000008c   Code   RO         4774    i.memp_malloc_pool  memp.o
    0x08104af4   0x08104af4   0x000000e0   Code   RO         4898    i.netif_add         netif.o
    0x08104bd4   0x08104bd4   0x00000002   Code   RO         4900    i.netif_init        netif.o
    0x08104bd6   0x08104bd6   0x0000001a   Code   RO         4902    i.netif_issue_reports  netif.o
    0x08104bf0   0x08104bf0   0x00000048   Code   RO         4904    i.netif_set_addr    netif.o
    0x08104c38   0x08104c38   0x0000000c   Code   RO         4905    i.netif_set_default  netif.o
    0x08104c44   0x08104c44   0x0000001a   Code   RO         4906    i.netif_set_down    netif.o
    0x08104c5e   0x08104c5e   0x00000008   Code   RO         4907    i.netif_set_gw      netif.o
    0x08104c66   0x08104c66   0x00000002   PAD
    0x08104c68   0x08104c68   0x00000040   Code   RO         4908    i.netif_set_ipaddr  netif.o
    0x08104ca8   0x08104ca8   0x00000012   Code   RO         4909    i.netif_set_link_down  netif.o
    0x08104cba   0x08104cba   0x0000001c   Code   RO         4910    i.netif_set_link_up  netif.o
    0x08104cd6   0x08104cd6   0x00000008   Code   RO         4911    i.netif_set_netmask  netif.o
    0x08104cde   0x08104cde   0x0000001c   Code   RO         4912    i.netif_set_up      netif.o
    0x08104cfa   0x08104cfa   0x00000002   PAD
    0x08104cfc   0x08104cfc   0x0000037c   Code   RO         5026    i.pbuf_alloc        pbuf.o
    0x08105078   0x08105078   0x000000e0   Code   RO         5027    i.pbuf_alloced_custom  pbuf.o
    0x08105158   0x08105158   0x00000130   Code   RO         5028    i.pbuf_cat          pbuf.o
    0x08105288   0x08105288   0x00000012   Code   RO         5030    i.pbuf_clen         pbuf.o
    0x0810529a   0x0810529a   0x00000002   PAD
    0x0810529c   0x0810529c   0x000001ec   Code   RO         5032    i.pbuf_copy         pbuf.o
    0x08105488   0x08105488   0x0000011c   Code   RO         5033    i.pbuf_copy_partial  pbuf.o
    0x081055a4   0x081055a4   0x00000164   Code   RO         5035    i.pbuf_free         pbuf.o
    0x08105708   0x08105708   0x0000000c   Code   RO          334    i.pbuf_free_custom  ethernetif.o
    0x08105714   0x08105714   0x0000002c   Code   RO         5036    i.pbuf_free_ooseq   pbuf.o
    0x08105740   0x08105740   0x00000006   Code   RO         5038    i.pbuf_header       pbuf.o
    0x08105746   0x08105746   0x00000006   Code   RO         5039    i.pbuf_header_force  pbuf.o
    0x0810574c   0x0810574c   0x00000124   Code   RO         5040    i.pbuf_header_impl  pbuf.o
    0x08105870   0x08105870   0x00000198   Code   RO         5044    i.pbuf_realloc      pbuf.o
    0x08105a08   0x08105a08   0x0000008c   Code   RO         5045    i.pbuf_ref          pbuf.o
    0x08105a94   0x08105a94   0x0000017c   Code   RO         4707    i.plug_holes        mem.o
    0x08105c10   0x08105c10   0x00000058   Code   RO         5756    i.sys_check_timeouts  timeouts.o
    0x08105c68   0x08105c68   0x00000004   Code   RO          336    i.sys_now           ethernetif.o
    0x08105c6c   0x08105c6c   0x00000140   Code   RO         5758    i.sys_timeout       timeouts.o
    0x08105dac   0x08105dac   0x00000034   Code   RO         5759    i.sys_timeouts_init  timeouts.o
    0x08105de0   0x08105de0   0x00000174   Code   RO         5271    i.tcp_abandon       tcp.o
    0x08105f54   0x08105f54   0x00000006   Code   RO         5272    i.tcp_abort         tcp.o
    0x08105f5a   0x08105f5a   0x00000002   PAD
    0x08105f5c   0x08105f5c   0x000000fc   Code   RO         5275    i.tcp_alloc         tcp.o
    0x08106058   0x08106058   0x00000014   Code   RO         5278    i.tcp_close         tcp.o
    0x0810606c   0x0810606c   0x00000188   Code   RO         5279    i.tcp_close_shutdown  tcp.o
    0x081061f4   0x081061f4   0x000000c4   Code   RO         5280    i.tcp_close_shutdown_fin  tcp.o
    0x081062b8   0x081062b8   0x00000120   Code   RO         5638    i.tcp_create_segment  tcp_out.o
    0x081063d8   0x081063d8   0x00000022   Code   RO         5283    i.tcp_eff_send_mss_impl  tcp.o
    0x081063fa   0x081063fa   0x00000002   PAD
    0x081063fc   0x081063fc   0x0000020c   Code   RO         5639    i.tcp_enqueue_flags  tcp_out.o
    0x08106608   0x08106608   0x0000006c   Code   RO         5285    i.tcp_fasttmr       tcp.o
    0x08106674   0x08106674   0x00000030   Code   RO         5554    i.tcp_getoptbyte    tcp_in.o
    0x081066a4   0x081066a4   0x00000002   Code   RO         5286    i.tcp_init          tcp.o
    0x081066a6   0x081066a6   0x00000002   PAD
    0x081066a8   0x081066a8   0x000005d0   Code   RO         5555    i.tcp_input         tcp_in.o
    0x08106c78   0x08106c78   0x00000040   Code   RO         5556    i.tcp_input_delayed_close  tcp_in.o
    0x08106cb8   0x08106cb8   0x00000052   Code   RO         5640    i.tcp_keepalive     tcp_out.o
    0x08106d0a   0x08106d0a   0x00000002   PAD
    0x08106d0c   0x08106d0c   0x000000bc   Code   RO         5287    i.tcp_kill_state    tcp.o
    0x08106dc8   0x08106dc8   0x000000cc   Code   RO         5288    i.tcp_listen_closed  tcp.o
    0x08106e94   0x08106e94   0x000000f4   Code   RO         5557    i.tcp_listen_input  tcp_in.o
    0x08106f88   0x08106f88   0x0000004c   Code   RO         5291    i.tcp_netif_ip_addr_changed  tcp.o
    0x08106fd4   0x08106fd4   0x00000022   Code   RO         5292    i.tcp_netif_ip_addr_changed_pcblist  tcp.o
    0x08106ff6   0x08106ff6   0x00000002   PAD
    0x08106ff8   0x08106ff8   0x00000010   Code   RO         5296    i.tcp_next_iss      tcp.o
    0x08107008   0x08107008   0x00000078   Code   RO         5558    i.tcp_oos_insert_segment  tcp_in.o
    0x08107080   0x08107080   0x000002cc   Code   RO         5641    i.tcp_output        tcp_out.o
    0x0810734c   0x0810734c   0x0000010c   Code   RO         5642    i.tcp_output_alloc_header  tcp_out.o
    0x08107458   0x08107458   0x000000a8   Code   RO         5643    i.tcp_output_segment  tcp_out.o
    0x08107500   0x08107500   0x00000074   Code   RO         5559    i.tcp_parseopt      tcp_in.o
    0x08107574   0x08107574   0x00000042   Code   RO         5297    i.tcp_pcb_purge     tcp.o
    0x081075b6   0x081075b6   0x00000002   PAD
    0x081075b8   0x081075b8   0x00000130   Code   RO         5298    i.tcp_pcb_remove    tcp.o
    0x081076e8   0x081076e8   0x00000484   Code   RO         5560    i.tcp_process       tcp_in.o
    0x08107b6c   0x08107b6c   0x0000006c   Code   RO         5300    i.tcp_process_refused_data  tcp.o
    0x08107bd8   0x08107bd8   0x00000a1e   Code   RO         5561    i.tcp_receive       tcp_in.o
    0x081085f6   0x081085f6   0x00000024   Code   RO         5302    i.tcp_recv_null     tcp.o
    0x0810861a   0x0810861a   0x00000002   PAD
    0x0810861c   0x0810861c   0x00000110   Code   RO         5303    i.tcp_recved        tcp.o
    0x0810872c   0x0810872c   0x00000056   Code   RO         5645    i.tcp_rexmit        tcp_out.o
    0x08108782   0x08108782   0x00000058   Code   RO         5646    i.tcp_rexmit_fast   tcp_out.o
    0x081087da   0x081087da   0x00000032   Code   RO         5647    i.tcp_rexmit_rto    tcp_out.o
    0x0810880c   0x0810880c   0x00000120   Code   RO         5648    i.tcp_rst           tcp_out.o
    0x0810892c   0x0810892c   0x00000028   Code   RO         5304    i.tcp_seg_copy      tcp.o
    0x08108954   0x08108954   0x0000001c   Code   RO         5305    i.tcp_seg_free      tcp.o
    0x08108970   0x08108970   0x00000012   Code   RO         5306    i.tcp_segs_free     tcp.o
    0x08108982   0x08108982   0x00000072   Code   RO         5649    i.tcp_send_empty_ack  tcp_out.o
    0x081089f4   0x081089f4   0x00000044   Code   RO         5650    i.tcp_send_fin      tcp_out.o
    0x08108a38   0x08108a38   0x000004d8   Code   RO         5310    i.tcp_slowtmr       tcp.o
    0x08108f10   0x08108f10   0x00000034   Code   RO         5762    i.tcp_timer_needed  timeouts.o
    0x08108f44   0x08108f44   0x00000068   Code   RO         5562    i.tcp_timewait_input  tcp_in.o
    0x08108fac   0x08108fac   0x00000020   Code   RO         5311    i.tcp_tmr           tcp.o
    0x08108fcc   0x08108fcc   0x00000010   Code   RO         5563    i.tcp_trigger_input_pcb_close  tcp_in.o
    0x08108fdc   0x08108fdc   0x000000c0   Code   RO         5313    i.tcp_update_rcv_ann_wnd  tcp.o
    0x0810909c   0x0810909c   0x000000b4   Code   RO         5653    i.tcp_zero_window_probe  tcp_out.o
    0x08109150   0x08109150   0x00000038   Code   RO         5763    i.tcpip_tcp_timer   timeouts.o
    0x08109188   0x08109188   0x00000002   Code   RO         5838    i.udp_init          udp.o
    0x0810918a   0x0810918a   0x00000002   PAD
    0x0810918c   0x0810918c   0x0000019c   Code   RO         5839    i.udp_input         udp.o
    0x08109328   0x08109328   0x00000034   Code   RO         5840    i.udp_netif_ip_addr_changed  udp.o
    0x0810935c   0x0810935c   0x0000000c   Data   RO          342    .constdata          ethernetif.o
    0x08109368   0x08109368   0x00000010   Data   RO         3644    .constdata          system_stm32h7xx_dualcore_boot_cm4_cm7.o
    0x08109378   0x08109378   0x00000006   Data   RO         4119    .constdata          ethernet.o
    0x0810937e   0x0810937e   0x00000006   Data   RO         4120    .constdata          ethernet.o
    0x08109384   0x08109384   0x0000000c   Data   RO         4784    .constdata          memp.o
    0x08109390   0x08109390   0x0000000c   Data   RO         4785    .constdata          memp.o
    0x0810939c   0x0810939c   0x0000000c   Data   RO         4786    .constdata          memp.o
    0x081093a8   0x081093a8   0x0000000c   Data   RO         4787    .constdata          memp.o
    0x081093b4   0x081093b4   0x0000000c   Data   RO         4788    .constdata          memp.o
    0x081093c0   0x081093c0   0x0000000c   Data   RO         4789    .constdata          memp.o
    0x081093cc   0x081093cc   0x0000000c   Data   RO         4790    .constdata          memp.o
    0x081093d8   0x081093d8   0x0000000c   Data   RO         4791    .constdata          memp.o
    0x081093e4   0x081093e4   0x0000000c   Data   RO         4792    .constdata          memp.o
    0x081093f0   0x081093f0   0x00000024   Data   RO         4793    .constdata          memp.o
    0x08109414   0x08109414   0x00000054   Data   RO         5314    .constdata          tcp.o
    0x08109468   0x08109468   0x00000018   Data   RO         5764    .constdata          timeouts.o
    0x08109480   0x08109480   0x00000004   Data   RO         6210    .constdata          ip4_addr.o
    0x08109484   0x08109484   0x00000075   Data   RO         5315    .conststring        tcp.o
    0x081094f9   0x081094f9   0x00000003   PAD
    0x081094fc   0x081094fc   0x00000055   Data   RO         5654    .conststring        tcp_out.o
    0x08109551   0x08109551   0x00000003   PAD
    0x08109554   0x08109554   0x00000041   Data   RO         5999    .conststring        etharp.o
    0x08109595   0x08109595   0x00000003   PAD
    0x08109598   0x08109598   0x00000020   Data   RO         7032    Region$$Table       anon$$obj.o


    Execution Region RW_IRAM1 (Exec base: 0x10000000, Load base: 0x081095b8, Size: 0x00007270, Max: 0x10048000, ABSOLUTE)

    Exec Addr    Load Addr    Size         Type   Attr      Idx    E Section Name        Object

    0x10000000   0x081095b8   0x00000018   Data   RW          265    .data               lwip.o
    0x10000018   0x081095d0   0x00000014   Data   RW          343    .data               ethernetif.o
    0x1000002c   0x081095e4   0x00000004   Data   RW          344    .data               ethernetif.o
    0x10000030   0x081095e8   0x0000000c   Data   RW         2265    .data               stm32h7xx_hal.o
    0x1000003c   0x081095f4   0x00000008   Data   RW         3645    .data               system_stm32h7xx_dualcore_boot_cm4_cm7.o
    0x10000044   0x081095fc   0x0000000c   Data   RW         4708    .data               mem.o
    0x10000050   0x08109608   0x00000004   Data   RW         4794    .data               memp.o
    0x10000054   0x0810960c   0x00000004   Data   RW         4795    .data               memp.o
    0x10000058   0x08109610   0x00000004   Data   RW         4796    .data               memp.o
    0x1000005c   0x08109614   0x00000004   Data   RW         4797    .data               memp.o
    0x10000060   0x08109618   0x00000004   Data   RW         4798    .data               memp.o
    0x10000064   0x0810961c   0x00000004   Data   RW         4799    .data               memp.o
    0x10000068   0x08109620   0x00000004   Data   RW         4800    .data               memp.o
    0x1000006c   0x08109624   0x00000004   Data   RW         4801    .data               memp.o
    0x10000070   0x08109628   0x00000004   Data   RW         4802    .data               memp.o
    0x10000074   0x0810962c   0x0000000c   Data   RW         4913    .data               netif.o
    0x10000080   0x08109638   0x00000001   Data   RW         5052    .data               pbuf.o
    0x10000081   0x08109639   0x00000003   PAD
    0x10000084   0x0810963c   0x00000020   Data   RW         5316    .data               tcp.o
    0x100000a4   0x0810965c   0x00000024   Data   RW         5565    .data               tcp_in.o
    0x100000c8   0x08109680   0x0000000c   Data   RW         5765    .data               timeouts.o
    0x100000d4   0x0810968c   0x00000008   Data   RW         5849    .data               udp.o
    0x100000dc   0x08109694   0x00000001   Data   RW         6000    .data               etharp.o
    0x100000dd   0x08109695   0x00000001   PAD
    0x100000de   0x08109696   0x00000002   Data   RW         6155    .data               ip4.o
    0x100000e0   0x08109698   0x00000008   Data   RW         6278    .data               ip4_frag.o
    0x100000e8   0x081096a0   0x00000004   Data   RW         7004    .data               mc_w.l(stdout.o)
    0x100000ec        -       0x00000030   Zero   RW          264    .bss                lwip.o
    0x1000011c        -       0x000000c4   Zero   RW          340    .bss                ethernetif.o
    0x100001e0        -       0x000000cb   Zero   RW          341    .bss                ethernetif.o
    0x100002ab   0x081096a4   0x00000001   PAD
    0x100002ac        -       0x00000018   Zero   RW         4671    .bss                ip.o
    0x100002c4        -       0x00000083   Zero   RW         4775    .bss                memp.o
    0x10000347        -       0x000002fb   Zero   RW         4776    .bss                memp.o
    0x10000642        -       0x000000e3   Zero   RW         4777    .bss                memp.o
    0x10000725        -       0x00000103   Zero   RW         4778    .bss                memp.o
    0x10000828        -       0x000000a3   Zero   RW         4779    .bss                memp.o
    0x100008cb        -       0x0000016b   Zero   RW         4780    .bss                memp.o
    0x10000a36        -       0x00000033   Zero   RW         4781    .bss                memp.o
    0x10000a69        -       0x00000103   Zero   RW         4782    .bss                memp.o
    0x10000b6c        -       0x00002603   Zero   RW         4783    .bss                memp.o
    0x1000316f   0x081096a4   0x00000001   PAD
    0x10003170        -       0x00000010   Zero   RW         5564    .bss                tcp_in.o
    0x10003180        -       0x000000f0   Zero   RW         5998    .bss                etharp.o
    0x10003270        -       0x00004000   Zero   RW            1    STACK               startup_stm32h747xx_cm4.o



  Load Region LR$$.ARM.__AT_0x30040000 (Base: 0x30040000, Size: 0x00000000, Max: 0x00000060, ABSOLUTE)

    Execution Region ER$$.ARM.__AT_0x30040000 (Exec base: 0x30040000, Load base: 0x30040000, Size: 0x00000060, Max: 0x00000060, ABSOLUTE, UNINIT)

    Exec Addr    Load Addr    Size         Type   Attr      Idx    E Section Name        Object

    0x30040000        -       0x00000060   Zero   RW          337    .ARM.__AT_0x30040000  ethernetif.o



  Load Region LR$$.ARM.__AT_0x30040060 (Base: 0x30040060, Size: 0x00000000, Max: 0x00000060, ABSOLUTE)

    Execution Region ER$$.ARM.__AT_0x30040060 (Exec base: 0x30040060, Load base: 0x30040060, Size: 0x00000060, Max: 0x00000060, ABSOLUTE, UNINIT)

    Exec Addr    Load Addr    Size         Type   Attr      Idx    E Section Name        Object

    0x30040060        -       0x00000060   Zero   RW          338    .ARM.__AT_0x30040060  ethernetif.o



  Load Region LR$$.ARM.__AT_0x30040200 (Base: 0x30040200, Size: 0x00000000, Max: 0x00001800, ABSOLUTE)

    Execution Region ER$$.ARM.__AT_0x30040200 (Exec base: 0x30040200, Load base: 0x30040200, Size: 0x00001800, Max: 0x00001800, ABSOLUTE, UNINIT)

    Exec Addr    Load Addr    Size         Type   Attr      Idx    E Section Name        Object

    0x30040200        -       0x00001800   Zero   RW          339    .ARM.__AT_0x30040200  ethernetif.o


==============================================================================

Image component sizes


      Code (inc. data)   RO Data    RW Data    ZI Data      Debug   Object Name

         0          0          0          0          0       1608   auth.o
         8          0          0          0          0       1098   def.o
      2908       1172         65          1        240      12611   etharp.o
       408        156         12          0          0       2670   ethernet.o
      1104        178         12         24       6735      18500   ethernetif.o
       768        350          0          0          0       4342   icmp.o
        30          0          0          0          0       3252   init.o
         0          0          0          0         24       5937   ip.o
       906        180          0          2          0       5040   ip4.o
        46          0          4          0          0       6942   ip4_addr.o
      2696       1024          0          8          0      11446   ip4_frag.o
       396          0          0          0          0       2958   lan8742.o
       228         22          0         24         48       1843   lwip.o
       146         12          0          0          0    1200227   main.o
      1608        804          0         12          0       5522   mem.o
       990        718        144         36      11947      11366   memp.o
       516        132          0         12          0      10759   netif.o
      3466       1828          0          1          0      22281   pbuf.o
         0          0          0          0          0       1246   slipif.o
        36          8        664          0      16384        840   startup_stm32h747xx_cm4.o
       252         50          0         12          0      30465   stm32h7xx_hal.o
       222         18          0          0          0      34521   stm32h7xx_hal_cortex.o
      4194        108          0          0          0      23302   stm32h7xx_hal_eth.o
       588         48          0          0          0       1964   stm32h7xx_hal_gpio.o
        16          6          0          0          0        592   stm32h7xx_hal_hsem.o
        28          6          0          0          0        798   stm32h7xx_hal_msp.o
       132          8          0          0          0       1404   stm32h7xx_hal_pwr_ex.o
       368         50          0          0          0       1776   stm32h7xx_hal_rcc.o
        32          6          0          0          0       4575   stm32h7xx_it.o
        40          6         16          8          0       1330   system_stm32h7xx_dualcore_boot_cm4_cm7.o
      4236       1544        201         32          0      31838   tcp.o
      5946       1226          0         36         16      20443   tcp_in.o
      2920        828         85          0          0      21422   tcp_out.o
       596        222         24         12          0       5835   timeouts.o
       466        122          0          8          0       4995   udp.o

    ----------------------------------------------------------------------
     36338      10832       1268        232      35396    1515748   Object Totals
         0          0         32          0          0          0   (incl. Generated)
        42          0          9          4          2          0   (incl. Padding)

    ----------------------------------------------------------------------

      Code (inc. data)   RO Data    RW Data    ZI Data      Debug   Library Member Name

         0          0          0          0          0          0   entry.o
         0          0          0          0          0          0   entry10a.o
         0          0          0          0          0          0   entry11a.o
         8          4          0          0          0          0   entry2.o
         4          0          0          0          0          0   entry5.o
         0          0          0          0          0          0   entry7b.o
         0          0          0          0          0          0   entry8b.o
         8          4          0          0          0          0   entry9a.o
        18          0          0          0          0         80   fputc.o
        30          0          0          0          0          0   handlers.o
        36          8          0          0          0         68   init.o
         0          0          0          0          0          0   iusesemip.o
        26          0          0          0          0         80   memcmp.o
        36          0          0          0          0         68   memcpya.o
        36          0          0          0          0        108   memseta.o
       472         14          0          0          0        184   printf3.o
         0          0          0          0          0          0   semi.o
         0          0          0          4          0          0   stdout.o
        44          0          0          0          0         80   uidiv.o

    ----------------------------------------------------------------------
       722         30          0          4          0        668   Library Totals
         4          0          0          0          0          0   (incl. Padding)

    ----------------------------------------------------------------------

      Code (inc. data)   RO Data    RW Data    ZI Data      Debug   Library Name

       718         30          0          4          0        668   mc_w.l

    ----------------------------------------------------------------------
       722         30          0          4          0        668   Library Totals

    ----------------------------------------------------------------------

==============================================================================


      Code (inc. data)   RO Data    RW Data    ZI Data      Debug   

     37060      10862       1268        236      35396    1496860   Grand Totals
     37060      10862       1268        236      35396    1496860   ELF Image Totals
     37060      10862       1268        236          0          0   ROM Totals

==============================================================================

    Total RO  Size (Code + RO Data)                38328 (  37.43kB)
    Total RW  Size (RW Data + ZI Data)             35632 (  34.80kB)
    Total ROM Size (Code + RO Data + RW Data)      38564 (  37.66kB)

==============================================================================

