<html>
<body>
<pre>
<h1>µVision Build Log</h1>
<h2>Tool Versions:</h2>
IDE-Version: ¦ÌVision V5.26.2.0
Copyright (C) 2018 ARM Ltd and ARM Germany GmbH. All rights reserved.
License Information: WSL WSL, ZKWJ, LIC=HN0UH-WXJTJ-72LL9-4SYN1-LN20N-83AA2
 
Tool Versions:
Toolchain:       MDK-ARM Plus  Version: 5.26.2.0
Toolchain Path:  D:\Keil_v5\ARM\ARMCC\Bin
C Compiler:      Armcc.exe V5.06 update 6 (build 750)
Assembler:       Armasm.exe V5.06 update 6 (build 750)
Linker/Locator:  ArmLink.exe V5.06 update 6 (build 750)
Library Manager: ArmAr.exe V5.06 update 6 (build 750)
Hex Converter:   FromElf.exe V5.06 update 6 (build 750)
CPU DLL:         SARMCM3.DLL V5.26.2.0
Dialog DLL:      DCM.DLL V1.17.2.0
Target DLL:      Segger\JL2CM3.dll V2.99.31.0
Dialog DLL:      TCM.DLL V1.36.1.0
 
<h2>Project:</h2>
E:\ZKWJ\Galvo\Test_code\TCP_IP\MDK-ARM\TCP_IP.uvprojx
Project File Date:  09/24/2020

<h2>Output:</h2>
*** Using Compiler 'V5.06 update 6 (build 750)', folder: 'D:\Keil_v5\ARM\ARMCC\Bin'
Rebuild target 'TCP_IP'
assembling startup_stm32f407xx.s...
compiling gpio.c...
compiling udp_echoserver.c...
..\Src\udp_echoserver.c(79): warning:  #1-D: last line of file ends without a newline
  }
..\Src\udp_echoserver.c: 1 warning, 0 errors
compiling main.c...
../Inc/udp_echoserver.h(6): warning:  #1-D: last line of file ends without a newline
  #endif /* __MINIMAL_ECHO_H */
../Src/main.c: 1 warning, 0 errors
compiling stm32f4xx_it.c...
compiling lwip.c...
compiling ethernetif.c...
compiling stm32f4xx_hal_msp.c...
compiling stm32f4xx_hal_rcc.c...
compiling stm32f4xx_hal_eth.c...
compiling stm32f4xx_hal_flash_ex.c...
compiling stm32f4xx_hal_flash.c...
compiling stm32f4xx_hal_rcc_ex.c...
compiling stm32f4xx_hal_dma_ex.c...
compiling stm32f4xx_hal_gpio.c...
compiling stm32f4xx_hal_flash_ramfunc.c...
compiling stm32f4xx_hal_pwr_ex.c...
compiling stm32f4xx_hal_dma.c...
compiling stm32f4xx_hal_pwr.c...
compiling stm32f4xx_hal_cortex.c...
compiling stm32f4xx_hal.c...
compiling stm32f4xx_hal_exti.c...
compiling system_stm32f4xx.c...
compiling stm32f4xx_hal_tim.c...
compiling stm32f4xx_hal_tim_ex.c...
compiling chap_ms.c...
compiling ccp.c...
compiling auth.c...
compiling demand.c...
compiling chap-md5.c...
compiling chap-new.c...
compiling eap.c...
compiling eui64.c...
compiling fsm.c...
compiling lcp.c...
compiling ipv6cp.c...
compiling ipcp.c...
compiling multilink.c...
compiling magic.c...
compiling mppe.c...
compiling pppapi.c...
compiling pppcrypt.c...
compiling ppp.c...
compiling pppos.c...
compiling pppoe.c...
compiling pppol2tp.c...
compiling vj.c...
compiling utils.c...
compiling upap.c...
compiling bridgeif.c...
compiling ethernet.c...
compiling bridgeif_fdb.c...
compiling lowpan6_common.c...
compiling lowpan6.c...
compiling lowpan6_ble.c...
compiling ecp.c...
compiling slipif.c...
compiling zepif.c...
compiling api_lib.c...
compiling api_msg.c...
compiling err.c...
compiling if_api.c...
compiling netdb.c...
compiling netbuf.c...
compiling netifapi.c...
compiling tcpip.c...
compiling sockets.c...
compiling altcp.c...
compiling altcp_tcp.c...
compiling altcp_alloc.c...
compiling inet_chksum.c...
compiling dns.c...
compiling def.c...
compiling mem.c...
compiling init.c...
compiling ip.c...
compiling pbuf.c...
compiling memp.c...
compiling netif.c...
compiling raw.c...
compiling sys.c...
compiling stats.c...
compiling tcp.c...
compiling tcp_in.c...
compiling tcp_out.c...
compiling autoip.c...
compiling udp.c...
compiling timeouts.c...
compiling dhcp.c...
compiling etharp.c...
compiling icmp.c...
compiling igmp.c...
compiling ip4.c...
compiling ip4_addr.c...
compiling ip4_frag.c...
compiling ethip6.c...
compiling dhcp6.c...
compiling icmp6.c...
compiling ip6.c...
compiling inet6.c...
compiling ip6_addr.c...
compiling ip6_frag.c...
compiling mld6.c...
compiling nd6.c...
compiling mqtt.c...
linking...
Program Size: Code=25712 RO-data=636 RW-data=124 ZI-data=26164  
FromELF: creating hex file...
"TCP_IP\TCP_IP.axf" - 0 Error(s), 2 Warning(s).

<h2>Software Packages used:</h2>

Package Vendor: ARM
                http://www.keil.com/pack/ARM.CMSIS.5.4.0.pack
                ARM.CMSIS.5.4.0
                CMSIS (Cortex Microcontroller Software Interface Standard)
   * Component: CORE Version: 5.1.2

Package Vendor: Keil
                http://www.keil.com/pack/Keil.STM32F4xx_DFP.2.10.0.pack
                Keil.STM32F4xx_DFP.2.10.0
                STMicroelectronics STM32F4 Series Device Support, Drivers and Examples

<h2>Collection of Component include folders:</h2>
  .\RTE\_TCP_IP
  D:\Keil_v5\ARM\PACK\ARM\CMSIS\5.4.0\CMSIS\Core\Include
  D:\Keil_v5\ARM\PACK\Keil\STM32F4xx_DFP\2.10.0\Drivers\CMSIS\Device\ST\STM32F4xx\Include

<h2>Collection of Component Files used:</h2>

   * Component: ARM::CMSIS:CORE:5.1.2
Build Time Elapsed:  00:02:17
</pre>
</body>
</html>
