Component: ARM Compiler 5.06 update 6 (build 750) Tool: armlink [4d35ed]

==============================================================================

Section Cross References

    startup_stm32h747xx_cm7.o(RESET) refers to startup_stm32h747xx_cm7.o(STACK) for __initial_sp
    startup_stm32h747xx_cm7.o(RESET) refers to startup_stm32h747xx_cm7.o(.text) for Reset_Handler
    startup_stm32h747xx_cm7.o(RESET) refers to stm32h7xx_it.o(i.NMI_Handler) for NMI_Handler
    startup_stm32h747xx_cm7.o(RESET) refers to stm32h7xx_it.o(i.HardFault_Handler) for HardFault_Handler
    startup_stm32h747xx_cm7.o(RESET) refers to stm32h7xx_it.o(i.MemManage_Handler) for MemManage_Handler
    startup_stm32h747xx_cm7.o(RESET) refers to stm32h7xx_it.o(i.BusFault_Handler) for BusFault_Handler
    startup_stm32h747xx_cm7.o(RESET) refers to stm32h7xx_it.o(i.UsageFault_Handler) for UsageFault_Handler
    startup_stm32h747xx_cm7.o(RESET) refers to stm32h7xx_it.o(i.SVC_Handler) for SVC_Handler
    startup_stm32h747xx_cm7.o(RESET) refers to stm32h7xx_it.o(i.DebugMon_Handler) for DebugMon_Handler
    startup_stm32h747xx_cm7.o(RESET) refers to stm32h7xx_it.o(i.PendSV_Handler) for PendSV_Handler
    startup_stm32h747xx_cm7.o(RESET) refers to stm32h7xx_it.o(i.SysTick_Handler) for SysTick_Handler
    startup_stm32h747xx_cm7.o(RESET) refers to stm32h7xx_it.o(i.ETH_IRQHandler) for ETH_IRQHandler
    startup_stm32h747xx_cm7.o(.text) refers to system_stm32h7xx_dualcore_boot_cm4_cm7.o(i.SystemInit) for SystemInit
    startup_stm32h747xx_cm7.o(.text) refers to entry.o(.ARM.Collect$$$$00000000) for __main
    main.o(i.MPU_Config) refers to stm32h7xx_hal_cortex.o(i.HAL_MPU_Disable) for HAL_MPU_Disable
    main.o(i.MPU_Config) refers to stm32h7xx_hal_cortex.o(i.HAL_MPU_ConfigRegion) for HAL_MPU_ConfigRegion
    main.o(i.MPU_Config) refers to stm32h7xx_hal_cortex.o(i.HAL_MPU_Enable) for HAL_MPU_Enable
    main.o(i.SystemClock_Config) refers to memseta.o(.text) for __aeabi_memclr4
    main.o(i.SystemClock_Config) refers to stm32h7xx_hal_pwr_ex.o(i.HAL_PWREx_ConfigSupply) for HAL_PWREx_ConfigSupply
    main.o(i.SystemClock_Config) refers to stm32h7xx_hal_rcc.o(i.HAL_RCC_OscConfig) for HAL_RCC_OscConfig
    main.o(i.SystemClock_Config) refers to stm32h7xx_hal_rcc.o(i.HAL_RCC_ClockConfig) for HAL_RCC_ClockConfig
    main.o(i.main) refers to main.o(i.MPU_Config) for MPU_Config
    main.o(i.main) refers to stm32h7xx_hal.o(i.HAL_Init) for HAL_Init
    main.o(i.main) refers to main.o(i.SystemClock_Config) for SystemClock_Config
    main.o(i.main) refers to stm32h7xx_hal_hsem.o(i.HAL_HSEM_FastTake) for HAL_HSEM_FastTake
    main.o(i.main) refers to stm32h7xx_hal_hsem.o(i.HAL_HSEM_Release) for HAL_HSEM_Release
    main.o(i.main) refers to lwip.o(i.MX_LWIP_Init) for MX_LWIP_Init
    main.o(i.main) refers to lwip.o(i.MX_LWIP_Process) for MX_LWIP_Process
    lwip.o(i.MX_LWIP_Init) refers to init.o(i.lwip_init) for lwip_init
    lwip.o(i.MX_LWIP_Init) refers to netif.o(i.netif_add) for netif_add
    lwip.o(i.MX_LWIP_Init) refers to netif.o(i.netif_set_default) for netif_set_default
    lwip.o(i.MX_LWIP_Init) refers to netif.o(i.netif_set_up) for netif_set_up
    lwip.o(i.MX_LWIP_Init) refers to netif.o(i.netif_set_down) for netif_set_down
    lwip.o(i.MX_LWIP_Init) refers to lwip.o(.data) for .data
    lwip.o(i.MX_LWIP_Init) refers to ethernet.o(i.ethernet_input) for ethernet_input
    lwip.o(i.MX_LWIP_Init) refers to ethernetif.o(i.ethernetif_init) for ethernetif_init
    lwip.o(i.MX_LWIP_Init) refers to lwip.o(.bss) for .bss
    lwip.o(i.MX_LWIP_Process) refers to ethernetif.o(i.ethernetif_input) for ethernetif_input
    lwip.o(i.MX_LWIP_Process) refers to timeouts.o(i.sys_check_timeouts) for sys_check_timeouts
    lwip.o(i.MX_LWIP_Process) refers to lwip.o(.bss) for .bss
    ethernetif.o(i.ETH_PHY_IO_GetTick) refers to stm32h7xx_hal.o(i.HAL_GetTick) for HAL_GetTick
    ethernetif.o(i.ETH_PHY_IO_Init) refers to stm32h7xx_hal_eth.o(i.HAL_ETH_SetMDIOClockRange) for HAL_ETH_SetMDIOClockRange
    ethernetif.o(i.ETH_PHY_IO_Init) refers to ethernetif.o(.bss) for .bss
    ethernetif.o(i.ETH_PHY_IO_ReadReg) refers to stm32h7xx_hal_eth.o(i.HAL_ETH_ReadPHYRegister) for HAL_ETH_ReadPHYRegister
    ethernetif.o(i.ETH_PHY_IO_ReadReg) refers to ethernetif.o(.bss) for .bss
    ethernetif.o(i.ETH_PHY_IO_WriteReg) refers to stm32h7xx_hal_eth.o(i.HAL_ETH_WritePHYRegister) for HAL_ETH_WritePHYRegister
    ethernetif.o(i.ETH_PHY_IO_WriteReg) refers to ethernetif.o(.bss) for .bss
    ethernetif.o(i.HAL_ETH_MspDeInit) refers to stm32h7xx_hal_gpio.o(i.HAL_GPIO_DeInit) for HAL_GPIO_DeInit
    ethernetif.o(i.HAL_ETH_MspDeInit) refers to stm32h7xx_hal_cortex.o(i.HAL_NVIC_DisableIRQ) for HAL_NVIC_DisableIRQ
    ethernetif.o(i.HAL_ETH_MspInit) refers to memseta.o(.text) for __aeabi_memclr4
    ethernetif.o(i.HAL_ETH_MspInit) refers to stm32h7xx_hal_gpio.o(i.HAL_GPIO_Init) for HAL_GPIO_Init
[...]
    .data                                    0x38000058   Section        4  memp.o(.data)
    memp_tab_TCP_PCB_LISTEN                  0x38000058   Data           4  memp.o(.data)
    .data                                    0x3800005c   Section        4  memp.o(.data)
    memp_tab_TCP_SEG                         0x3800005c   Data           4  memp.o(.data)
    .data                                    0x38000060   Section        4  memp.o(.data)
    memp_tab_REASSDATA                       0x38000060   Data           4  memp.o(.data)
    .data                                    0x38000064   Section        4  memp.o(.data)
    memp_tab_FRAG_PBUF                       0x38000064   Data           4  memp.o(.data)
    .data                                    0x38000068   Section        4  memp.o(.data)
    memp_tab_SYS_TIMEOUT                     0x38000068   Data           4  memp.o(.data)
    .data                                    0x3800006c   Section        4  memp.o(.data)
    memp_tab_PBUF                            0x3800006c   Data           4  memp.o(.data)
    .data                                    0x38000070   Section        4  memp.o(.data)
    memp_tab_PBUF_POOL                       0x38000070   Data           4  memp.o(.data)
    .data                                    0x38000074   Section       12  netif.o(.data)
    netif_num                                0x38000074   Data           1  netif.o(.data)
    .data                                    0x38000080   Section        1  pbuf.o(.data)
    .data                                    0x38000084   Section       32  tcp.o(.data)
    tcp_timer                                0x38000085   Data           1  tcp.o(.data)
    tcp_timer_ctr                            0x38000086   Data           1  tcp.o(.data)
    tcp_port                                 0x38000088   Data           2  tcp.o(.data)
    iss                                      0x3800008c   Data           4  tcp.o(.data)
    .data                                    0x380000a4   Section       36  tcp_in.o(.data)
    flags                                    0x380000a4   Data           1  tcp_in.o(.data)
    recv_flags                               0x380000a5   Data           1  tcp_in.o(.data)
    tcphdr_optlen                            0x380000a6   Data           2  tcp_in.o(.data)
    tcphdr_opt1len                           0x380000a8   Data           2  tcp_in.o(.data)
    tcp_optidx                               0x380000aa   Data           2  tcp_in.o(.data)
    recv_acked                               0x380000ac   Data           2  tcp_in.o(.data)
    tcplen                                   0x380000ae   Data           2  tcp_in.o(.data)
    tcphdr                                   0x380000b0   Data           4  tcp_in.o(.data)
    tcphdr_opt2                              0x380000b4   Data           4  tcp_in.o(.data)
    seqno                                    0x380000b8   Data           4  tcp_in.o(.data)
    ackno                                    0x380000bc   Data           4  tcp_in.o(.data)
    recv_data                                0x380000c0   Data           4  tcp_in.o(.data)
    .data                                    0x380000c8   Section       12  timeouts.o(.data)
    next_timeout                             0x380000c8   Data           4  timeouts.o(.data)
    timeouts_last_time                       0x380000cc   Data           4  timeouts.o(.data)
    tcpip_tcp_timer_active                   0x380000d0   Data           4  timeouts.o(.data)
    .data                                    0x380000d4   Section        8  udp.o(.data)
    udp_port                                 0x380000d4   Data           2  udp.o(.data)
    .data                                    0x380000dc   Section        1  etharp.o(.data)
    etharp_cached_entry                      0x380000dc   Data           1  etharp.o(.data)
    .data                                    0x380000de   Section        2  ip4.o(.data)
    ip_id                                    0x380000de   Data           2  ip4.o(.data)
    .data                                    0x380000e0   Section        8  ip4_frag.o(.data)
    ip_reass_pbufcount                       0x380000e0   Data           2  ip4_frag.o(.data)
    reassdatagrams                           0x380000e4   Data           4  ip4_frag.o(.data)
    .data                                    0x380000e8   Section        4  stdout.o(.data)

    Global Symbols

    Symbol Name                              Value     Ov Type        Size  Object(Section)

    BuildAttributes$$THM_ISAv4$E$P$D$K$B$S$7EM$VFPv5_D16$PE$PLD8$A:L22UL41UL21$X:L11$S22US41US21$IEEE1$IW$USESV6$~STKCKD$USESV7$~SHL$OSPACE$ROPI$EBA8$MICROLIB$REQ8$PRES8$EABIv2 0x00000000   Number         0  anon$$obj.o ABSOLUTE
    __ARM_use_no_argv                        0x00000000   Number         0  main.o ABSOLUTE
    _printf_a                                0x00000000   Number         0  stubs.o ABSOLUTE
    _printf_c                                0x00000000   Number         0  stubs.o ABSOLUTE
    _printf_charcount                        0x00000000   Number         0  stubs.o ABSOLUTE
    _printf_d                                0x00000000   Number         0  stubs.o ABSOLUTE
    _printf_e                                0x00000000   Number         0  stubs.o ABSOLUTE
    _printf_f                                0x00000000   Number         0  stubs.o ABSOLUTE
    _printf_flags                            0x00000000   Number         0  stubs.o ABSOLUTE
    _printf_fp_dec                           0x00000000   Number         0  stubs.o ABSOLUTE
    _printf_fp_hex                           0x00000000   Number         0  stubs.o ABSOLUTE
    _printf_g                                0x00000000   Number         0  stubs.o ABSOLUTE
    _printf_i                                0x00000000   Number         0  stubs.o ABSOLUTE
    _printf_int_dec                          0x00000000   Number         0  stubs.o ABSOLUTE
    _printf_l                                0x00000000   Number         0  stubs.o ABSOLUTE
    _printf_lc                               0x00000000   Number         0  stubs.o ABSOLUTE
    _printf_ll                               0x00000000   Number         0  stubs.o ABSOLUTE
    _printf_lld                              0x00000000   Number         0  stubs.o ABSOLUTE
    _printf_lli                              0x00000000   Number         0  stubs.o ABSOLUTE
    _printf_llo                              0x00000000   Number         0  stubs.o ABSOLUTE
    _printf_llu                              0x00000000   Number         0  stubs.o ABSOLUTE
    _printf_llx                              0x00000000   Number         0  stubs.o ABSOLUTE
    _printf_longlong_dec                     0x00000000   Number         0  stubs.o ABSOLUTE
    _printf_longlong_hex                     0x00000000   Number         0  stubs.o ABSOLUTE
    _printf_longlong_oct                     0x00000000   Number         0  stubs.o ABSOLUTE
    _printf_ls                               0x00000000   Number         0  stubs.o ABSOLUTE
    _printf_mbtowc                           0x00000000   Number         0  stubs.o ABSOLUTE
    _printf_n                                0x00000000   Number         0  stubs.o ABSOLUTE
    _printf_o                                0x00000000   Number         0  stubs.o ABSOLUTE
    _printf_p                                0x00000000   Number         0  stubs.o ABSOLUTE
    _printf_percent                          0x00000000   Number         0  stubs.o ABSOLUTE
    _printf_pre_padding                      0x00000000   Number         0  stubs.o ABSOLUTE
    _printf_return_value                     0x00000000   Number         0  stubs.o ABSOLUTE
    _printf_s                                0x00000000   Number         0  stubs.o ABSOLUTE
    _printf_sizespec                         0x00000000   Number         0  stubs.o ABSOLUTE
    _printf_str                              0x00000000   Number         0  stubs.o ABSOLUTE
    _printf_truncate_signed                  0x00000000   Number         0  stubs.o ABSOLUTE
    _printf_truncate_unsigned                0x00000000   Number         0  stubs.o ABSOLUTE
    _printf_u                                0x00000000   Number         0  stubs.o ABSOLUTE
    _printf_wc                               0x00000000   Number         0  stubs.o ABSOLUTE
    _printf_wctomb                           0x00000000   Number         0  stubs.o ABSOLUTE
    _printf_widthprec                        0x00000000   Number         0  stubs.o ABSOLUTE
    _printf_x                                0x00000000   Number         0  stubs.o ABSOLUTE
    __cpp_initialize__aeabi_                  - Undefined Weak Reference
    __cxa_finalize                            - Undefined Weak Reference
    _clock_init                               - Undefined Weak Reference
    _microlib_exit                            - Undefined Weak Reference
    __Vectors_Size                           0x00000298   Number         0  startup_stm32h747xx_cm7.o ABSOLUTE
    __Vectors                                0x08000000   Data           4  startup_stm32h747xx_cm7.o(RESET)
    __Vectors_End                            0x08000298   Data           0  startup_stm32h747xx_cm7.o(RESET)
    __main                                   0x08000299   Thumb Code     0  entry.o(.ARM.Collect$$$$00000000)
    _main_stk                                0x08000299   Thumb Code     0  entry2.o(.ARM.Collect$$$$00000001)
    _main_scatterload                        0x0800029d   Thumb Code     0  entry5.o(.ARM.Collect$$$$00000004)
    __main_after_scatterload                 0x080002a1   Thumb Code     0  entry5.o(.ARM.Collect$$$$00000004)
    _main_clock                              0x080002a1   Thumb Code     0  entry7b.o(.ARM.Collect$$$$00000008)
    _main_cpp_init                           0x080002a1   Thumb Code     0  entry8b.o(.ARM.Collect$$$$0000000A)
    _main_init                               0x080002a1   Thumb Code     0  entry9a.o(.ARM.Collect$$$$0000000B)
    __rt_final_cpp                           0x080002a9   Thumb Code     0  entry10a.o(.ARM.Collect$$$$0000000D)
    __rt_final_exit                          0x080002a9   Thumb Code     0  entry11a.o(.ARM.Collect$$$$0000000F)
    Reset_Handler                            0x080002ad   Thumb Code     8  startup_stm32h747xx_cm7.o(.text)
    ADC3_IRQHandler                          0x080002c7   Thumb Code     0  startup_stm32h747xx_cm7.o(.text)
    ADC_IRQHandler                           0x080002c7   Thumb Code     0  startup_stm32h747xx_cm7.o(.text)
    BDMA_Channel0_IRQHandler                 0x080002c7   Thumb Code     0  startup_stm32h747xx_cm7.o(.text)
    BDMA_Channel1_IRQHandler                 0x080002c7   Thumb Code     0  startup_stm32h747xx_cm7.o(.text)
    BDMA_Channel2_IRQHandler                 0x080002c7   Thumb Code     0  startup_stm32h747xx_cm7.o(.text)
    BDMA_Channel3_IRQHandler                 0x080002c7   Thumb Code     0  startup_stm32h747xx_cm7.o(.text)
    BDMA_Channel4_IRQHandler                 0x080002c7   Thumb Code     0  startup_stm32h747xx_cm7.o(.text)
    BDMA_Channel5_IRQHandler                 0x080002c7   Thumb Code     0  startup_stm32h747xx_cm7.o(.text)
    BDMA_Channel6_IRQHandler                 0x080002c7   Thumb Code     0  startup_stm32h747xx_cm7.o(.text)
    BDMA_Channel7_IRQHandler                 0x080002c7   Thumb Code     0  startup_stm32h747xx_cm7.o(.text)
    CEC_IRQHandler                           0x080002c7   Thumb Code     0  startup_stm32h747xx_cm7.o(.text)
    CM4_SEV_IRQHandler                       0x080002c7   Thumb Code     0  startup_stm32h747xx_cm7.o(.text)
    CM7_SEV_IRQHandler                       0x080002c7   Thumb Code     0  startup_stm32h747xx_cm7.o(.text)
    COMP1_IRQHandler                         0x080002c7   Thumb Code     0  startup_stm32h747xx_cm7.o(.text)
    CRS_IRQHandler                           0x080002c7   Thumb Code     0  startup_stm32h747xx_cm7.o(.text)
    DCMI_IRQHandler                          0x080002c7   Thumb Code     0  startup_stm32h747xx_cm7.o(.text)
    DFSDM1_FLT0_IRQHandler                   0x080002c7   Thumb Code     0  startup_stm32h747xx_cm7.o(.text)
    DFSDM1_FLT1_IRQHandler                   0x080002c7   Thumb Code     0  startup_stm32h747xx_cm7.o(.text)
    DFSDM1_FLT2_IRQHandler                   0x080002c7   Thumb Code     0  startup_stm32h747xx_cm7.o(.text)
    DFSDM1_FLT3_IRQHandler                   0x080002c7   Thumb Code     0  startup_stm32h747xx_cm7.o(.text)
    DMA1_Stream0_IRQHandler                  0x080002c7   Thumb Code     0  startup_stm32h747xx_cm7.o(.text)
    DMA1_Stream1_IRQHandler                  0x080002c7   Thumb Code     0  startup_stm32h747xx_cm7.o(.text)
    DMA1_Stream2_IRQHandler                  0x080002c7   Thumb Code     0  startup_stm32h747xx_cm7.o(.text)
    DMA1_Stream3_IRQHandler                  0x080002c7   Thumb Code     0  startup_stm32h747xx_cm7.o(.text)
    DMA1_Stream4_IRQHandler                  0x080002c7   Thumb Code     0  startup_stm32h747xx_cm7.o(.text)
    DMA1_Stream5_IRQHandler                  0x080002c7   Thumb Code     0  startup_stm32h747xx_cm7.o(.text)
    DMA1_Stream6_IRQHandler                  0x080002c7   Thumb Code     0  startup_stm32h747xx_cm7.o(.text)
    DMA1_Stream7_IRQHandler                  0x080002c7   Thumb Code     0  startup_stm32h747xx_cm7.o(.text)
    DMA2D_IRQHandler                         0x080002c7   Thumb Code     0  startup_stm32h747xx_cm7.o(.text)
    DMA2_Stream0_IRQHandler                  0x080002c7   Thumb Code     0  startup_stm32h747xx_cm7.o(.text)
    DMA2_Stream1_IRQHandler                  0x080002c7   Thumb Code     0  startup_stm32h747xx_cm7.o(.text)
    DMA2_Stream2_IRQHandler                  0x080002c7   Thumb Code     0  startup_stm32h747xx_cm7.o(.text)
    DMA2_Stream3_IRQHandler                  0x080002c7   Thumb Code     0  startup_stm32h747xx_cm7.o(.text)
    DMA2_Stream4_IRQHandler                  0x080002c7   Thumb Code     0  startup_stm32h747xx_cm7.o(.text)
    DMA2_Stream5_IRQHandler                  0x080002c7   Thumb Code     0  startup_stm32h747xx_cm7.o(.text)
    DMA2_Stream6_IRQHandler                  0x080002c7   Thumb Code     0  startup_stm32h747xx_cm7.o(.text)
    DMA2_Stream7_IRQHandler                  0x080002c7   Thumb Code     0  startup_stm32h747xx_cm7.o(.text)
    DMAMUX1_OVR_IRQHandler                   0x080002c7   Thumb Code     0  startup_stm32h747xx_cm7.o(.text)
    DMAMUX2_OVR_IRQHandler                   0x080002c7   Thumb Code     0  startup_stm32h747xx_cm7.o(.text)
    DSI_IRQHandler                           0x080002c7   Thumb Code     0  startup_stm32h747xx_cm7.o(.text)
    ECC_IRQHandler                           0x080002c7   Thumb Code     0  startup_stm32h747xx_cm7.o(.text)
    ETH_WKUP_IRQHandler                      0x080002c7   Thumb Code     0  startup_stm32h747xx_cm7.o(.text)
    EXTI0_IRQHandler                         0x080002c7   Thumb Code     0  startup_stm32h747xx_cm7.o(.text)
    EXTI15_10_IRQHandler                     0x080002c7   Thumb Code     0  startup_stm32h747xx_cm7.o(.text)
    EXTI1_IRQHandler                         0x080002c7   Thumb Code     0  startup_stm32h747xx_cm7.o(.text)
    EXTI2_IRQHandler                         0x080002c7   Thumb Code     0  startup_stm32h747xx_cm7.o(.text)
    EXTI3_IRQHandler                         0x080002c7   Thumb Code     0  startup_stm32h747xx_cm7.o(.text)
    EXTI4_IRQHandler                         0x080002c7   Thumb Code     0  startup_stm32h747xx_cm7.o(.text)
    EXTI9_5_IRQHandler                       0x080002c7   Thumb Code     0  startup_stm32h747xx_cm7.o(.text)
    FDCAN1_IT0_IRQHandler                    0x080002c7   Thumb Code     0  startup_stm32h747xx_cm7.o(.text)
    FDCAN1_IT1_IRQHandler                    0x080002c7   Thumb Code     0  startup_stm32h747xx_cm7.o(.text)
    FDCAN2_IT0_IRQHandler                    0x080002c7   Thumb Code     0  startup_stm32h747xx_cm7.o(.text)
    FDCAN2_IT1_IRQHandler                    0x080002c7   Thumb Code     0  startup_stm32h747xx_cm7.o(.text)
    FDCAN_CAL_IRQHandler                     0x080002c7   Thumb Code     0  startup_stm32h747xx_cm7.o(.text)
    FLASH_IRQHandler                         0x080002c7   Thumb Code     0  startup_stm32h747xx_cm7.o(.text)
    FMC_IRQHandler                           0x080002c7   Thumb Code     0  startup_stm32h747xx_cm7.o(.text)
    FPU_IRQHandler                           0x080002c7   Thumb Code     0  startup_stm32h747xx_cm7.o(.text)
    HOLD_CORE_IRQHandler                     0x080002c7   Thumb Code     0  startup_stm32h747xx_cm7.o(.text)
    HRTIM1_FLT_IRQHandler                    0x080002c7   Thumb Code     0  startup_stm32h747xx_cm7.o(.text)
    HRTIM1_Master_IRQHandler                 0x080002c7   Thumb Code     0  startup_stm32h747xx_cm7.o(.text)
    HRTIM1_TIMA_IRQHandler                   0x080002c7   Thumb Code     0  startup_stm32h747xx_cm7.o(.text)
    HRTIM1_TIMB_IRQHandler                   0x080002c7   Thumb Code     0  startup_stm32h747xx_cm7.o(.text)
    HRTIM1_TIMC_IRQHandler                   0x080002c7   Thumb Code     0  startup_stm32h747xx_cm7.o(.text)
    HRTIM1_TIMD_IRQHandler                   0x080002c7   Thumb Code     0  startup_stm32h747xx_cm7.o(.text)
    HRTIM1_TIME_IRQHandler                   0x080002c7   Thumb Code     0  startup_stm32h747xx_cm7.o(.text)
    HSEM1_IRQHandler                         0x080002c7   Thumb Code     0  startup_stm32h747xx_cm7.o(.text)
    HSEM2_IRQHandler                         0x080002c7   Thumb Code     0  startup_stm32h747xx_cm7.o(.text)
    I2C1_ER_IRQHandler                       0x080002c7   Thumb Code     0  startup_stm32h747xx_cm7.o(.text)
    I2C1_EV_IRQHandler                       0x080002c7   Thumb Code     0  startup_stm32h747xx_cm7.o(.text)
    I2C2_ER_IRQHandler                       0x080002c7   Thumb Code     0  startup_stm32h747xx_cm7.o(.text)
    I2C2_EV_IRQHandler                       0x080002c7   Thumb Code     0  startup_stm32h747xx_cm7.o(.text)
    I2C3_ER_IRQHandler                       0x080002c7   Thumb Code     0  startup_stm32h747xx_cm7.o(.text)
    I2C3_EV_IRQHandler                       0x080002c7   Thumb Code     0  startup_stm32h747xx_cm7.o(.text)
    I2C4_ER_IRQHandler                       0x080002c7   Thumb Code     0  startup_stm32h747xx_cm7.o(.text)
    I2C4_EV_IRQHandler                       0x080002c7   Thumb Code     0  startup_stm32h747xx_cm7.o(.text)
    JPEG_IRQHandler                          0x080002c7   Thumb Code     0  startup_stm32h747xx_cm7.o(.text)
    LPTIM1_IRQHandler                        0x080002c7   Thumb Code     0  startup_stm32h747xx_cm7.o(.text)
    LPTIM2_IRQHandler                        0x080002c7   Thumb Code     0  startup_stm32h747xx_cm7.o(.text)
    LPTIM3_IRQHandler                        0x080002c7   Thumb Code     0  startup_stm32h747xx_cm7.o(.text)
    LPTIM4_IRQHandler                        0x080002c7   Thumb Code     0  startup_stm32h747xx_cm7.o(.text)
    LPTIM5_IRQHandler                        0x080002c7   Thumb Code     0  startup_stm32h747xx_cm7.o(.text)
    LPUART1_IRQHandler                       0x080002c7   Thumb Code     0  startup_stm32h747xx_cm7.o(.text)
    LTDC_ER_IRQHandler                       0x080002c7   Thumb Code     0  startup_stm32h747xx_cm7.o(.text)
    LTDC_IRQHandler                          0x080002c7   Thumb Code     0  startup_stm32h747xx_cm7.o(.text)
    MDIOS_IRQHandler                         0x080002c7   Thumb Code     0  startup_stm32h747xx_cm7.o(.text)
    MDIOS_WKUP_IRQHandler                    0x080002c7   Thumb Code     0  startup_stm32h747xx_cm7.o(.text)
    MDMA_IRQHandler                          0x080002c7   Thumb Code     0  startup_stm32h747xx_cm7.o(.text)
    OTG_FS_EP1_IN_IRQHandler                 0x080002c7   Thumb Code     0  startup_stm32h747xx_cm7.o(.text)
    OTG_FS_EP1_OUT_IRQHandler                0x080002c7   Thumb Code     0  startup_stm32h747xx_cm7.o(.text)
    OTG_FS_IRQHandler                        0x080002c7   Thumb Code     0  startup_stm32h747xx_cm7.o(.text)
    OTG_FS_WKUP_IRQHandler                   0x080002c7   Thumb Code     0  startup_stm32h747xx_cm7.o(.text)
    OTG_HS_EP1_IN_IRQHandler                 0x080002c7   Thumb Code     0  startup_stm32h747xx_cm7.o(.text)
    OTG_HS_EP1_OUT_IRQHandler                0x080002c7   Thumb Code     0  startup_stm32h747xx_cm7.o(.text)
    OTG_HS_IRQHandler                        0x080002c7   Thumb Code     0  startup_stm32h747xx_cm7.o(.text)
    OTG_HS_WKUP_IRQHandler                   0x080002c7   Thumb Code     0  startup_stm32h747xx_cm7.o(.text)
    PVD_AVD_IRQHandler                       0x080002c7   Thumb Code     0  startup_stm32h747xx_cm7.o(.text)
    QUADSPI_IRQHandler                       0x080002c7   Thumb Code     0  startup_stm32h747xx_cm7.o(.text)
    RCC_IRQHandler                           0x080002c7   Thumb Code     0  startup_stm32h747xx_cm7.o(.text)
    RNG_IRQHandler                           0x080002c7   Thumb Code     0  startup_stm32h747xx_cm7.o(.text)
    RTC_Alarm_IRQHandler                     0x080002c7   Thumb Code     0  startup_stm32h747xx_cm7.o(.text)
    RTC_WKUP_IRQHandler                      0x080002c7   Thumb Code     0  startup_stm32h747xx_cm7.o(.text)
    SAI1_IRQHandler                          0x080002c7   Thumb Code     0  startup_stm32h747xx_cm7.o(.text)
    SAI2_IRQHandler                          0x080002c7   Thumb Code     0  startup_stm32h747xx_cm7.o(.text)
    SAI3_IRQHandler                          0x080002c7   Thumb Code     0  startup_stm32h747xx_cm7.o(.text)
    SAI4_IRQHandler                          0x080002c7   Thumb Code     0  startup_stm32h747xx_cm7.o(.text)
    SDMMC1_IRQHandler                        0x080002c7   Thumb Code     0  startup_stm32h747xx_cm7.o(.text)
    SDMMC2_IRQHandler                        0x080002c7   Thumb Code     0  startup_stm32h747xx_cm7.o(.text)
    SPDIF_RX_IRQHandler                      0x080002c7   Thumb Code     0  startup_stm32h747xx_cm7.o(.text)
    SPI1_IRQHandler                          0x080002c7   Thumb Code     0  startup_stm32h747xx_cm7.o(.text)
    SPI2_IRQHandler                          0x080002c7   Thumb Code     0  startup_stm32h747xx_cm7.o(.text)
    SPI3_IRQHandler                          0x080002c7   Thumb Code     0  startup_stm32h747xx_cm7.o(.text)
    SPI4_IRQHandler                          0x080002c7   Thumb Code     0  startup_stm32h747xx_cm7.o(.text)
    SPI5_IRQHandler                          0x080002c7   Thumb Code     0  startup_stm32h747xx_cm7.o(.text)
    SPI6_IRQHandler                          0x080002c7   Thumb Code     0  startup_stm32h747xx_cm7.o(.text)
    SWPMI1_IRQHandler                        0x080002c7   Thumb Code     0  startup_stm32h747xx_cm7.o(.text)
    TAMP_STAMP_IRQHandler                    0x080002c7   Thumb Code     0  startup_stm32h747xx_cm7.o(.text)
    TIM15_IRQHandler                         0x080002c7   Thumb Code     0  startup_stm32h747xx_cm7.o(.text)
    TIM16_IRQHandler                         0x080002c7   Thumb Code     0  startup_stm32h747xx_cm7.o(.text)
    TIM17_IRQHandler                         0x080002c7   Thumb Code     0  startup_stm32h747xx_cm7.o(.text)
    TIM1_BRK_IRQHandler                      0x080002c7   Thumb Code     0  startup_stm32h747xx_cm7.o(.text)
    TIM1_CC_IRQHandler                       0x080002c7   Thumb Code     0  startup_stm32h747xx_cm7.o(.text)
    TIM1_TRG_COM_IRQHandler                  0x080002c7   Thumb Code     0  startup_stm32h747xx_cm7.o(.text)
    TIM1_UP_IRQHandler                       0x080002c7   Thumb Code     0  startup_stm32h747xx_cm7.o(.text)
    TIM2_IRQHandler                          0x080002c7   Thumb Code     0  startup_stm32h747xx_cm7.o(.text)
    TIM3_IRQHandler                          0x080002c7   Thumb Code     0  startup_stm32h747xx_cm7.o(.text)
    TIM4_IRQHandler                          0x080002c7   Thumb Code     0  startup_stm32h747xx_cm7.o(.text)
    TIM5_IRQHandler                          0x080002c7   Thumb Code     0  startup_stm32h747xx_cm7.o(.text)
    TIM6_DAC_IRQHandler                      0x080002c7   Thumb Code     0  startup_stm32h747xx_cm7.o(.text)
    TIM7_IRQHandler                          0x080002c7   Thumb Code     0  startup_stm32h747xx_cm7.o(.text)
    TIM8_BRK_TIM12_IRQHandler                0x080002c7   Thumb Code     0  startup_stm32h747xx_cm7.o(.text)
    TIM8_CC_IRQHandler                       0x080002c7   Thumb Code     0  startup_stm32h747xx_cm7.o(.text)
    TIM8_TRG_COM_TIM14_IRQHandler            0x080002c7   Thumb Code     0  startup_stm32h747xx_cm7.o(.text)
    TIM8_UP_TIM13_IRQHandler                 0x080002c7   Thumb Code     0  startup_stm32h747xx_cm7.o(.text)
    UART4_IRQHandler                         0x080002c7   Thumb Code     0  startup_stm32h747xx_cm7.o(.text)
    UART5_IRQHandler                         0x080002c7   Thumb Code     0  startup_stm32h747xx_cm7.o(.text)
    UART7_IRQHandler                         0x080002c7   Thumb Code     0  startup_stm32h747xx_cm7.o(.text)
    UART8_IRQHandler                         0x080002c7   Thumb Code     0  startup_stm32h747xx_cm7.o(.text)
    USART1_IRQHandler                        0x080002c7   Thumb Code     0  startup_stm32h747xx_cm7.o(.text)
    USART2_IRQHandler                        0x080002c7   Thumb Code     0  startup_stm32h747xx_cm7.o(.text)
    USART3_IRQHandler                        0x080002c7   Thumb Code     0  startup_stm32h747xx_cm7.o(.text)
    USART6_IRQHandler                        0x080002c7   Thumb Code     0  startup_stm32h747xx_cm7.o(.text)
    WAKEUP_PIN_IRQHandler                    0x080002c7   Thumb Code     0  startup_stm32h747xx_cm7.o(.text)
    WWDG_IRQHandler                          0x080002c7   Thumb Code     0  startup_stm32h747xx_cm7.o(.text)
    WWDG_RST_IRQHandler                      0x080002c7   Thumb Code     0  startup_stm32h747xx_cm7.o(.text)
    __aeabi_memcpy                           0x080002d1   Thumb Code    36  memcpya.o(.text)
    __aeabi_memcpy4                          0x080002d1   Thumb Code     0  memcpya.o(.text)
    __aeabi_memcpy8                          0x080002d1   Thumb Code     0  memcpya.o(.text)
    __aeabi_memset                           0x080002f5   Thumb Code    14  memseta.o(.text)
    __aeabi_memset4                          0x080002f5   Thumb Code     0  memseta.o(.text)
    __aeabi_memset8                          0x080002f5   Thumb Code     0  memseta.o(.text)
    __aeabi_memclr                           0x08000303   Thumb Code     4  memseta.o(.text)
    __aeabi_memclr4                          0x08000303   Thumb Code     0  memseta.o(.text)
    __aeabi_memclr8                          0x08000303   Thumb Code     0  memseta.o(.text)
    _memset$wrapper                          0x08000307   Thumb Code    18  memseta.o(.text)
    memcmp                                   0x08000319   Thumb Code    26  memcmp.o(.text)
    __aeabi_uidiv                            0x08000333   Thumb Code     0  uidiv.o(.text)
    __aeabi_uidivmod                         0x08000333   Thumb Code    44  uidiv.o(.text)
    __scatterload                            0x08000361   Thumb Code    28  init.o(.text)
    __scatterload_rt2                        0x08000361   Thumb Code     0  init.o(.text)
    __I$use$semihosting$fputc                0x08000385   Thumb Code     0  iusesemip.o(.text)
    __decompress                             0x08000385   Thumb Code     0  __dczerorl2.o(.text)
    __decompress1                            0x08000385   Thumb Code    86  __dczerorl2.o(.text)
    __semihosting_library_function           0x08000385   Thumb Code     0  semi.o(.text)
    BusFault_Handler                         0x080003db   Thumb Code     2  stm32h7xx_it.o(i.BusFault_Handler)
    DebugMon_Handler                         0x080003dd   Thumb Code     2  stm32h7xx_it.o(i.DebugMon_Handler)
    ETH_IRQHandler                           0x080003e1   Thumb Code     6  stm32h7xx_it.o(i.ETH_IRQHandler)
    ETH_PHY_IO_DeInit                        0x080004c5   Thumb Code     4  ethernetif.o(i.ETH_PHY_IO_DeInit)
    ETH_PHY_IO_GetTick                       0x080004c9   Thumb Code     4  ethernetif.o(i.ETH_PHY_IO_GetTick)
    ETH_PHY_IO_Init                          0x080004cd   Thumb Code    12  ethernetif.o(i.ETH_PHY_IO_Init)
    ETH_PHY_IO_ReadReg                       0x080004dd   Thumb Code    24  ethernetif.o(i.ETH_PHY_IO_ReadReg)
    ETH_PHY_IO_WriteReg                      0x080004f9   Thumb Code    24  ethernetif.o(i.ETH_PHY_IO_WriteReg)
    Error_Handler                            0x08000a71   Thumb Code     2  main.o(i.Error_Handler)
    HAL_Delay                                0x08000a75   Thumb Code    32  stm32h7xx_hal.o(i.HAL_Delay)
    HAL_ETH_BuildRxDescriptors               0x08000a99   Thumb Code   120  stm32h7xx_hal_eth.o(i.HAL_ETH_BuildRxDescriptors)
    HAL_ETH_DMAErrorCallback                 0x08000b11   Thumb Code     2  stm32h7xx_hal_eth.o(i.HAL_ETH_DMAErrorCallback)
    HAL_ETH_DescAssignMemory                 0x08000b13   Thumb Code    60  stm32h7xx_hal_eth.o(i.HAL_ETH_DescAssignMemory)
    HAL_ETH_EEECallback                      0x08000b4f   Thumb Code     2  stm32h7xx_hal_eth.o(i.HAL_ETH_EEECallback)
    HAL_ETH_GetMACConfig                     0x08000b51   Thumb Code   460  stm32h7xx_hal_eth.o(i.HAL_ETH_GetMACConfig)
    HAL_ETH_GetRxDataBuffer                  0x08000d1d   Thumb Code   154  stm32h7xx_hal_eth.o(i.HAL_ETH_GetRxDataBuffer)
    HAL_ETH_GetRxDataLength                  0x08000db7   Thumb Code    52  stm32h7xx_hal_eth.o(i.HAL_ETH_GetRxDataLength)
    HAL_ETH_IRQHandler                       0x08000deb   Thumb Code   318  stm32h7xx_hal_eth.o(i.HAL_ETH_IRQHandler)
    HAL_ETH_Init                             0x08000f29   Thumb Code   474  stm32h7xx_hal_eth.o(i.HAL_ETH_Init)
    HAL_ETH_IsRxDataAvailable                0x0800112d   Thumb Code   206  stm32h7xx_hal_eth.o(i.HAL_ETH_IsRxDataAvailable)
    HAL_ETH_MACErrorCallback                 0x080011fb   Thumb Code     2  stm32h7xx_hal_eth.o(i.HAL_ETH_MACErrorCallback)
    HAL_ETH_MspInit                          0x080011fd   Thumb Code   196  ethernetif.o(i.HAL_ETH_MspInit)
    HAL_ETH_PMTCallback                      0x080012d5   Thumb Code     2  stm32h7xx_hal_eth.o(i.HAL_ETH_PMTCallback)
    HAL_ETH_ReadPHYRegister                  0x080012d9   Thumb Code   100  stm32h7xx_hal_eth.o(i.HAL_ETH_ReadPHYRegister)
    HAL_ETH_RxCpltCallback                   0x0800133d   Thumb Code     2  stm32h7xx_hal_eth.o(i.HAL_ETH_RxCpltCallback)
    HAL_ETH_SetMACConfig                     0x0800133f   Thumb Code    22  stm32h7xx_hal_eth.o(i.HAL_ETH_SetMACConfig)
    HAL_ETH_SetMDIOClockRange                0x08001355   Thumb Code    88  stm32h7xx_hal_eth.o(i.HAL_ETH_SetMDIOClockRange)
    HAL_ETH_Start                            0x080013cd   Thumb Code   116  stm32h7xx_hal_eth.o(i.HAL_ETH_Start)
    HAL_ETH_Stop                             0x08001441   Thumb Code    92  stm32h7xx_hal_eth.o(i.HAL_ETH_Stop)
    HAL_ETH_Transmit                         0x0800149d   Thumb Code   184  stm32h7xx_hal_eth.o(i.HAL_ETH_Transmit)
    HAL_ETH_TxCpltCallback                   0x08001555   Thumb Code     2  stm32h7xx_hal_eth.o(i.HAL_ETH_TxCpltCallback)
    HAL_ETH_WakeUpCallback                   0x08001557   Thumb Code     2  stm32h7xx_hal_eth.o(i.HAL_ETH_WakeUpCallback)
    HAL_ETH_WritePHYRegister                 0x08001559   Thumb Code    94  stm32h7xx_hal_eth.o(i.HAL_ETH_WritePHYRegister)
    HAL_GPIO_Init                            0x080015bd   Thumb Code   510  stm32h7xx_hal_gpio.o(i.HAL_GPIO_Init)
    HAL_GetCurrentCPUID                      0x080017ed   Thumb Code    20  stm32h7xx_hal_cortex.o(i.HAL_GetCurrentCPUID)
    HAL_GetREVID                             0x08001805   Thumb Code     8  stm32h7xx_hal.o(i.HAL_GetREVID)
    HAL_GetTick                              0x08001811   Thumb Code     6  stm32h7xx_hal.o(i.HAL_GetTick)
    HAL_HSEM_FastTake                        0x0800181d   Thumb Code    24  stm32h7xx_hal_hsem.o(i.HAL_HSEM_FastTake)
    HAL_HSEM_Release                         0x0800183d   Thumb Code    16  stm32h7xx_hal_hsem.o(i.HAL_HSEM_Release)
    HAL_IncTick                              0x08001851   Thumb Code    12  stm32h7xx_hal.o(i.HAL_IncTick)
    HAL_Init                                 0x08001861   Thumb Code    74  stm32h7xx_hal.o(i.HAL_Init)
    HAL_InitTick                             0x080018bd   Thumb Code    56  stm32h7xx_hal.o(i.HAL_InitTick)
    HAL_MPU_ConfigRegion                     0x080018fd   Thumb Code    86  stm32h7xx_hal_cortex.o(i.HAL_MPU_ConfigRegion)
    HAL_MPU_Disable                          0x08001959   Thumb Code    24  stm32h7xx_hal_cortex.o(i.HAL_MPU_Disable)
    HAL_MPU_Enable                           0x08001975   Thumb Code    30  stm32h7xx_hal_cortex.o(i.HAL_MPU_Enable)
    HAL_MspInit                              0x08001999   Thumb Code    22  stm32h7xx_hal_msp.o(i.HAL_MspInit)
    HAL_NVIC_EnableIRQ                       0x080019b5   Thumb Code    26  stm32h7xx_hal_cortex.o(i.HAL_NVIC_EnableIRQ)
    HAL_NVIC_SetPriority                     0x080019d1   Thumb Code    60  stm32h7xx_hal_cortex.o(i.HAL_NVIC_SetPriority)
    HAL_NVIC_SetPriorityGrouping             0x08001a11   Thumb Code    28  stm32h7xx_hal_cortex.o(i.HAL_NVIC_SetPriorityGrouping)
    HAL_PWREx_ConfigSupply                   0x08001a35   Thumb Code   128  stm32h7xx_hal_pwr_ex.o(i.HAL_PWREx_ConfigSupply)
    HAL_RCC_ClockConfig                      0x08001ab9   Thumb Code   580  stm32h7xx_hal_rcc.o(i.HAL_RCC_ClockConfig)
    HAL_RCC_GetHCLKFreq                      0x08001d15   Thumb Code    52  stm32h7xx_hal_rcc.o(i.HAL_RCC_GetHCLKFreq)
    HAL_RCC_GetSysClockFreq                  0x08001d59   Thumb Code   278  stm32h7xx_hal_rcc.o(i.HAL_RCC_GetSysClockFreq)
    HAL_RCC_OscConfig                        0x08001e91   Thumb Code  1258  stm32h7xx_hal_rcc.o(i.HAL_RCC_OscConfig)
    HAL_SYSCFG_ETHInterfaceSelect            0x0800237d   Thumb Code    14  stm32h7xx_hal.o(i.HAL_SYSCFG_ETHInterfaceSelect)
    HAL_SYSTICK_Config                       0x08002391   Thumb Code    38  stm32h7xx_hal_cortex.o(i.HAL_SYSTICK_Config)
    HardFault_Handler                        0x080023b7   Thumb Code     2  stm32h7xx_it.o(i.HardFault_Handler)
    LAN8742_GetLinkState                     0x080023b9   Thumb Code   148  lan8742.o(i.LAN8742_GetLinkState)
    LAN8742_Init                             0x0800244d   Thumb Code   204  lan8742.o(i.LAN8742_Init)
    LAN8742_RegisterBusIO                    0x08002519   Thumb Code    44  lan8742.o(i.LAN8742_RegisterBusIO)
    MX_LWIP_Init                             0x080025d1   Thumb Code   194  lwip.o(i.MX_LWIP_Init)
    MX_LWIP_Process                          0x080026a5   Thumb Code    16  lwip.o(i.MX_LWIP_Process)
    MemManage_Handler                        0x080026b9   Thumb Code     2  stm32h7xx_it.o(i.MemManage_Handler)
    NMI_Handler                              0x080026bb   Thumb Code     2  stm32h7xx_it.o(i.NMI_Handler)
    PendSV_Handler                           0x080026bd   Thumb Code     2  stm32h7xx_it.o(i.PendSV_Handler)
    SVC_Handler                              0x080026e5   Thumb Code     2  stm32h7xx_it.o(i.SVC_Handler)
    SysTick_Handler                          0x080026e7   Thumb Code     4  stm32h7xx_it.o(i.SysTick_Handler)
    SystemClock_Config                       0x080026ed   Thumb Code   146  main.o(i.SystemClock_Config)
    SystemInit                               0x08002789   Thumb Code   162  system_stm32h7xx_dualcore_boot_cm4_cm7.o(i.SystemInit)
    UsageFault_Handler                       0x08002841   Thumb Code     2  stm32h7xx_it.o(i.UsageFault_Handler)
    __0printf$3                              0x08002845   Thumb Code    22  printf3.o(i.__0printf$3)
    __1printf$3                              0x08002845   Thumb Code     0  printf3.o(i.__0printf$3)
    __2printf                                0x08002845   Thumb Code     0  printf3.o(i.__0printf$3)
    __scatterload_copy                       0x08002887   Thumb Code    14  handlers.o(i.__scatterload_copy)
    __scatterload_null                       0x08002895   Thumb Code     2  handlers.o(i.__scatterload_null)
    __scatterload_zeroinit                   0x08002897   Thumb Code    14  handlers.o(i.__scatterload_zeroinit)
    etharp_cleanup_netif                     0x08002bb9   Thumb Code    42  etharp.o(i.etharp_cleanup_netif)
    etharp_input                             0x08002e65   Thumb Code   148  etharp.o(i.etharp_input)
    etharp_output                            0x08002f69   Thumb Code   272  etharp.o(i.etharp_output)
    etharp_query                             0x08003221   Thumb Code   300  etharp.o(i.etharp_query)
    etharp_request                           0x08003569   Thumb Code     6  etharp.o(i.etharp_request)
    etharp_tmr                               0x08003595   Thumb Code    92  etharp.o(i.etharp_tmr)
    ethernet_input                           0x08003711   Thumb Code   154  ethernet.o(i.ethernet_input)
    ethernet_link_check_state                0x080037b1   Thumb Code   136  ethernetif.o(i.ethernet_link_check_state)
    ethernet_output                          0x0800383d   Thumb Code    98  ethernet.o(i.ethernet_output)
    ethernetif_init                          0x08003935   Thumb Code    50  ethernetif.o(i.ethernetif_init)
    ethernetif_input                         0x080039c1   Thumb Code    34  ethernetif.o(i.ethernetif_input)
    fputc                                    0x080039e3   Thumb Code    18  fputc.o(i.fputc)
    icmp_dest_unreach                        0x080039f5   Thumb Code     8  icmp.o(i.icmp_dest_unreach)
    icmp_input                               0x080039fd   Thumb Code   278  icmp.o(i.icmp_input)
    icmp_time_exceeded                       0x08003cf1   Thumb Code     8  icmp.o(i.icmp_time_exceeded)
    ip4_addr_isbroadcast_u32                 0x08003cf9   Thumb Code    46  ip4_addr.o(i.ip4_addr_isbroadcast_u32)
    ip4_frag                                 0x08003d29   Thumb Code   390  ip4_frag.o(i.ip4_frag)
    ip4_input                                0x08003f7d   Thumb Code   410  ip4.o(i.ip4_input)
    ip4_output_if                            0x08004121   Thumb Code    30  ip4.o(i.ip4_output_if)
    ip4_output_if_src                        0x08004141   Thumb Code   206  ip4.o(i.ip4_output_if_src)
    ip4_reass                                0x080042b1   Thumb Code   432  ip4_frag.o(i.ip4_reass)
    ip4_route                                0x08004465   Thumb Code    82  ip4.o(i.ip4_route)
    ip_reass_tmr                             0x08004a7d   Thumb Code    40  ip4_frag.o(i.ip_reass_tmr)
    lwip_htonl                               0x08004d25   Thumb Code     4  def.o(i.lwip_htonl)
    lwip_htons                               0x08004d29   Thumb Code     4  def.o(i.lwip_htons)
    lwip_init                                0x08004d2d   Thumb Code    30  init.o(i.lwip_init)
    main                                     0x08004d4d   Thumb Code   290  main.o(i.main)
    mem_free                                 0x08004e7d   Thumb Code   110  mem.o(i.mem_free)
    mem_init                                 0x08004f99   Thumb Code    36  mem.o(i.mem_init)
    mem_malloc                               0x08004fc9   Thumb Code   256  mem.o(i.mem_malloc)
    mem_trim                                 0x080051c5   Thumb Code   246  mem.o(i.mem_trim)
    memp_free                                0x08005351   Thumb Code    34  memp.o(i.memp_free)
    memp_free_pool                           0x080053ed   Thumb Code    26  memp.o(i.memp_free_pool)
    memp_init                                0x08005475   Thumb Code    26  memp.o(i.memp_init)
    memp_init_pool                           0x08005495   Thumb Code    42  memp.o(i.memp_init_pool)
    memp_malloc                              0x080054c1   Thumb Code    38  memp.o(i.memp_malloc)
    memp_malloc_pool                         0x08005565   Thumb Code    30  memp.o(i.memp_malloc_pool)
    netif_add                                0x080055f1   Thumb Code   106  netif.o(i.netif_add)
    netif_init                               0x080056d5   Thumb Code     2  netif.o(i.netif_init)
    netif_set_addr                           0x080056f1   Thumb Code    72  netif.o(i.netif_set_addr)
    netif_set_default                        0x08005739   Thumb Code     6  netif.o(i.netif_set_default)
    netif_set_down                           0x08005745   Thumb Code    26  netif.o(i.netif_set_down)
    netif_set_gw                             0x0800575f   Thumb Code     8  netif.o(i.netif_set_gw)
    netif_set_ipaddr                         0x08005769   Thumb Code    60  netif.o(i.netif_set_ipaddr)
    netif_set_link_down                      0x080057a9   Thumb Code    18  netif.o(i.netif_set_link_down)
    netif_set_link_up                        0x080057bb   Thumb Code    28  netif.o(i.netif_set_link_up)
    netif_set_netmask                        0x080057d7   Thumb Code     8  netif.o(i.netif_set_netmask)
    netif_set_up                             0x080057df   Thumb Code    28  netif.o(i.netif_set_up)
    pbuf_alloc                               0x080057fd   Thumb Code   478  pbuf.o(i.pbuf_alloc)
    pbuf_alloced_custom                      0x08005b79   Thumb Code    98  pbuf.o(i.pbuf_alloced_custom)
    pbuf_cat                                 0x08005c59   Thumb Code    96  pbuf.o(i.pbuf_cat)
    pbuf_clen                                0x08005d89   Thumb Code    18  pbuf.o(i.pbuf_clen)
    pbuf_copy                                0x08005d9d   Thumb Code   242  pbuf.o(i.pbuf_copy)
    pbuf_copy_partial                        0x08005f89   Thumb Code   126  pbuf.o(i.pbuf_copy_partial)
    pbuf_free                                0x080060a5   Thumb Code   174  pbuf.o(i.pbuf_free)
    pbuf_free_custom                         0x0800620d   Thumb Code    24  ethernetif.o(i.pbuf_free_custom)
    pbuf_free_ooseq                          0x08006229   Thumb Code    34  pbuf.o(i.pbuf_free_ooseq)
    pbuf_header                              0x08006255   Thumb Code     6  pbuf.o(i.pbuf_header)
    pbuf_header_force                        0x0800625b   Thumb Code     6  pbuf.o(i.pbuf_header_force)
    pbuf_realloc                             0x08006385   Thumb Code   196  pbuf.o(i.pbuf_realloc)
    pbuf_ref                                 0x0800651d   Thumb Code    32  pbuf.o(i.pbuf_ref)
    sys_check_timeouts                       0x08006725   Thumb Code    80  timeouts.o(i.sys_check_timeouts)
    sys_now                                  0x0800677d   Thumb Code     4  ethernetif.o(i.sys_now)
    sys_timeout                              0x08006781   Thumb Code   156  timeouts.o(i.sys_timeout)
    sys_timeouts_init                        0x080068bd   Thumb Code    38  timeouts.o(i.sys_timeouts_init)
    tcp_abandon                              0x080068f1   Thumb Code   230  tcp.o(i.tcp_abandon)
    tcp_abort                                0x08006a69   Thumb Code     6  tcp.o(i.tcp_abort)
    tcp_alloc                                0x08006a71   Thumb Code   248  tcp.o(i.tcp_alloc)
    tcp_close                                0x08006b75   Thumb Code    20  tcp.o(i.tcp_close)
    tcp_eff_send_mss_impl                    0x08006ef9   Thumb Code    34  tcp.o(i.tcp_eff_send_mss_impl)
    tcp_enqueue_flags                        0x08006f1d   Thumb Code   262  tcp_out.o(i.tcp_enqueue_flags)
    tcp_fasttmr                              0x0800712d   Thumb Code   102  tcp.o(i.tcp_fasttmr)
    tcp_init                                 0x080071c9   Thumb Code     2  tcp.o(i.tcp_init)
    tcp_input                                0x080071cd   Thumb Code  1496  tcp_in.o(i.tcp_input)
    tcp_keepalive                            0x080077e5   Thumb Code    82  tcp_out.o(i.tcp_keepalive)
    tcp_netif_ip_addr_changed                0x08007ab5   Thumb Code    72  tcp.o(i.tcp_netif_ip_addr_changed)
    tcp_next_iss                             0x08007b25   Thumb Code    12  tcp.o(i.tcp_next_iss)
    tcp_output                               0x08007bb1   Thumb Code   562  tcp_out.o(i.tcp_output)
    tcp_pcb_purge                            0x080080b9   Thumb Code    66  tcp.o(i.tcp_pcb_purge)
    tcp_pcb_remove                           0x080080fd   Thumb Code   140  tcp.o(i.tcp_pcb_remove)
    tcp_process_refused_data                 0x080086b5   Thumb Code   108  tcp.o(i.tcp_process_refused_data)
    tcp_recv_null                            0x08009153   Thumb Code    36  tcp.o(i.tcp_recv_null)
    tcp_recved                               0x08009179   Thumb Code   106  tcp.o(i.tcp_recved)
    tcp_rexmit                               0x08009289   Thumb Code    86  tcp_out.o(i.tcp_rexmit)
    tcp_rexmit_fast                          0x080092df   Thumb Code    88  tcp_out.o(i.tcp_rexmit_fast)
    tcp_rexmit_rto                           0x08009337   Thumb Code    48  tcp_out.o(i.tcp_rexmit_rto)
    tcp_rst                                  0x08009369   Thumb Code   148  tcp_out.o(i.tcp_rst)
    tcp_seg_copy                             0x08009489   Thumb Code    40  tcp.o(i.tcp_seg_copy)
    tcp_seg_free                             0x080094b1   Thumb Code    28  tcp.o(i.tcp_seg_free)
    tcp_segs_free                            0x080094cd   Thumb Code    18  tcp.o(i.tcp_segs_free)
    tcp_send_empty_ack                       0x080094df   Thumb Code   114  tcp_out.o(i.tcp_send_empty_ack)
    tcp_send_fin                             0x08009551   Thumb Code    68  tcp_out.o(i.tcp_send_fin)
    tcp_slowtmr                              0x08009595   Thumb Code   786  tcp.o(i.tcp_slowtmr)
    tcp_timer_needed                         0x08009a71   Thumb Code    36  timeouts.o(i.tcp_timer_needed)
    tcp_tmr                                  0x08009b0d   Thumb Code    28  tcp.o(i.tcp_tmr)
    tcp_trigger_input_pcb_close              0x08009b2d   Thumb Code    12  tcp_in.o(i.tcp_trigger_input_pcb_close)
    tcp_update_rcv_ann_wnd                   0x08009b3d   Thumb Code    76  tcp.o(i.tcp_update_rcv_ann_wnd)
    tcp_zero_window_probe                    0x08009bfd   Thumb Code   174  tcp_out.o(i.tcp_zero_window_probe)
    udp_init                                 0x08009ce5   Thumb Code     2  udp.o(i.udp_init)
    udp_input                                0x08009ce9   Thumb Code   294  udp.o(i.udp_input)
    udp_netif_ip_addr_changed                0x08009e85   Thumb Code    48  udp.o(i.udp_netif_ip_addr_changed)
    memp_RX_POOL                             0x08009eb8   Data          12  ethernetif.o(.constdata)
    D1CorePrescTable                         0x08009ec4   Data          16  system_stm32h7xx_dualcore_boot_cm4_cm7.o(.constdata)
    ethbroadcast                             0x08009ed4   Data           6  ethernet.o(.constdata)
    ethzero                                  0x08009eda   Data           6  ethernet.o(.constdata)
    memp_UDP_PCB                             0x08009ee0   Data          12  memp.o(.constdata)
    memp_TCP_PCB                             0x08009eec   Data          12  memp.o(.constdata)
    memp_TCP_PCB_LISTEN                      0x08009ef8   Data          12  memp.o(.constdata)
    memp_TCP_SEG                             0x08009f04   Data          12  memp.o(.constdata)
    memp_REASSDATA                           0x08009f10   Data          12  memp.o(.constdata)
    memp_FRAG_PBUF                           0x08009f1c   Data          12  memp.o(.constdata)
    memp_SYS_TIMEOUT                         0x08009f28   Data          12  memp.o(.constdata)
    memp_PBUF                                0x08009f34   Data          12  memp.o(.constdata)
    memp_PBUF_POOL                           0x08009f40   Data          12  memp.o(.constdata)
    memp_pools                               0x08009f4c   Data          36  memp.o(.constdata)
    tcp_pcb_lists                            0x08009fb4   Data          16  tcp.o(.constdata)
    lwip_cyclic_timers                       0x08009fc4   Data          24  timeouts.o(.constdata)
    ip_addr_any                              0x08009fdc   Data           4  ip4_addr.o(.constdata)
    Region$$Table$$Base                      0x0800a0f4   Number         0  anon$$obj.o(Region$$Table)
    Region$$Table$$Limit                     0x0800a144   Number         0  anon$$obj.o(Region$$Table)
    gnetif                                   0x20000000   Data          48  lwip.o(.bss)
    heth                                     0x20000030   Data         112  ethernetif.o(.bss)
    TxConfig                                 0x200000a0   Data          52  ethernetif.o(.bss)
    LAN8742                                  0x200000d4   Data          32  ethernetif.o(.bss)
    memp_memory_RX_POOL_base                 0x200000f4   Data         203  ethernetif.o(.bss)
    ip_data                                  0x200001c0   Data          24  ip.o(.bss)
    memp_memory_UDP_PCB_base                 0x200001d8   Data         131  memp.o(.bss)
    memp_memory_TCP_PCB_base                 0x2000025b   Data         763  memp.o(.bss)
    memp_memory_TCP_PCB_LISTEN_base          0x20000556   Data         227  memp.o(.bss)
    memp_memory_TCP_SEG_base                 0x20000639   Data         259  memp.o(.bss)
    memp_memory_REASSDATA_base               0x2000073c   Data         163  memp.o(.bss)
    memp_memory_FRAG_PBUF_base               0x200007df   Data         363  memp.o(.bss)
    memp_memory_SYS_TIMEOUT_base             0x2000094a   Data          51  memp.o(.bss)
    memp_memory_PBUF_base                    0x2000097d   Data         259  memp.o(.bss)
    memp_memory_PBUF_POOL_base               0x20000a80   Data        9731  memp.o(.bss)
    __initial_sp                             0x20007188   Data           0  startup_stm32h747xx_cm7.o(STACK)
    DMARxDscrTab                             0x30040000   Data          96  ethernetif.o(.RxDecripSection)
    DMATxDscrTab                             0x30040060   Data          96  ethernetif.o(.TxDecripSection)
    Rx_Buff                                  0x30040200   Data        6144  ethernetif.o(.RxArraySection)
    IP_ADDRESS                               0x38000000   Data           4  lwip.o(.data)
    NETMASK_ADDRESS                          0x38000004   Data           4  lwip.o(.data)
    GATEWAY_ADDRESS                          0x38000008   Data           4  lwip.o(.data)
    ipaddr                                   0x3800000c   Data           4  lwip.o(.data)
    netmask                                  0x38000010   Data           4  lwip.o(.data)
    gw                                       0x38000014   Data           4  lwip.o(.data)
    LAN8742_IOCtx                            0x38000018   Data          20  ethernetif.o(.data)
    uwTickFreq                               0x38000030   Data           1  stm32h7xx_hal.o(.data)
    uwTickPrio                               0x38000034   Data           4  stm32h7xx_hal.o(.data)
    uwTick                                   0x38000038   Data           4  stm32h7xx_hal.o(.data)
    SystemCoreClock                          0x3800003c   Data           4  system_stm32h7xx_dualcore_boot_cm4_cm7.o(.data)
    SystemD2Clock                            0x38000040   Data           4  system_stm32h7xx_dualcore_boot_cm4_cm7.o(.data)
    netif_list                               0x38000078   Data           4  netif.o(.data)
    netif_default                            0x3800007c   Data           4  netif.o(.data)
    pbuf_free_ooseq_pending                  0x38000080   Data           1  pbuf.o(.data)
    tcp_active_pcbs_changed                  0x38000084   Data           1  tcp.o(.data)
    tcp_ticks                                0x38000090   Data           4  tcp.o(.data)
    tcp_bound_pcbs                           0x38000094   Data           4  tcp.o(.data)
    tcp_listen_pcbs                          0x38000098   Data           4  tcp.o(.data)
    tcp_active_pcbs                          0x3800009c   Data           4  tcp.o(.data)
    tcp_tw_pcbs                              0x380000a0   Data           4  tcp.o(.data)
    tcp_input_pcb                            0x380000c4   Data           4  tcp_in.o(.data)
    udp_pcbs                                 0x380000d8   Data           4  udp.o(.data)
    __stdout                                 0x380000e8   Data           4  stdout.o(.data)



==============================================================================

Memory Map of the image

  Image Entry point : 0x08000299

  Load Region LR_IROM1 (Base: 0x08000000, Size: 0x0000baf0, Max: 0x00100000, ABSOLUTE, COMPRESSED[0x0000a324])

    Execution Region ER_IROM1 (Exec base: 0x08000000, Load base: 0x08000000, Size: 0x0000a144, Max: 0x00100000, ABSOLUTE)

    Exec Addr    Load Addr    Size         Type   Attr      Idx    E Section Name        Object

    0x08000000   0x08000000   0x00000298   Data   RO            3    RESET               startup_stm32h747xx_cm7.o
    0x08000298   0x08000298   0x00000000   Code   RO         6741  * .ARM.Collect$$$$00000000  mc_w.l(entry.o)
    0x08000298   0x08000298   0x00000004   Code   RO         7017    .ARM.Collect$$$$00000001  mc_w.l(entry2.o)
    0x0800029c   0x0800029c   0x00000004   Code   RO         7020    .ARM.Collect$$$$00000004  mc_w.l(entry5.o)
    0x080002a0   0x080002a0   0x00000000   Code   RO         7022    .ARM.Collect$$$$00000008  mc_w.l(entry7b.o)
    0x080002a0   0x080002a0   0x00000000   Code   RO         7024    .ARM.Collect$$$$0000000A  mc_w.l(entry8b.o)
    0x080002a0   0x080002a0   0x00000008   Code   RO         7025    .ARM.Collect$$$$0000000B  mc_w.l(entry9a.o)
    0x080002a8   0x080002a8   0x00000000   Code   RO         7027    .ARM.Collect$$$$0000000D  mc_w.l(entry10a.o)
    0x080002a8   0x080002a8   0x00000000   Code   RO         7029    .ARM.Collect$$$$0000000F  mc_w.l(entry11a.o)
    0x080002a8   0x080002a8   0x00000004   Code   RO         7018    .ARM.Collect$$$$00002712  mc_w.l(entry2.o)
    0x080002ac   0x080002ac   0x00000024   Code   RO            4    .text               startup_stm32h747xx_cm7.o
    0x080002d0   0x080002d0   0x00000024   Code   RO         6744    .text               mc_w.l(memcpya.o)
    0x080002f4   0x080002f4   0x00000024   Code   RO         6746    .text               mc_w.l(memseta.o)
    0x08000318   0x08000318   0x0000001a   Code   RO         6750    .text               mc_w.l(memcmp.o)
    0x08000332   0x08000332   0x0000002c   Code   RO         7034    .text               mc_w.l(uidiv.o)
    0x0800035e   0x0800035e   0x00000002   PAD
    0x08000360   0x08000360   0x00000024   Code   RO         7049    .text               mc_w.l(init.o)
    0x08000384   0x08000384   0x00000000   Code   RO         7051    .text               mc_w.l(semi.o)
    0x08000384   0x08000384   0x00000000   Code   RO         7058    .text               mc_w.l(iusesemip.o)
    0x08000384   0x08000384   0x00000056   Code   RO         7069    .text               mc_w.l(__dczerorl2.o)
    0x080003da   0x080003da   0x00000002   Code   RO          483    i.BusFault_Handler  stm32h7xx_it.o
    0x080003dc   0x080003dc   0x00000002   Code   RO          484    i.DebugMon_Handler  stm32h7xx_it.o
    0x080003de   0x080003de   0x00000002   PAD
    0x080003e0   0x080003e0   0x0000000c   Code   RO          485    i.ETH_IRQHandler    stm32h7xx_it.o
    0x080003ec   0x080003ec   0x000000d8   Code   RO          679    i.ETH_MACDMAConfig  stm32h7xx_hal_eth.o
    0x080004c4   0x080004c4   0x00000004   Code   RO          337    i.ETH_PHY_IO_DeInit  ethernetif.o
    0x080004c8   0x080004c8   0x00000004   Code   RO          338    i.ETH_PHY_IO_GetTick  ethernetif.o
    0x080004cc   0x080004cc   0x00000010   Code   RO          339    i.ETH_PHY_IO_Init   ethernetif.o
    0x080004dc   0x080004dc   0x0000001c   Code   RO          340    i.ETH_PHY_IO_ReadReg  ethernetif.o
    0x080004f8   0x080004f8   0x0000001c   Code   RO          341    i.ETH_PHY_IO_WriteReg  ethernetif.o
    0x08000514   0x08000514   0x00000300   Code   RO          680    i.ETH_Prepare_Tx_Descriptors  stm32h7xx_hal_eth.o
    0x08000814   0x08000814   0x000000b4   Code   RO          681    i.ETH_SetDMAConfig  stm32h7xx_hal_eth.o
    0x080008c8   0x080008c8   0x000001a8   Code   RO          682    i.ETH_SetMACConfig  stm32h7xx_hal_eth.o
    0x08000a70   0x08000a70   0x00000002   Code   RO           13    i.Error_Handler     main.o
    0x08000a72   0x08000a72   0x00000002   PAD
    0x08000a74   0x08000a74   0x00000024   Code   RO         2640    i.HAL_Delay         stm32h7xx_hal.o
    0x08000a98   0x08000a98   0x00000078   Code   RO          683    i.HAL_ETH_BuildRxDescriptors  stm32h7xx_hal_eth.o
    0x08000b10   0x08000b10   0x00000002   Code   RO          684    i.HAL_ETH_DMAErrorCallback  stm32h7xx_hal_eth.o
    0x08000b12   0x08000b12   0x0000003c   Code   RO          686    i.HAL_ETH_DescAssignMemory  stm32h7xx_hal_eth.o
    0x08000b4e   0x08000b4e   0x00000002   Code   RO          687    i.HAL_ETH_EEECallback  stm32h7xx_hal_eth.o
    0x08000b50   0x08000b50   0x000001cc   Code   RO          693    i.HAL_ETH_GetMACConfig  stm32h7xx_hal_eth.o
    0x08000d1c   0x08000d1c   0x0000009a   Code   RO          697    i.HAL_ETH_GetRxDataBuffer  stm32h7xx_hal_eth.o
    0x08000db6   0x08000db6   0x00000034   Code   RO          699    i.HAL_ETH_GetRxDataLength  stm32h7xx_hal_eth.o
    0x08000dea   0x08000dea   0x0000013e   Code   RO          701    i.HAL_ETH_IRQHandler  stm32h7xx_hal_eth.o
    0x08000f28   0x08000f28   0x00000204   Code   RO          702    i.HAL_ETH_Init      stm32h7xx_hal_eth.o
    0x0800112c   0x0800112c   0x000000ce   Code   RO          703    i.HAL_ETH_IsRxDataAvailable  stm32h7xx_hal_eth.o
    0x080011fa   0x080011fa   0x00000002   Code   RO          704    i.HAL_ETH_MACErrorCallback  stm32h7xx_hal_eth.o
    0x080011fc   0x080011fc   0x000000d8   Code   RO          343    i.HAL_ETH_MspInit   ethernetif.o
    0x080012d4   0x080012d4   0x00000002   Code   RO          707    i.HAL_ETH_PMTCallback  stm32h7xx_hal_eth.o
    0x080012d6   0x080012d6   0x00000002   PAD
    0x080012d8   0x080012d8   0x00000064   Code   RO          708    i.HAL_ETH_ReadPHYRegister  stm32h7xx_hal_eth.o
    0x0800133c   0x0800133c   0x00000002   Code   RO          709    i.HAL_ETH_RxCpltCallback  stm32h7xx_hal_eth.o
    0x0800133e   0x0800133e   0x00000016   Code   RO          712    i.HAL_ETH_SetMACConfig  stm32h7xx_hal_eth.o
    0x08001354   0x08001354   0x00000078   Code   RO          714    i.HAL_ETH_SetMDIOClockRange  stm32h7xx_hal_eth.o
    0x080013cc   0x080013cc   0x00000074   Code   RO          718    i.HAL_ETH_Start     stm32h7xx_hal_eth.o
    0x08001440   0x08001440   0x0000005c   Code   RO          720    i.HAL_ETH_Stop      stm32h7xx_hal_eth.o
    0x0800149c   0x0800149c   0x000000b8   Code   RO          722    i.HAL_ETH_Transmit  stm32h7xx_hal_eth.o
    0x08001554   0x08001554   0x00000002   Code   RO          724    i.HAL_ETH_TxCpltCallback  stm32h7xx_hal_eth.o
    0x08001556   0x08001556   0x00000002   Code   RO          725    i.HAL_ETH_WakeUpCallback  stm32h7xx_hal_eth.o
    0x08001558   0x08001558   0x00000064   Code   RO          726    i.HAL_ETH_WritePHYRegister  stm32h7xx_hal_eth.o
    0x080015bc   0x080015bc   0x00000230   Code   RO         1620    i.HAL_GPIO_Init     stm32h7xx_hal_gpio.o
    0x080017ec   0x080017ec   0x00000018   Code   RO         2492    i.HAL_GetCurrentCPUID  stm32h7xx_hal_cortex.o
    0x08001804   0x08001804   0x0000000c   Code   RO         2663    i.HAL_GetREVID      stm32h7xx_hal.o
    0x08001810   0x08001810   0x0000000c   Code   RO         2664    i.HAL_GetTick       stm32h7xx_hal.o
    0x0800181c   0x0800181c   0x00000020   Code   RO         1685    i.HAL_HSEM_FastTake  stm32h7xx_hal_hsem.o
    0x0800183c   0x0800183c   0x00000014   Code   RO         1690    i.HAL_HSEM_Release  stm32h7xx_hal_hsem.o
    0x08001850   0x08001850   0x00000010   Code   RO         2670    i.HAL_IncTick       stm32h7xx_hal.o
    0x08001860   0x08001860   0x0000005c   Code   RO         2671    i.HAL_Init          stm32h7xx_hal.o
    0x080018bc   0x080018bc   0x00000040   Code   RO         2672    i.HAL_InitTick      stm32h7xx_hal.o
    0x080018fc   0x080018fc   0x0000005c   Code   RO         2493    i.HAL_MPU_ConfigRegion  stm32h7xx_hal_cortex.o
    0x08001958   0x08001958   0x0000001c   Code   RO         2494    i.HAL_MPU_Disable   stm32h7xx_hal_cortex.o
    0x08001974   0x08001974   0x00000024   Code   RO         2495    i.HAL_MPU_Enable    stm32h7xx_hal_cortex.o
    0x08001998   0x08001998   0x0000001c   Code   RO          565    i.HAL_MspInit       stm32h7xx_hal_msp.o
    0x080019b4   0x080019b4   0x0000001a   Code   RO         2498    i.HAL_NVIC_EnableIRQ  stm32h7xx_hal_cortex.o
    0x080019ce   0x080019ce   0x00000002   PAD
    0x080019d0   0x080019d0   0x00000040   Code   RO         2504    i.HAL_NVIC_SetPriority  stm32h7xx_hal_cortex.o
    0x08001a10   0x08001a10   0x00000024   Code   RO         2505    i.HAL_NVIC_SetPriorityGrouping  stm32h7xx_hal_cortex.o
    0x08001a34   0x08001a34   0x00000084   Code   RO         2222    i.HAL_PWREx_ConfigSupply  stm32h7xx_hal_pwr_ex.o
    0x08001ab8   0x08001ab8   0x0000025c   Code   RO         1120    i.HAL_RCC_ClockConfig  stm32h7xx_hal_rcc.o
    0x08001d14   0x08001d14   0x00000044   Code   RO         1125    i.HAL_RCC_GetHCLKFreq  stm32h7xx_hal_rcc.o
    0x08001d58   0x08001d58   0x00000138   Code   RO         1129    i.HAL_RCC_GetSysClockFreq  stm32h7xx_hal_rcc.o
    0x08001e90   0x08001e90   0x000004ea   Code   RO         1132    i.HAL_RCC_OscConfig  stm32h7xx_hal_rcc.o
    0x0800237a   0x0800237a   0x00000002   PAD
    0x0800237c   0x0800237c   0x00000014   Code   RO         2686    i.HAL_SYSCFG_ETHInterfaceSelect  stm32h7xx_hal.o
    0x08002390   0x08002390   0x00000026   Code   RO         2509    i.HAL_SYSTICK_Config  stm32h7xx_hal_cortex.o
    0x080023b6   0x080023b6   0x00000002   Code   RO          486    i.HardFault_Handler  stm32h7xx_it.o
    0x080023b8   0x080023b8   0x00000094   Code   RO          595    i.LAN8742_GetLinkState  lan8742.o
    0x0800244c   0x0800244c   0x000000cc   Code   RO          596    i.LAN8742_Init      lan8742.o
    0x08002518   0x08002518   0x0000002c   Code   RO          597    i.LAN8742_RegisterBusIO  lan8742.o
    0x08002544   0x08002544   0x0000008c   Code   RO           14    i.MPU_Config        main.o
    0x080025d0   0x080025d0   0x000000d4   Code   RO          269    i.MX_LWIP_Init      lwip.o
    0x080026a4   0x080026a4   0x00000014   Code   RO          270    i.MX_LWIP_Process   lwip.o
    0x080026b8   0x080026b8   0x00000002   Code   RO          487    i.MemManage_Handler  stm32h7xx_it.o
    0x080026ba   0x080026ba   0x00000002   Code   RO          488    i.NMI_Handler       stm32h7xx_it.o
    0x080026bc   0x080026bc   0x00000002   Code   RO          489    i.PendSV_Handler    stm32h7xx_it.o
    0x080026be   0x080026be   0x00000002   PAD
    0x080026c0   0x080026c0   0x00000024   Code   RO          344    i.SCB_InvalidateDCache_by_Addr  ethernetif.o
    0x080026e4   0x080026e4   0x00000002   Code   RO          490    i.SVC_Handler       stm32h7xx_it.o
    0x080026e6   0x080026e6   0x00000004   Code   RO          491    i.SysTick_Handler   stm32h7xx_it.o
    0x080026ea   0x080026ea   0x00000002   PAD
    0x080026ec   0x080026ec   0x0000009c   Code   RO           15    i.SystemClock_Config  main.o
    0x08002788   0x08002788   0x000000b8   Code   RO         3672    i.SystemInit        system_stm32h7xx_dualcore_boot_cm4_cm7.o
    0x08002840   0x08002840   0x00000002   Code   RO          492    i.UsageFault_Handler  stm32h7xx_it.o
    0x08002842   0x08002842   0x00000002   PAD
    0x08002844   0x08002844   0x00000020   Code   RO         6845    i.__0printf$3       mc_w.l(printf3.o)
    0x08002864   0x08002864   0x00000022   Code   RO         2511    i.__NVIC_SetPriority  stm32h7xx_hal_cortex.o
    0x08002886   0x08002886   0x0000000e   Code   RO         7063    i.__scatterload_copy  mc_w.l(handlers.o)
    0x08002894   0x08002894   0x00000002   Code   RO         7064    i.__scatterload_null  mc_w.l(handlers.o)
    0x08002896   0x08002896   0x0000000e   Code   RO         7065    i.__scatterload_zeroinit  mc_w.l(handlers.o)
    0x080028a4   0x080028a4   0x000001b8   Code   RO         6852    i._printf_core      mc_w.l(printf3.o)
    0x08002a5c   0x08002a5c   0x0000001c   Code   RO         5784    i.cyclic_timer      timeouts.o
    0x08002a78   0x08002a78   0x0000009c   Code   RO         4796    i.do_memp_free_pool  memp.o
    0x08002b14   0x08002b14   0x000000a4   Code   RO         4797    i.do_memp_malloc_pool  memp.o
    0x08002bb8   0x08002bb8   0x00000030   Code   RO         6013    i.etharp_cleanup_netif  etharp.o
    0x08002be8   0x08002be8   0x00000258   Code   RO         6015    i.etharp_find_entry  etharp.o
    0x08002e40   0x08002e40   0x00000024   Code   RO         6016    i.etharp_free_entry  etharp.o
    0x08002e64   0x08002e64   0x00000104   Code   RO         6018    i.etharp_input      etharp.o
    0x08002f68   0x08002f68   0x000001a8   Code   RO         6019    i.etharp_output     etharp.o
    0x08003110   0x08003110   0x00000110   Code   RO         6020    i.etharp_output_to_arp_index  etharp.o
    0x08003220   0x08003220   0x000001d8   Code   RO         6021    i.etharp_query      etharp.o
    0x080033f8   0x080033f8   0x00000170   Code   RO         6022    i.etharp_raw        etharp.o
    0x08003568   0x08003568   0x0000000c   Code   RO         6023    i.etharp_request    etharp.o
    0x08003574   0x08003574   0x00000020   Code   RO         6024    i.etharp_request_dst  etharp.o
    0x08003594   0x08003594   0x00000060   Code   RO         6025    i.etharp_tmr        etharp.o
    0x080035f4   0x080035f4   0x0000011c   Code   RO         6026    i.etharp_update_arp_entry  etharp.o
    0x08003710   0x08003710   0x000000a0   Code   RO         4146    i.ethernet_input    ethernet.o
    0x080037b0   0x080037b0   0x0000008c   Code   RO          345    i.ethernet_link_check_state  ethernetif.o
    0x0800383c   0x0800383c   0x000000f8   Code   RO         4147    i.ethernet_output   ethernet.o
    0x08003934   0x08003934   0x0000008c   Code   RO          346    i.ethernetif_init   ethernetif.o
    0x080039c0   0x080039c0   0x00000022   Code   RO          347    i.ethernetif_input  ethernetif.o
    0x080039e2   0x080039e2   0x00000012   Code   RO         7031    i.fputc             mc_w.l(fputc.o)
    0x080039f4   0x080039f4   0x00000008   Code   RO         6113    i.icmp_dest_unreach  icmp.o
    0x080039fc   0x080039fc   0x000001e8   Code   RO         6114    i.icmp_input        icmp.o
    0x08003be4   0x08003be4   0x0000010c   Code   RO         6115    i.icmp_send_response  icmp.o
    0x08003cf0   0x08003cf0   0x00000008   Code   RO         6116    i.icmp_time_exceeded  icmp.o
    0x08003cf8   0x08003cf8   0x0000002e   Code   RO         6232    i.ip4_addr_isbroadcast_u32  ip4_addr.o
    0x08003d26   0x08003d26   0x00000002   PAD
    0x08003d28   0x08003d28   0x00000254   Code   RO         6298    i.ip4_frag          ip4_frag.o
    0x08003f7c   0x08003f7c   0x000001a4   Code   RO         6179    i.ip4_input         ip4.o
    0x08004120   0x08004120   0x0000001e   Code   RO         6181    i.ip4_output_if     ip4.o
    0x0800413e   0x0800413e   0x00000002   PAD
    0x08004140   0x08004140   0x00000170   Code   RO         6182    i.ip4_output_if_src  ip4.o
    0x080042b0   0x080042b0   0x000001b4   Code   RO         6299    i.ip4_reass         ip4_frag.o
    0x08004464   0x08004464   0x0000005c   Code   RO         6183    i.ip4_route         ip4.o
    0x080044c0   0x080044c0   0x00000090   Code   RO         6300    i.ip_frag_free_pbuf_custom_ref  ip4_frag.o
    0x08004550   0x08004550   0x00000260   Code   RO         6301    i.ip_reass_chain_frag_into_datagram_and_validate  ip4_frag.o
    0x080047b0   0x080047b0   0x000000bc   Code   RO         6302    i.ip_reass_dequeue_datagram  ip4_frag.o
    0x0800486c   0x0800486c   0x00000190   Code   RO         6303    i.ip_reass_free_complete_datagram  ip4_frag.o
    0x080049fc   0x080049fc   0x00000080   Code   RO         6304    i.ip_reass_remove_oldest_datagram  ip4_frag.o
    0x08004a7c   0x08004a7c   0x0000002c   Code   RO         6305    i.ip_reass_tmr      ip4_frag.o
    0x08004aa8   0x08004aa8   0x00000098   Code   RO         6306    i.ipfrag_free_pbuf_custom  ip4_frag.o
    0x08004b40   0x08004b40   0x00000118   Code   RO          348    i.low_level_init    ethernetif.o
    0x08004c58   0x08004c58   0x00000064   Code   RO          349    i.low_level_input   ethernetif.o
    0x08004cbc   0x08004cbc   0x00000068   Code   RO          350    i.low_level_output  ethernetif.o
    0x08004d24   0x08004d24   0x00000004   Code   RO         4470    i.lwip_htonl        def.o
    0x08004d28   0x08004d28   0x00000004   Code   RO         4471    i.lwip_htons        def.o
    0x08004d2c   0x08004d2c   0x0000001e   Code   RO         4623    i.lwip_init         init.o
    0x08004d4a   0x08004d4a   0x00000002   PAD
    0x08004d4c   0x08004d4c   0x00000130   Code   RO           16    i.main              main.o
    0x08004e7c   0x08004e7c   0x0000011c   Code   RO         4732    i.mem_free          mem.o
    0x08004f98   0x08004f98   0x00000030   Code   RO         4733    i.mem_init          mem.o
    0x08004fc8   0x08004fc8   0x000001fc   Code   RO         4734    i.mem_malloc        mem.o
    0x080051c4   0x080051c4   0x0000018c   Code   RO         4735    i.mem_trim          mem.o
    0x08005350   0x08005350   0x0000009c   Code   RO         4798    i.memp_free         memp.o
    0x080053ec   0x080053ec   0x00000088   Code   RO         4799    i.memp_free_pool    memp.o
    0x08005474   0x08005474   0x00000020   Code   RO         4800    i.memp_init         memp.o
    0x08005494   0x08005494   0x0000002a   Code   RO         4801    i.memp_init_pool    memp.o
    0x080054be   0x080054be   0x00000002   PAD
    0x080054c0   0x080054c0   0x000000a4   Code   RO         4802    i.memp_malloc       memp.o
    0x08005564   0x08005564   0x0000008c   Code   RO         4803    i.memp_malloc_pool  memp.o
    0x080055f0   0x080055f0   0x000000e4   Code   RO         4927    i.netif_add         netif.o
    0x080056d4   0x080056d4   0x00000002   Code   RO         4929    i.netif_init        netif.o
    0x080056d6   0x080056d6   0x0000001a   Code   RO         4931    i.netif_issue_reports  netif.o
    0x080056f0   0x080056f0   0x00000048   Code   RO         4933    i.netif_set_addr    netif.o
    0x08005738   0x08005738   0x0000000c   Code   RO         4934    i.netif_set_default  netif.o
    0x08005744   0x08005744   0x0000001a   Code   RO         4935    i.netif_set_down    netif.o
    0x0800575e   0x0800575e   0x00000008   Code   RO         4936    i.netif_set_gw      netif.o
    0x08005766   0x08005766   0x00000002   PAD
    0x08005768   0x08005768   0x00000040   Code   RO         4937    i.netif_set_ipaddr  netif.o
    0x080057a8   0x080057a8   0x00000012   Code   RO         4938    i.netif_set_link_down  netif.o
    0x080057ba   0x080057ba   0x0000001c   Code   RO         4939    i.netif_set_link_up  netif.o
    0x080057d6   0x080057d6   0x00000008   Code   RO         4940    i.netif_set_netmask  netif.o
    0x080057de   0x080057de   0x0000001c   Code   RO         4941    i.netif_set_up      netif.o
    0x080057fa   0x080057fa   0x00000002   PAD
    0x080057fc   0x080057fc   0x0000037c   Code   RO         5055    i.pbuf_alloc        pbuf.o
    0x08005b78   0x08005b78   0x000000e0   Code   RO         5056    i.pbuf_alloced_custom  pbuf.o
    0x08005c58   0x08005c58   0x00000130   Code   RO         5057    i.pbuf_cat          pbuf.o
    0x08005d88   0x08005d88   0x00000012   Code   RO         5059    i.pbuf_clen         pbuf.o
    0x08005d9a   0x08005d9a   0x00000002   PAD
    0x08005d9c   0x08005d9c   0x000001ec   Code   RO         5061    i.pbuf_copy         pbuf.o
    0x08005f88   0x08005f88   0x0000011c   Code   RO         5062    i.pbuf_copy_partial  pbuf.o
    0x080060a4   0x080060a4   0x00000168   Code   RO         5064    i.pbuf_free         pbuf.o
    0x0800620c   0x0800620c   0x0000001c   Code   RO          351    i.pbuf_free_custom  ethernetif.o
    0x08006228   0x08006228   0x0000002c   Code   RO         5065    i.pbuf_free_ooseq   pbuf.o
    0x08006254   0x08006254   0x00000006   Code   RO         5067    i.pbuf_header       pbuf.o
    0x0800625a   0x0800625a   0x00000006   Code   RO         5068    i.pbuf_header_force  pbuf.o
    0x08006260   0x08006260   0x00000124   Code   RO         5069    i.pbuf_header_impl  pbuf.o
    0x08006384   0x08006384   0x00000198   Code   RO         5073    i.pbuf_realloc      pbuf.o
    0x0800651c   0x0800651c   0x0000008c   Code   RO         5074    i.pbuf_ref          pbuf.o
    0x080065a8   0x080065a8   0x0000017c   Code   RO         4736    i.plug_holes        mem.o
    0x08006724   0x08006724   0x00000058   Code   RO         5785    i.sys_check_timeouts  timeouts.o
    0x0800677c   0x0800677c   0x00000004   Code   RO          353    i.sys_now           ethernetif.o
    0x08006780   0x08006780   0x0000013c   Code   RO         5787    i.sys_timeout       timeouts.o
    0x080068bc   0x080068bc   0x00000034   Code   RO         5788    i.sys_timeouts_init  timeouts.o
    0x080068f0   0x080068f0   0x00000178   Code   RO         5300    i.tcp_abandon       tcp.o
    0x08006a68   0x08006a68   0x00000006   Code   RO         5301    i.tcp_abort         tcp.o
    0x08006a6e   0x08006a6e   0x00000002   PAD
    0x08006a70   0x08006a70   0x00000104   Code   RO         5304    i.tcp_alloc         tcp.o
    0x08006b74   0x08006b74   0x00000014   Code   RO         5307    i.tcp_close         tcp.o
    0x08006b88   0x08006b88   0x0000018c   Code   RO         5308    i.tcp_close_shutdown  tcp.o
    0x08006d14   0x08006d14   0x000000c4   Code   RO         5309    i.tcp_close_shutdown_fin  tcp.o
    0x08006dd8   0x08006dd8   0x00000120   Code   RO         5667    i.tcp_create_segment  tcp_out.o
    0x08006ef8   0x08006ef8   0x00000022   Code   RO         5312    i.tcp_eff_send_mss_impl  tcp.o
    0x08006f1a   0x08006f1a   0x00000002   PAD
    0x08006f1c   0x08006f1c   0x00000210   Code   RO         5668    i.tcp_enqueue_flags  tcp_out.o
    0x0800712c   0x0800712c   0x0000006c   Code   RO         5314    i.tcp_fasttmr       tcp.o
    0x08007198   0x08007198   0x00000030   Code   RO         5583    i.tcp_getoptbyte    tcp_in.o
    0x080071c8   0x080071c8   0x00000002   Code   RO         5315    i.tcp_init          tcp.o
    0x080071ca   0x080071ca   0x00000002   PAD
    0x080071cc   0x080071cc   0x000005d8   Code   RO         5584    i.tcp_input         tcp_in.o
    0x080077a4   0x080077a4   0x00000040   Code   RO         5585    i.tcp_input_delayed_close  tcp_in.o
    0x080077e4   0x080077e4   0x00000052   Code   RO         5669    i.tcp_keepalive     tcp_out.o
    0x08007836   0x08007836   0x00000002   PAD
    0x08007838   0x08007838   0x000000bc   Code   RO         5316    i.tcp_kill_state    tcp.o
    0x080078f4   0x080078f4   0x000000cc   Code   RO         5317    i.tcp_listen_closed  tcp.o
    0x080079c0   0x080079c0   0x000000f4   Code   RO         5586    i.tcp_listen_input  tcp_in.o
    0x08007ab4   0x08007ab4   0x0000004c   Code   RO         5320    i.tcp_netif_ip_addr_changed  tcp.o
    0x08007b00   0x08007b00   0x00000022   Code   RO         5321    i.tcp_netif_ip_addr_changed_pcblist  tcp.o
    0x08007b22   0x08007b22   0x00000002   PAD
    0x08007b24   0x08007b24   0x00000010   Code   RO         5325    i.tcp_next_iss      tcp.o
    0x08007b34   0x08007b34   0x0000007c   Code   RO         5587    i.tcp_oos_insert_segment  tcp_in.o
    0x08007bb0   0x08007bb0   0x000002d4   Code   RO         5670    i.tcp_output        tcp_out.o
    0x08007e84   0x08007e84   0x00000110   Code   RO         5671    i.tcp_output_alloc_header  tcp_out.o
    0x08007f94   0x08007f94   0x000000b0   Code   RO         5672    i.tcp_output_segment  tcp_out.o
    0x08008044   0x08008044   0x00000074   Code   RO         5588    i.tcp_parseopt      tcp_in.o
    0x080080b8   0x080080b8   0x00000042   Code   RO         5326    i.tcp_pcb_purge     tcp.o
    0x080080fa   0x080080fa   0x00000002   PAD
    0x080080fc   0x080080fc   0x00000130   Code   RO         5327    i.tcp_pcb_remove    tcp.o
    0x0800822c   0x0800822c   0x00000488   Code   RO         5589    i.tcp_process       tcp_in.o
    0x080086b4   0x080086b4   0x0000006c   Code   RO         5329    i.tcp_process_refused_data  tcp.o
    0x08008720   0x08008720   0x00000a32   Code   RO         5590    i.tcp_receive       tcp_in.o
    0x08009152   0x08009152   0x00000024   Code   RO         5331    i.tcp_recv_null     tcp.o
    0x08009176   0x08009176   0x00000002   PAD
    0x08009178   0x08009178   0x00000110   Code   RO         5332    i.tcp_recved        tcp.o
    0x08009288   0x08009288   0x00000056   Code   RO         5674    i.tcp_rexmit        tcp_out.o
    0x080092de   0x080092de   0x00000058   Code   RO         5675    i.tcp_rexmit_fast   tcp_out.o
    0x08009336   0x08009336   0x00000030   Code   RO         5676    i.tcp_rexmit_rto    tcp_out.o
    0x08009366   0x08009366   0x00000002   PAD
    0x08009368   0x08009368   0x00000120   Code   RO         5677    i.tcp_rst           tcp_out.o
    0x08009488   0x08009488   0x00000028   Code   RO         5333    i.tcp_seg_copy      tcp.o
    0x080094b0   0x080094b0   0x0000001c   Code   RO         5334    i.tcp_seg_free      tcp.o
    0x080094cc   0x080094cc   0x00000012   Code   RO         5335    i.tcp_segs_free     tcp.o
    0x080094de   0x080094de   0x00000072   Code   RO         5678    i.tcp_send_empty_ack  tcp_out.o
    0x08009550   0x08009550   0x00000044   Code   RO         5679    i.tcp_send_fin      tcp_out.o
    0x08009594   0x08009594   0x000004dc   Code   RO         5339    i.tcp_slowtmr       tcp.o
    0x08009a70   0x08009a70   0x00000034   Code   RO         5791    i.tcp_timer_needed  timeouts.o
    0x08009aa4   0x08009aa4   0x00000068   Code   RO         5591    i.tcp_timewait_input  tcp_in.o
    0x08009b0c   0x08009b0c   0x00000020   Code   RO         5340    i.tcp_tmr           tcp.o
    0x08009b2c   0x08009b2c   0x00000010   Code   RO         5592    i.tcp_trigger_input_pcb_close  tcp_in.o
    0x08009b3c   0x08009b3c   0x000000c0   Code   RO         5342    i.tcp_update_rcv_ann_wnd  tcp.o
    0x08009bfc   0x08009bfc   0x000000ae   Code   RO         5682    i.tcp_zero_window_probe  tcp_out.o
    0x08009caa   0x08009caa   0x00000002   PAD
    0x08009cac   0x08009cac   0x00000038   Code   RO         5792    i.tcpip_tcp_timer   timeouts.o
    0x08009ce4   0x08009ce4   0x00000002   Code   RO         5867    i.udp_init          udp.o
    0x08009ce6   0x08009ce6   0x00000002   PAD
    0x08009ce8   0x08009ce8   0x0000019c   Code   RO         5868    i.udp_input         udp.o
    0x08009e84   0x08009e84   0x00000034   Code   RO         5869    i.udp_netif_ip_addr_changed  udp.o
    0x08009eb8   0x08009eb8   0x0000000c   Data   RO          359    .constdata          ethernetif.o
    0x08009ec4   0x08009ec4   0x00000010   Data   RO         3673    .constdata          system_stm32h7xx_dualcore_boot_cm4_cm7.o
    0x08009ed4   0x08009ed4   0x00000006   Data   RO         4148    .constdata          ethernet.o
    0x08009eda   0x08009eda   0x00000006   Data   RO         4149    .constdata          ethernet.o
    0x08009ee0   0x08009ee0   0x0000000c   Data   RO         4813    .constdata          memp.o
    0x08009eec   0x08009eec   0x0000000c   Data   RO         4814    .constdata          memp.o
    0x08009ef8   0x08009ef8   0x0000000c   Data   RO         4815    .constdata          memp.o
    0x08009f04   0x08009f04   0x0000000c   Data   RO         4816    .constdata          memp.o
    0x08009f10   0x08009f10   0x0000000c   Data   RO         4817    .constdata          memp.o
    0x08009f1c   0x08009f1c   0x0000000c   Data   RO         4818    .constdata          memp.o
    0x08009f28   0x08009f28   0x0000000c   Data   RO         4819    .constdata          memp.o
    0x08009f34   0x08009f34   0x0000000c   Data   RO         4820    .constdata          memp.o
    0x08009f40   0x08009f40   0x0000000c   Data   RO         4821    .constdata          memp.o
    0x08009f4c   0x08009f4c   0x00000024   Data   RO         4822    .constdata          memp.o
    0x08009f70   0x08009f70   0x00000054   Data   RO         5343    .constdata          tcp.o
    0x08009fc4   0x08009fc4   0x00000018   Data   RO         5793    .constdata          timeouts.o
    0x08009fdc   0x08009fdc   0x00000004   Data   RO         6239    .constdata          ip4_addr.o
    0x08009fe0   0x08009fe0   0x00000075   Data   RO         5344    .conststring        tcp.o
    0x0800a055   0x0800a055   0x00000003   PAD
    0x0800a058   0x0800a058   0x00000055   Data   RO         5683    .conststring        tcp_out.o
    0x0800a0ad   0x0800a0ad   0x00000003   PAD
    0x0800a0b0   0x0800a0b0   0x00000041   Data   RO         6028    .conststring        etharp.o
    0x0800a0f1   0x0800a0f1   0x00000003   PAD
    0x0800a0f4   0x0800a0f4   0x00000050   Data   RO         7061    Region$$Table       anon$$obj.o


    Execution Region RW_IRAM1 (Exec base: 0x20000000, Load base: 0x0800a144, Size: 0x00007188, Max: 0x20020000, ABSOLUTE)

    Exec Addr    Load Addr    Size         Type   Attr      Idx    E Section Name        Object

    0x20000000        -       0x00000030   Zero   RW          275    .bss                lwip.o
    0x20000030        -       0x000000c4   Zero   RW          357    .bss                ethernetif.o
    0x200000f4        -       0x000000cb   Zero   RW          358    .bss                ethernetif.o
    0x200001bf   0x0800a144   0x00000001   PAD
    0x200001c0        -       0x00000018   Zero   RW         4700    .bss                ip.o
    0x200001d8        -       0x00000083   Zero   RW         4804    .bss                memp.o
    0x2000025b        -       0x000002fb   Zero   RW         4805    .bss                memp.o
    0x20000556        -       0x000000e3   Zero   RW         4806    .bss                memp.o
    0x20000639        -       0x00000103   Zero   RW         4807    .bss                memp.o
    0x2000073c        -       0x000000a3   Zero   RW         4808    .bss                memp.o
    0x200007df        -       0x0000016b   Zero   RW         4809    .bss                memp.o
    0x2000094a        -       0x00000033   Zero   RW         4810    .bss                memp.o
    0x2000097d        -       0x00000103   Zero   RW         4811    .bss                memp.o
    0x20000a80        -       0x00002603   Zero   RW         4812    .bss                memp.o
    0x20003083   0x0800a144   0x00000001   PAD
    0x20003084        -       0x00000010   Zero   RW         5593    .bss                tcp_in.o
    0x20003094        -       0x000000f0   Zero   RW         6027    .bss                etharp.o
    0x20003184   0x0800a144   0x00000004   PAD
    0x20003188        -       0x00004000   Zero   RW            1    STACK               startup_stm32h747xx_cm7.o


    Execution Region RW_DMARxDscrTab (Exec base: 0x30040000, Load base: 0x0800a144, Size: 0x00000060, Max: 0x00000060, ABSOLUTE)

    Exec Addr    Load Addr    Size         Type   Attr      Idx    E Section Name        Object

    0x30040000   0x0800a144   0x00000060   Data   RW          355    .RxDecripSection    ethernetif.o


    Execution Region RW_DMATxDscrTab (Exec base: 0x30040060, Load base: 0x0800a1a4, Size: 0x00000060, Max: 0x00000140, ABSOLUTE)

    Exec Addr    Load Addr    Size         Type   Attr      Idx    E Section Name        Object

    0x30040060   0x0800a1a4   0x00000060   Data   RW          356    .TxDecripSection    ethernetif.o


    Execution Region RW_Rx_Buffb (Exec base: 0x30040200, Load base: 0x0800a204, Size: 0x00001800, Max: 0x00001800, ABSOLUTE, COMPRESSED[0x00000034])

    Exec Addr    Load Addr    Size         Type   Attr      Idx    E Section Name        Object

    0x30040200   COMPRESSED   0x00001800   Data   RW          354    .RxArraySection     ethernetif.o


    Execution Region RW_IRAM4 (Exec base: 0x38000000, Load base: 0x0800a238, Size: 0x000000ec, Max: 0x38010000, ABSOLUTE)

    Exec Addr    Load Addr    Size         Type   Attr      Idx    E Section Name        Object

    0x38000000   0x0800a238   0x00000018   Data   RW          276    .data               lwip.o
    0x38000018   0x0800a250   0x00000014   Data   RW          360    .data               ethernetif.o
    0x3800002c   0x0800a264   0x00000004   Data   RW          361    .data               ethernetif.o
    0x38000030   0x0800a268   0x0000000c   Data   RW         2698    .data               stm32h7xx_hal.o
    0x3800003c   0x0800a274   0x00000008   Data   RW         3674    .data               system_stm32h7xx_dualcore_boot_cm4_cm7.o
    0x38000044   0x0800a27c   0x0000000c   Data   RW         4737    .data               mem.o
    0x38000050   0x0800a288   0x00000004   Data   RW         4823    .data               memp.o
    0x38000054   0x0800a28c   0x00000004   Data   RW         4824    .data               memp.o
    0x38000058   0x0800a290   0x00000004   Data   RW         4825    .data               memp.o
    0x3800005c   0x0800a294   0x00000004   Data   RW         4826    .data               memp.o
    0x38000060   0x0800a298   0x00000004   Data   RW         4827    .data               memp.o
    0x38000064   0x0800a29c   0x00000004   Data   RW         4828    .data               memp.o
    0x38000068   0x0800a2a0   0x00000004   Data   RW         4829    .data               memp.o
    0x3800006c   0x0800a2a4   0x00000004   Data   RW         4830    .data               memp.o
    0x38000070   0x0800a2a8   0x00000004   Data   RW         4831    .data               memp.o
    0x38000074   0x0800a2ac   0x0000000c   Data   RW         4942    .data               netif.o
    0x38000080   0x0800a2b8   0x00000001   Data   RW         5081    .data               pbuf.o
    0x38000081   0x0800a2b9   0x00000003   PAD
    0x38000084   0x0800a2bc   0x00000020   Data   RW         5345    .data               tcp.o
    0x380000a4   0x0800a2dc   0x00000024   Data   RW         5594    .data               tcp_in.o
    0x380000c8   0x0800a300   0x0000000c   Data   RW         5794    .data               timeouts.o
    0x380000d4   0x0800a30c   0x00000008   Data   RW         5878    .data               udp.o
    0x380000dc   0x0800a314   0x00000001   Data   RW         6029    .data               etharp.o
    0x380000dd   0x0800a315   0x00000001   PAD
    0x380000de   0x0800a316   0x00000002   Data   RW         6184    .data               ip4.o
    0x380000e0   0x0800a318   0x00000008   Data   RW         6307    .data               ip4_frag.o
    0x380000e8   0x0800a320   0x00000004   Data   RW         7033    .data               mc_w.l(stdout.o)


==============================================================================

Image component sizes


      Code (inc. data)   RO Data    RW Data    ZI Data      Debug   Object Name

         0          0          0          0          0       1608   auth.o
         8          0          0          0          0       1098   def.o
      2904       1170         65          1        240      12619   etharp.o
       408        156         12          0          0       2682   ethernet.o
      1162        184         12       6360        399      54571   ethernetif.o
       772        350          0          0          0       4370   icmp.o
        30          0          0          0          0       3252   init.o
         0          0          0          0         24       5937   ip.o
       910        182          0          2          0       5052   ip4.o
        46          0          4          0          0       6942   ip4_addr.o
      2696       1020          0          8          0      11486   ip4_frag.o
       396          0          0          0          0       2986   lan8742.o
       232         22          0         24         48       1875   lwip.o
       602         32          0          0          0    1462763   main.o
      1616        806          0         12          0       5546   mem.o
       990        718        144         36      11947      11370   memp.o
       520        132          0         12          0      10771   netif.o
      3470       1832          0          1          0      22433   pbuf.o
         0          0          0          0          0       1246   slipif.o
        36          8        664          0      16384        840   startup_stm32h747xx_cm7.o
       252         50          0         12          0      31592   stm32h7xx_hal.o
       378         32          0          0          0      41707   stm32h7xx_hal_cortex.o
      4222        104          0          0          0      23554   stm32h7xx_hal_eth.o
       560         50          0          0          0       1972   stm32h7xx_hal_gpio.o
        52         12          0          0          0       1243   stm32h7xx_hal_hsem.o
        28          6          0          0          0        794   stm32h7xx_hal_msp.o
       132          4          0          0          0        837   stm32h7xx_hal_pwr_ex.o
      2242         82          0          0          0       5794   stm32h7xx_hal_rcc.o
        32          6          0          0          0       4575   stm32h7xx_it.o
       184         22         16          8          0       1514   system_stm32h7xx_dualcore_boot_cm4_cm7.o
      4256       1546        201         32          0      31926   tcp.o
      5982       1224          0         36         16      20471   tcp_in.o
      2936        832         85          0          0      21470   tcp_out.o
       592        220         24         12          0       5843   timeouts.o
       466        122          0          8          0       4987   udp.o

    ----------------------------------------------------------------------
     39162      10924       1316       6568      29064    1827726   Object Totals
         0          0         80          0          0          0   (incl. Generated)
        50          0          9          4          6          0   (incl. Padding)

    ----------------------------------------------------------------------

      Code (inc. data)   RO Data    RW Data    ZI Data      Debug   Library Member Name

        86          0          0          0          0          0   __dczerorl2.o
         0          0          0          0          0          0   entry.o
         0          0          0          0          0          0   entry10a.o
         0          0          0          0          0          0   entry11a.o
         8          4          0          0          0          0   entry2.o
         4          0          0          0          0          0   entry5.o
         0          0          0          0          0          0   entry7b.o
         0          0          0          0          0          0   entry8b.o
         8          4          0          0          0          0   entry9a.o
        18          0          0          0          0         80   fputc.o
        30          0          0          0          0          0   handlers.o
        36          8          0          0          0         68   init.o
         0          0          0          0          0          0   iusesemip.o
        26          0          0          0          0         80   memcmp.o
        36          0          0          0          0         68   memcpya.o
        36          0          0          0          0        108   memseta.o
       472         14          0          0          0        184   printf3.o
         0          0          0          0          0          0   semi.o
         0          0          0          4          0          0   stdout.o
        44          0          0          0          0         80   uidiv.o

    ----------------------------------------------------------------------
       806         30          0          4          0        668   Library Totals
         2          0          0          0          0          0   (incl. Padding)

    ----------------------------------------------------------------------

      Code (inc. data)   RO Data    RW Data    ZI Data      Debug   Library Name

       804         30          0          4          0        668   mc_w.l

    ----------------------------------------------------------------------
       806         30          0          4          0        668   Library Totals

    ----------------------------------------------------------------------

==============================================================================


      Code (inc. data)   RO Data    RW Data    ZI Data      Debug   

     39968      10954       1316       6572      29064    1807818   Grand Totals
     39968      10954       1316        480      29064    1807818   ELF Image Totals (compressed)
     39968      10954       1316        480          0          0   ROM Totals

==============================================================================

    Total RO  Size (Code + RO Data)                41284 (  40.32kB)
    Total RW  Size (RW Data + ZI Data)             35636 (  34.80kB)
    Total ROM Size (Code + RO Data + RW Data)      41764 (  40.79kB)

==============================================================================

