Component: ARM Compiler 5.06 update 6 (build 750) Tool: armlink [4d35ed]

==============================================================================

Section Cross References

    startup_stm32h747xx_cm4.o(RESET) refers to startup_stm32h747xx_cm4.o(STACK) for __initial_sp
    startup_stm32h747xx_cm4.o(RESET) refers to startup_stm32h747xx_cm4.o(.text) for Reset_Handler
    startup_stm32h747xx_cm4.o(RESET) refers to stm32h7xx_it.o(i.NMI_Handler) for NMI_Handler
    startup_stm32h747xx_cm4.o(RESET) refers to stm32h7xx_it.o(i.HardFault_Handler) for HardFault_Handler
    startup_stm32h747xx_cm4.o(RESET) refers to stm32h7xx_it.o(i.MemManage_Handler) for MemManage_Handler
    startup_stm32h747xx_cm4.o(RESET) refers to stm32h7xx_it.o(i.BusFault_Handler) for BusFault_Handler
    startup_stm32h747xx_cm4.o(RESET) refers to stm32h7xx_it.o(i.UsageFault_Handler) for UsageFault_Handler
    startup_stm32h747xx_cm4.o(RESET) refers to stm32h7xx_it.o(i.SVC_Handler) for SVC_Handler
    startup_stm32h747xx_cm4.o(RESET) refers to stm32h7xx_it.o(i.DebugMon_Handler) for DebugMon_Handler
    startup_stm32h747xx_cm4.o(RESET) refers to stm32h7xx_it.o(i.PendSV_Handler) for PendSV_Handler
    startup_stm32h747xx_cm4.o(RESET) refers to stm32h7xx_it.o(i.SysTick_Handler) for SysTick_Handler
    startup_stm32h747xx_cm4.o(RESET) refers to stm32h7xx_it.o(i.TIM2_IRQHandler) for TIM2_IRQHandler
    startup_stm32h747xx_cm4.o(RESET) refers to stm32h7xx_it.o(i.USART1_IRQHandler) for USART1_IRQHandler
    startup_stm32h747xx_cm4.o(.text) refers to system_stm32h7xx_dualcore_boot_cm4_cm7.o(i.SystemInit) for SystemInit
    startup_stm32h747xx_cm4.o(.text) refers to entry.o(.ARM.Collect$$$$00000000) for __main
    main.o(i.HAL_TIM_PeriodElapsedCallback) refers to crc.o(i.CRC16Bit) for CRC16Bit
    main.o(i.HAL_TIM_PeriodElapsedCallback) refers to services.o(i.Host03Service) for Host03Service
    main.o(i.HAL_TIM_PeriodElapsedCallback) refers to services.o(i.Host10Service) for Host10Service
    main.o(i.HAL_TIM_PeriodElapsedCallback) refers to memseta.o(.text) for __aeabi_memclr4
    main.o(i.HAL_TIM_PeriodElapsedCallback) refers to stm32h7xx_hal_tim.o(i.HAL_TIM_Base_Stop_IT) for HAL_TIM_Base_Stop_IT
    main.o(i.HAL_TIM_PeriodElapsedCallback) refers to main.o(.data) for .data
    main.o(i.HAL_TIM_PeriodElapsedCallback) refers to main.o(.bss) for .bss
    main.o(i.HAL_UART_RxCpltCallback) refers to stm32h7xx_hal_tim.o(i.HAL_TIM_Base_Stop_IT) for HAL_TIM_Base_Stop_IT
    main.o(i.HAL_UART_RxCpltCallback) refers to stm32h7xx_hal_uart.o(i.HAL_UART_Receive_IT) for HAL_UART_Receive_IT
    main.o(i.HAL_UART_RxCpltCallback) refers to stm32h7xx_hal_tim.o(i.HAL_TIM_Base_Start_IT) for HAL_TIM_Base_Start_IT
    main.o(i.HAL_UART_RxCpltCallback) refers to main.o(.bss) for .bss
    main.o(i.HAL_UART_RxCpltCallback) refers to main.o(.data) for .data
    main.o(i.MX_TIM2_Init) refers to stm32h7xx_hal_tim.o(i.HAL_TIM_Base_Init) for HAL_TIM_Base_Init
    main.o(i.MX_TIM2_Init) refers to stm32h7xx_hal_tim.o(i.HAL_TIM_ConfigClockSource) for HAL_TIM_ConfigClockSource
    main.o(i.MX_TIM2_Init) refers to stm32h7xx_hal_tim_ex.o(i.HAL_TIMEx_MasterConfigSynchronization) for HAL_TIMEx_MasterConfigSynchronization
    main.o(i.MX_TIM2_Init) refers to main.o(.bss) for .bss
    main.o(i.MX_USART1_UART_Init) refers to stm32h7xx_hal_uart.o(i.HAL_UART_Init) for HAL_UART_Init
    main.o(i.MX_USART1_UART_Init) refers to stm32h7xx_hal_uart_ex.o(i.HAL_UARTEx_SetTxFifoThreshold) for HAL_UARTEx_SetTxFifoThreshold
    main.o(i.MX_USART1_UART_Init) refers to stm32h7xx_hal_uart_ex.o(i.HAL_UARTEx_SetRxFifoThreshold) for HAL_UARTEx_SetRxFifoThreshold
    main.o(i.MX_USART1_UART_Init) refers to stm32h7xx_hal_uart_ex.o(i.HAL_UARTEx_DisableFifoMode) for HAL_UARTEx_DisableFifoMode
    main.o(i.MX_USART1_UART_Init) refers to stm32h7xx_hal_uart.o(i.HAL_UART_Receive_IT) for HAL_UART_Receive_IT
    main.o(i.MX_USART1_UART_Init) refers to main.o(.bss) for .bss
    main.o(i.MX_USART1_UART_Init) refers to main.o(.data) for .data
    main.o(i.main) refers to stm32h7xx_hal_hsem.o(i.HAL_HSEM_ActivateNotification) for HAL_HSEM_ActivateNotification
    main.o(i.main) refers to stm32h7xx_hal_pwr_ex.o(i.HAL_PWREx_ClearPendingEvent) for HAL_PWREx_ClearPendingEvent
    main.o(i.main) refers to stm32h7xx_hal_pwr_ex.o(i.HAL_PWREx_EnterSTOPMode) for HAL_PWREx_EnterSTOPMode
    main.o(i.main) refers to stm32h7xx_hal.o(i.HAL_Init) for HAL_Init
    main.o(i.main) refers to main.o(i.MX_USART1_UART_Init) for MX_USART1_UART_Init
    main.o(i.main) refers to main.o(i.MX_TIM2_Init) for MX_TIM2_Init
    main.o(i.main) refers to main.o(.data) for .data
    main.o(i.main) refers to main.o(.bss) for .bss
    stm32h7xx_it.o(i.SysTick_Handler) refers to stm32h7xx_hal.o(i.HAL_IncTick) for HAL_IncTick
    stm32h7xx_it.o(i.TIM2_IRQHandler) refers to stm32h7xx_hal_tim.o(i.HAL_TIM_IRQHandler) for HAL_TIM_IRQHandler
[...]
    Removing stm32h7xx_hal_pwr.o(.rev16_text), (4 bytes).
    Removing stm32h7xx_hal_pwr.o(.revsh_text), (4 bytes).
    Removing stm32h7xx_hal_pwr.o(.rrx_text), (6 bytes).
    Removing stm32h7xx_hal_pwr.o(i.HAL_PWR_ConfigPVD), (72 bytes).
    Removing stm32h7xx_hal_pwr.o(i.HAL_PWR_DeInit), (2 bytes).
    Removing stm32h7xx_hal_pwr.o(i.HAL_PWR_DisableBkUpAccess), (16 bytes).
    Removing stm32h7xx_hal_pwr.o(i.HAL_PWR_DisablePVD), (16 bytes).
    Removing stm32h7xx_hal_pwr.o(i.HAL_PWR_DisableSEVOnPend), (16 bytes).
    Removing stm32h7xx_hal_pwr.o(i.HAL_PWR_DisableSleepOnExit), (16 bytes).
    Removing stm32h7xx_hal_pwr.o(i.HAL_PWR_DisableWakeUpPin), (20 bytes).
    Removing stm32h7xx_hal_pwr.o(i.HAL_PWR_EnableBkUpAccess), (16 bytes).
    Removing stm32h7xx_hal_pwr.o(i.HAL_PWR_EnablePVD), (16 bytes).
    Removing stm32h7xx_hal_pwr.o(i.HAL_PWR_EnableSEVOnPend), (16 bytes).
    Removing stm32h7xx_hal_pwr.o(i.HAL_PWR_EnableSleepOnExit), (16 bytes).
    Removing stm32h7xx_hal_pwr.o(i.HAL_PWR_EnableWakeUpPin), (24 bytes).
    Removing stm32h7xx_hal_pwr.o(i.HAL_PWR_EnterSLEEPMode), (28 bytes).
    Removing stm32h7xx_hal_pwr.o(i.HAL_PWR_EnterSTANDBYMode), (76 bytes).
    Removing stm32h7xx_hal_pwr.o(i.HAL_PWR_EnterSTOPMode), (88 bytes).
    Removing stm32h7xx_hal_pwr.o(i.HAL_PWR_PVDCallback), (2 bytes).
    Removing stm32h7xx_hal_pwr.o(i.HAL_PWR_PVD_IRQHandler), (56 bytes).
    Removing stm32h7xx_hal_pwr_ex.o(.rev16_text), (4 bytes).
    Removing stm32h7xx_hal_pwr_ex.o(.revsh_text), (4 bytes).
    Removing stm32h7xx_hal_pwr_ex.o(.rrx_text), (6 bytes).
    Removing stm32h7xx_hal_pwr_ex.o(i.HAL_PWREx_AVDCallback), (2 bytes).
    Removing stm32h7xx_hal_pwr_ex.o(i.HAL_PWREx_ClearDomainFlags), (44 bytes).
    Removing stm32h7xx_hal_pwr_ex.o(i.HAL_PWREx_ClearWakeupFlag), (28 bytes).
    Removing stm32h7xx_hal_pwr_ex.o(i.HAL_PWREx_ConfigAVD), (68 bytes).
    Removing stm32h7xx_hal_pwr_ex.o(i.HAL_PWREx_ConfigD3Domain), (20 bytes).
    Removing stm32h7xx_hal_pwr_ex.o(i.HAL_PWREx_ConfigSupply), (132 bytes).
    Removing stm32h7xx_hal_pwr_ex.o(i.HAL_PWREx_ControlStopModeVoltageScaling), (20 bytes).
    Removing stm32h7xx_hal_pwr_ex.o(i.HAL_PWREx_ControlVoltageScaling), (204 bytes).
    Removing stm32h7xx_hal_pwr_ex.o(i.HAL_PWREx_DisableAVD), (16 bytes).
    Removing stm32h7xx_hal_pwr_ex.o(i.HAL_PWREx_DisableBatteryCharging), (16 bytes).
    Removing stm32h7xx_hal_pwr_ex.o(i.HAL_PWREx_DisableBkUpReg), (56 bytes).
    Removing stm32h7xx_hal_pwr_ex.o(i.HAL_PWREx_DisableFlashPowerDown), (16 bytes).
    Removing stm32h7xx_hal_pwr_ex.o(i.HAL_PWREx_DisableMonitoring), (16 bytes).
    Removing stm32h7xx_hal_pwr_ex.o(i.HAL_PWREx_DisableUSBReg), (56 bytes).
    Removing stm32h7xx_hal_pwr_ex.o(i.HAL_PWREx_DisableUSBVoltageDetector), (16 bytes).
    Removing stm32h7xx_hal_pwr_ex.o(i.HAL_PWREx_DisableWakeUpPin), (16 bytes).
    Removing stm32h7xx_hal_pwr_ex.o(i.HAL_PWREx_EnableAVD), (16 bytes).
    Removing stm32h7xx_hal_pwr_ex.o(i.HAL_PWREx_EnableBatteryCharging), (28 bytes).
    Removing stm32h7xx_hal_pwr_ex.o(i.HAL_PWREx_EnableBkUpReg), (56 bytes).
    Removing stm32h7xx_hal_pwr_ex.o(i.HAL_PWREx_EnableFlashPowerDown), (16 bytes).
    Removing stm32h7xx_hal_pwr_ex.o(i.HAL_PWREx_EnableMonitoring), (16 bytes).
    Removing stm32h7xx_hal_pwr_ex.o(i.HAL_PWREx_EnableUSBReg), (56 bytes).
    Removing stm32h7xx_hal_pwr_ex.o(i.HAL_PWREx_EnableUSBVoltageDetector), (16 bytes).
    Removing stm32h7xx_hal_pwr_ex.o(i.HAL_PWREx_EnableWakeUpPin), (104 bytes).
    Removing stm32h7xx_hal_pwr_ex.o(i.HAL_PWREx_EnterSTANDBYMode), (100 bytes).
    Removing stm32h7xx_hal_pwr_ex.o(i.HAL_PWREx_GetStopModeVoltageRange), (16 bytes).
    Removing stm32h7xx_hal_pwr_ex.o(i.HAL_PWREx_GetSupplyConfig), (16 bytes).
    Removing stm32h7xx_hal_pwr_ex.o(i.HAL_PWREx_GetTemperatureLevel), (32 bytes).
    Removing stm32h7xx_hal_pwr_ex.o(i.HAL_PWREx_GetVBATLevel), (32 bytes).
    Removing stm32h7xx_hal_pwr_ex.o(i.HAL_PWREx_GetVoltageRange), (16 bytes).
    Removing stm32h7xx_hal_pwr_ex.o(i.HAL_PWREx_GetWakeupFlag), (12 bytes).
    Removing stm32h7xx_hal_pwr_ex.o(i.HAL_PWREx_HoldCore), (56 bytes).
    Removing stm32h7xx_hal_pwr_ex.o(i.HAL_PWREx_PVD_AVD_IRQHandler), (140 bytes).
    Removing stm32h7xx_hal_pwr_ex.o(i.HAL_PWREx_ReleaseCore), (28 bytes).
    Removing stm32h7xx_hal_pwr_ex.o(i.HAL_PWREx_WAKEUP_PIN_IRQHandler), (124 bytes).
    Removing stm32h7xx_hal_pwr_ex.o(i.HAL_PWREx_WKUP1_Callback), (2 bytes).
    Removing stm32h7xx_hal_pwr_ex.o(i.HAL_PWREx_WKUP2_Callback), (2 bytes).
    Removing stm32h7xx_hal_pwr_ex.o(i.HAL_PWREx_WKUP3_Callback), (2 bytes).
    Removing stm32h7xx_hal_pwr_ex.o(i.HAL_PWREx_WKUP4_Callback), (2 bytes).
    Removing stm32h7xx_hal_pwr_ex.o(i.HAL_PWREx_WKUP5_Callback), (2 bytes).
    Removing stm32h7xx_hal_pwr_ex.o(i.HAL_PWREx_WKUP6_Callback), (2 bytes).
    Removing stm32h7xx_hal.o(.rev16_text), (4 bytes).
    Removing stm32h7xx_hal.o(.revsh_text), (4 bytes).
    Removing stm32h7xx_hal.o(.rrx_text), (6 bytes).
    Removing stm32h7xx_hal.o(i.HAL_DBGMCU_DisableDBGSleepMode), (16 bytes).
    Removing stm32h7xx_hal.o(i.HAL_DBGMCU_DisableDBGStandbyMode), (16 bytes).
    Removing stm32h7xx_hal.o(i.HAL_DBGMCU_DisableDBGStopMode), (16 bytes).
    Removing stm32h7xx_hal.o(i.HAL_DBGMCU_EnableDBGSleepMode), (16 bytes).
    Removing stm32h7xx_hal.o(i.HAL_DBGMCU_EnableDBGStandbyMode), (16 bytes).
    Removing stm32h7xx_hal.o(i.HAL_DBGMCU_EnableDBGStopMode), (16 bytes).
    Removing stm32h7xx_hal.o(i.HAL_DeInit), (80 bytes).
    Removing stm32h7xx_hal.o(i.HAL_Delay), (36 bytes).
    Removing stm32h7xx_hal.o(i.HAL_DisableCompensationCell), (16 bytes).
    Removing stm32h7xx_hal.o(i.HAL_DisableDomain2DBGSleepMode), (16 bytes).
    Removing stm32h7xx_hal.o(i.HAL_DisableDomain2DBGStandbyMode), (16 bytes).
    Removing stm32h7xx_hal.o(i.HAL_DisableDomain2DBGStopMode), (16 bytes).
    Removing stm32h7xx_hal.o(i.HAL_DisableDomain3DBGStandbyMode), (16 bytes).
    Removing stm32h7xx_hal.o(i.HAL_DisableDomain3DBGStopMode), (16 bytes).
    Removing stm32h7xx_hal.o(i.HAL_EXTI_D1_ClearFlag), (22 bytes).
    Removing stm32h7xx_hal.o(i.HAL_EXTI_D1_EventInputConfig), (68 bytes).
    Removing stm32h7xx_hal.o(i.HAL_EXTI_D2_ClearFlag), (22 bytes).
    Removing stm32h7xx_hal.o(i.HAL_EXTI_D2_EventInputConfig), (68 bytes).
    Removing stm32h7xx_hal.o(i.HAL_EXTI_D3_EventInputConfig), (68 bytes).
    Removing stm32h7xx_hal.o(i.HAL_EXTI_EdgeConfig), (52 bytes).
    Removing stm32h7xx_hal.o(i.HAL_EXTI_GenerateSWInterrupt), (24 bytes).
    Removing stm32h7xx_hal.o(i.HAL_EnableCompensationCell), (16 bytes).
    Removing stm32h7xx_hal.o(i.HAL_EnableDomain2DBGSleepMode), (16 bytes).
    Removing stm32h7xx_hal.o(i.HAL_EnableDomain2DBGStandbyMode), (16 bytes).
    Removing stm32h7xx_hal.o(i.HAL_EnableDomain2DBGStopMode), (16 bytes).
    Removing stm32h7xx_hal.o(i.HAL_EnableDomain3DBGStandbyMode), (16 bytes).
    Removing stm32h7xx_hal.o(i.HAL_EnableDomain3DBGStopMode), (16 bytes).
    Removing stm32h7xx_hal.o(i.HAL_GetDEVID), (16 bytes).
    Removing stm32h7xx_hal.o(i.HAL_GetFMCMemorySwappingConfig), (16 bytes).
    Removing stm32h7xx_hal.o(i.HAL_GetHalVersion), (6 bytes).
    Removing stm32h7xx_hal.o(i.HAL_GetREVID), (12 bytes).
    Removing stm32h7xx_hal.o(i.HAL_GetTickFreq), (12 bytes).
    Removing stm32h7xx_hal.o(i.HAL_GetTickPrio), (12 bytes).
    Removing stm32h7xx_hal.o(i.HAL_GetUIDw0), (12 bytes).
    Removing stm32h7xx_hal.o(i.HAL_GetUIDw1), (12 bytes).
    Removing stm32h7xx_hal.o(i.HAL_GetUIDw2), (12 bytes).
    Removing stm32h7xx_hal.o(i.HAL_MspDeInit), (2 bytes).
    Removing stm32h7xx_hal.o(i.HAL_MspInit), (2 bytes).
    Removing stm32h7xx_hal.o(i.HAL_ResumeTick), (14 bytes).
    Removing stm32h7xx_hal.o(i.HAL_SYSCFG_AnalogSwitchConfig), (16 bytes).
    Removing stm32h7xx_hal.o(i.HAL_SYSCFG_CM4BootAddConfig), (36 bytes).
    Removing stm32h7xx_hal.o(i.HAL_SYSCFG_CM7BootAddConfig), (36 bytes).
    Removing stm32h7xx_hal.o(i.HAL_SYSCFG_CompensationCodeConfig), (24 bytes).
    Removing stm32h7xx_hal.o(i.HAL_SYSCFG_CompensationCodeSelect), (20 bytes).
    Removing stm32h7xx_hal.o(i.HAL_SYSCFG_DisableBOOST), (16 bytes).
    Removing stm32h7xx_hal.o(i.HAL_SYSCFG_DisableCM4BOOT), (16 bytes).
    Removing stm32h7xx_hal.o(i.HAL_SYSCFG_DisableCM7BOOT), (16 bytes).
    Removing stm32h7xx_hal.o(i.HAL_SYSCFG_DisableIOSpeedOptimize), (16 bytes).
    Removing stm32h7xx_hal.o(i.HAL_SYSCFG_DisableVREFBUF), (16 bytes).
    Removing stm32h7xx_hal.o(i.HAL_SYSCFG_ETHInterfaceSelect), (20 bytes).
    Removing stm32h7xx_hal.o(i.HAL_SYSCFG_EnableBOOST), (16 bytes).
    Removing stm32h7xx_hal.o(i.HAL_SYSCFG_EnableCM4BOOT), (16 bytes).
    Removing stm32h7xx_hal.o(i.HAL_SYSCFG_EnableCM7BOOT), (16 bytes).
    Removing stm32h7xx_hal.o(i.HAL_SYSCFG_EnableIOSpeedOptimize), (16 bytes).
    Removing stm32h7xx_hal.o(i.HAL_SYSCFG_EnableVREFBUF), (48 bytes).
    Removing stm32h7xx_hal.o(i.HAL_SYSCFG_VREFBUF_HighImpedanceConfig), (20 bytes).
    Removing stm32h7xx_hal.o(i.HAL_SYSCFG_VREFBUF_TrimmingConfig), (20 bytes).
    Removing stm32h7xx_hal.o(i.HAL_SYSCFG_VREFBUF_VoltageScalingConfig), (20 bytes).
    Removing stm32h7xx_hal.o(i.HAL_SetFMCMemorySwappingConfig), (20 bytes).
    Removing stm32h7xx_hal.o(i.HAL_SetTickFreq), (36 bytes).
    Removing stm32h7xx_hal.o(i.HAL_SuspendTick), (14 bytes).
    Removing stm32h7xx_hal_i2c.o(.rev16_text), (4 bytes).
    Removing stm32h7xx_hal_i2c.o(.revsh_text), (4 bytes).
    Removing stm32h7xx_hal_i2c.o(.rrx_text), (6 bytes).
    Removing stm32h7xx_hal_i2c.o(i.HAL_I2C_AbortCpltCallback), (2 bytes).
    Removing stm32h7xx_hal_i2c.o(i.HAL_I2C_AddrCallback), (2 bytes).
    Removing stm32h7xx_hal_i2c.o(i.HAL_I2C_DeInit), (50 bytes).
    Removing stm32h7xx_hal_i2c.o(i.HAL_I2C_DisableListen_IT), (56 bytes).
    Removing stm32h7xx_hal_i2c.o(i.HAL_I2C_ER_IRQHandler), (104 bytes).
    Removing stm32h7xx_hal_i2c.o(i.HAL_I2C_EV_IRQHandler), (16 bytes).
    Removing stm32h7xx_hal_i2c.o(i.HAL_I2C_EnableListen_IT), (40 bytes).
    Removing stm32h7xx_hal_i2c.o(i.HAL_I2C_ErrorCallback), (2 bytes).
    Removing stm32h7xx_hal_i2c.o(i.HAL_I2C_GetError), (4 bytes).
    Removing stm32h7xx_hal_i2c.o(i.HAL_I2C_GetMode), (6 bytes).
    Removing stm32h7xx_hal_i2c.o(i.HAL_I2C_GetState), (6 bytes).
    Removing stm32h7xx_hal_i2c.o(i.HAL_I2C_Init), (184 bytes).
    Removing stm32h7xx_hal_i2c.o(i.HAL_I2C_IsDeviceReady), (292 bytes).
    Removing stm32h7xx_hal_i2c.o(i.HAL_I2C_ListenCpltCallback), (2 bytes).
    Removing stm32h7xx_hal_i2c.o(i.HAL_I2C_MasterRxCpltCallback), (2 bytes).
    Removing stm32h7xx_hal_i2c.o(i.HAL_I2C_MasterTxCpltCallback), (2 bytes).
    Removing stm32h7xx_hal_i2c.o(i.HAL_I2C_Master_Abort_IT), (124 bytes).
    Removing stm32h7xx_hal_i2c.o(i.HAL_I2C_Master_Receive), (292 bytes).
    Removing stm32h7xx_hal_i2c.o(i.HAL_I2C_Master_Receive_DMA), (304 bytes).
    Removing stm32h7xx_hal_i2c.o(i.HAL_I2C_Master_Receive_IT), (136 bytes).
    Removing stm32h7xx_hal_i2c.o(i.HAL_I2C_Master_Seq_Receive_DMA), (336 bytes).
    Removing stm32h7xx_hal_i2c.o(i.HAL_I2C_Master_Seq_Receive_IT), (164 bytes).
    Removing stm32h7xx_hal_i2c.o(i.HAL_I2C_Master_Seq_Transmit_DMA), (336 bytes).
    Removing stm32h7xx_hal_i2c.o(i.HAL_I2C_Master_Seq_Transmit_IT), (160 bytes).
    Removing stm32h7xx_hal_i2c.o(i.HAL_I2C_Master_Transmit), (292 bytes).
    Removing stm32h7xx_hal_i2c.o(i.HAL_I2C_Master_Transmit_DMA), (304 bytes).
    Removing stm32h7xx_hal_i2c.o(i.HAL_I2C_Master_Transmit_IT), (136 bytes).
    Removing stm32h7xx_hal_i2c.o(i.HAL_I2C_MemRxCpltCallback), (2 bytes).
    Removing stm32h7xx_hal_i2c.o(i.HAL_I2C_MemTxCpltCallback), (2 bytes).
    Removing stm32h7xx_hal_i2c.o(i.HAL_I2C_Mem_Read), (356 bytes).
    Removing stm32h7xx_hal_i2c.o(i.HAL_I2C_Mem_Read_DMA), (320 bytes).
    Removing stm32h7xx_hal_i2c.o(i.HAL_I2C_Mem_Read_IT), (204 bytes).
    Removing stm32h7xx_hal_i2c.o(i.HAL_I2C_Mem_Write), (344 bytes).
    Removing stm32h7xx_hal_i2c.o(i.HAL_I2C_Mem_Write_DMA), (312 bytes).
    Removing stm32h7xx_hal_i2c.o(i.HAL_I2C_Mem_Write_IT), (196 bytes).
    Removing stm32h7xx_hal_i2c.o(i.HAL_I2C_MspDeInit), (2 bytes).
    Removing stm32h7xx_hal_i2c.o(i.HAL_I2C_MspInit), (2 bytes).
    Removing stm32h7xx_hal_i2c.o(i.HAL_I2C_SlaveRxCpltCallback), (2 bytes).
    Removing stm32h7xx_hal_i2c.o(i.HAL_I2C_SlaveTxCpltCallback), (2 bytes).
    Removing stm32h7xx_hal_i2c.o(i.HAL_I2C_Slave_Receive), (298 bytes).
    Removing stm32h7xx_hal_i2c.o(i.HAL_I2C_Slave_Receive_DMA), (224 bytes).
    Removing stm32h7xx_hal_i2c.o(i.HAL_I2C_Slave_Receive_IT), (96 bytes).
    Removing stm32h7xx_hal_i2c.o(i.HAL_I2C_Slave_Seq_Receive_DMA), (364 bytes).
    Removing stm32h7xx_hal_i2c.o(i.HAL_I2C_Slave_Seq_Receive_IT), (200 bytes).
    Removing stm32h7xx_hal_i2c.o(i.HAL_I2C_Slave_Seq_Transmit_DMA), (364 bytes).
    Removing stm32h7xx_hal_i2c.o(i.HAL_I2C_Slave_Seq_Transmit_IT), (200 bytes).
    Removing stm32h7xx_hal_i2c.o(i.HAL_I2C_Slave_Transmit), (302 bytes).
    Removing stm32h7xx_hal_i2c.o(i.HAL_I2C_Slave_Transmit_DMA), (212 bytes).
    Removing stm32h7xx_hal_i2c.o(i.HAL_I2C_Slave_Transmit_IT), (96 bytes).
    Removing stm32h7xx_hal_i2c.o(i.I2C_ConvertOtherXferOptions), (26 bytes).
    Removing stm32h7xx_hal_i2c.o(i.I2C_DMAAbort), (20 bytes).
    Removing stm32h7xx_hal_i2c.o(i.I2C_DMAError), (332 bytes).
    Removing stm32h7xx_hal_i2c.o(i.I2C_DMAMasterReceiveCplt), (82 bytes).
    Removing stm32h7xx_hal_i2c.o(i.I2C_DMAMasterTransmitCplt), (82 bytes).
    Removing stm32h7xx_hal_i2c.o(i.I2C_DMASlaveReceiveCplt), (164 bytes).
    Removing stm32h7xx_hal_i2c.o(i.I2C_DMASlaveTransmitCplt), (30 bytes).
    Removing stm32h7xx_hal_i2c.o(i.I2C_Disable_IRQ), (94 bytes).
    Removing stm32h7xx_hal_i2c.o(i.I2C_Enable_IRQ), (104 bytes).
    Removing stm32h7xx_hal_i2c.o(i.I2C_Flush_TXDR), (34 bytes).
    Removing stm32h7xx_hal_i2c.o(i.I2C_ITAddrCplt), (140 bytes).
    Removing stm32h7xx_hal_i2c.o(i.I2C_ITError), (244 bytes).
    Removing stm32h7xx_hal_i2c.o(i.I2C_ITListenCplt), (100 bytes).
    Removing stm32h7xx_hal_i2c.o(i.I2C_ITMasterCplt), (240 bytes).
    Removing stm32h7xx_hal_i2c.o(i.I2C_ITMasterSeqCplt), (76 bytes).
    Removing stm32h7xx_hal_i2c.o(i.I2C_ITSlaveCplt), (460 bytes).
    Removing stm32h7xx_hal_i2c.o(i.I2C_ITSlaveSeqCplt), (114 bytes).
    Removing stm32h7xx_hal_i2c.o(i.I2C_IsAcknowledgeFailed), (132 bytes).
    Removing stm32h7xx_hal_i2c.o(i.I2C_Master_ISR_DMA), (272 bytes).
    Removing stm32h7xx_hal_i2c.o(i.I2C_Master_ISR_IT), (296 bytes).
    Removing stm32h7xx_hal_i2c.o(i.I2C_RequestMemoryRead), (100 bytes).
    Removing stm32h7xx_hal_i2c.o(i.I2C_RequestMemoryWrite), (100 bytes).
    Removing stm32h7xx_hal_i2c.o(i.I2C_Slave_ISR_DMA), (532 bytes).
    Removing stm32h7xx_hal_i2c.o(i.I2C_Slave_ISR_IT), (288 bytes).
    Removing stm32h7xx_hal_i2c.o(i.I2C_TransferConfig), (44 bytes).
    Removing stm32h7xx_hal_i2c.o(i.I2C_TreatErrorCallback), (42 bytes).
    Removing stm32h7xx_hal_i2c.o(i.I2C_WaitOnFlagUntilTimeout), (88 bytes).
    Removing stm32h7xx_hal_i2c.o(i.I2C_WaitOnRXNEFlagUntilTimeout), (132 bytes).
    Removing stm32h7xx_hal_i2c.o(i.I2C_WaitOnSTOPFlagUntilTimeout), (76 bytes).
    Removing stm32h7xx_hal_i2c.o(i.I2C_WaitOnTXISFlagUntilTimeout), (80 bytes).
    Removing stm32h7xx_hal_i2c_ex.o(.rev16_text), (4 bytes).
    Removing stm32h7xx_hal_i2c_ex.o(.revsh_text), (4 bytes).
    Removing stm32h7xx_hal_i2c_ex.o(.rrx_text), (6 bytes).
    Removing stm32h7xx_hal_i2c_ex.o(i.HAL_I2CEx_ConfigAnalogFilter), (86 bytes).
    Removing stm32h7xx_hal_i2c_ex.o(i.HAL_I2CEx_ConfigDigitalFilter), (82 bytes).
    Removing stm32h7xx_hal_i2c_ex.o(i.HAL_I2CEx_DisableFastModePlus), (40 bytes).
    Removing stm32h7xx_hal_i2c_ex.o(i.HAL_I2CEx_DisableWakeUp), (78 bytes).
    Removing stm32h7xx_hal_i2c_ex.o(i.HAL_I2CEx_EnableFastModePlus), (40 bytes).
    Removing stm32h7xx_hal_i2c_ex.o(i.HAL_I2CEx_EnableWakeUp), (78 bytes).
    Removing stm32h7xx_hal_exti.o(.rev16_text), (4 bytes).
    Removing stm32h7xx_hal_exti.o(.revsh_text), (4 bytes).
    Removing stm32h7xx_hal_exti.o(.rrx_text), (6 bytes).
    Removing stm32h7xx_hal_exti.o(i.HAL_EXTI_ClearConfigLine), (232 bytes).
    Removing stm32h7xx_hal_exti.o(i.HAL_EXTI_ClearPending), (48 bytes).
    Removing stm32h7xx_hal_exti.o(i.HAL_EXTI_GenerateSWI), (28 bytes).
    Removing stm32h7xx_hal_exti.o(i.HAL_EXTI_GetConfigLine), (288 bytes).
    Removing stm32h7xx_hal_exti.o(i.HAL_EXTI_GetHandle), (12 bytes).
    Removing stm32h7xx_hal_exti.o(i.HAL_EXTI_GetPending), (52 bytes).
    Removing stm32h7xx_hal_exti.o(i.HAL_EXTI_IRQHandler), (64 bytes).
    Removing stm32h7xx_hal_exti.o(i.HAL_EXTI_RegisterCallback), (18 bytes).
    Removing stm32h7xx_hal_exti.o(i.HAL_EXTI_SetConfigLine), (316 bytes).
    Removing stm32h7xx_hal_uart.o(.rev16_text), (4 bytes).
    Removing stm32h7xx_hal_uart.o(.revsh_text), (4 bytes).
    Removing stm32h7xx_hal_uart.o(.rrx_text), (6 bytes).
    Removing stm32h7xx_hal_uart.o(i.HAL_HalfDuplex_EnableReceiver), (58 bytes).
    Removing stm32h7xx_hal_uart.o(i.HAL_HalfDuplex_EnableTransmitter), (58 bytes).
    Removing stm32h7xx_hal_uart.o(i.HAL_HalfDuplex_Init), (116 bytes).
    Removing stm32h7xx_hal_uart.o(i.HAL_LIN_Init), (140 bytes).
    Removing stm32h7xx_hal_uart.o(i.HAL_LIN_SendBreak), (46 bytes).
    Removing stm32h7xx_hal_uart.o(i.HAL_MultiProcessor_DisableMuteMode), (44 bytes).
    Removing stm32h7xx_hal_uart.o(i.HAL_MultiProcessor_EnableMuteMode), (44 bytes).
    Removing stm32h7xx_hal_uart.o(i.HAL_MultiProcessor_EnterMuteMode), (12 bytes).
    Removing stm32h7xx_hal_uart.o(i.HAL_MultiProcessor_Init), (138 bytes).
    Removing stm32h7xx_hal_uart.o(i.HAL_UART_Abort), (184 bytes).
    Removing stm32h7xx_hal_uart.o(i.HAL_UART_AbortCpltCallback), (2 bytes).
    Removing stm32h7xx_hal_uart.o(i.HAL_UART_AbortReceive), (112 bytes).
    Removing stm32h7xx_hal_uart.o(i.HAL_UART_AbortReceiveCpltCallback), (2 bytes).
    Removing stm32h7xx_hal_uart.o(i.HAL_UART_AbortReceive_IT), (128 bytes).
    Removing stm32h7xx_hal_uart.o(i.HAL_UART_AbortTransmit), (112 bytes).
    Removing stm32h7xx_hal_uart.o(i.HAL_UART_AbortTransmitCpltCallback), (2 bytes).
    Removing stm32h7xx_hal_uart.o(i.HAL_UART_AbortTransmit_IT), (120 bytes).
    Removing stm32h7xx_hal_uart.o(i.HAL_UART_Abort_IT), (220 bytes).
    Removing stm32h7xx_hal_uart.o(i.HAL_UART_DMAPause), (100 bytes).
    Removing stm32h7xx_hal_uart.o(i.HAL_UART_DMAResume), (92 bytes).
    Removing stm32h7xx_hal_uart.o(i.HAL_UART_DMAStop), (120 bytes).
    Removing stm32h7xx_hal_uart.o(i.HAL_UART_DeInit), (66 bytes).
    Removing stm32h7xx_hal_uart.o(i.HAL_UART_DisableReceiverTimeout), (68 bytes).
    Removing stm32h7xx_hal_uart.o(i.HAL_UART_EnableReceiverTimeout), (68 bytes).
    Removing stm32h7xx_hal_uart.o(i.HAL_UART_GetError), (6 bytes).
    Removing stm32h7xx_hal_uart.o(i.HAL_UART_GetState), (12 bytes).
    Removing stm32h7xx_hal_uart.o(i.HAL_UART_MspDeInit), (2 bytes).
    Removing stm32h7xx_hal_uart.o(i.HAL_UART_MspInit), (2 bytes).
    Removing stm32h7xx_hal_uart.o(i.HAL_UART_Receive), (242 bytes).
    Removing stm32h7xx_hal_uart.o(i.HAL_UART_Receive_DMA), (164 bytes).
    Removing stm32h7xx_hal_uart.o(i.HAL_UART_ReceiverTimeout_Config), (24 bytes).
    Removing stm32h7xx_hal_uart.o(i.HAL_UART_RxCpltCallback), (2 bytes).
    Removing stm32h7xx_hal_uart.o(i.HAL_UART_RxHalfCpltCallback), (2 bytes).
    Removing stm32h7xx_hal_uart.o(i.HAL_UART_Transmit_DMA), (152 bytes).
    Removing stm32h7xx_hal_uart.o(i.HAL_UART_Transmit_IT), (156 bytes).
    Removing stm32h7xx_hal_uart.o(i.HAL_UART_TxHalfCpltCallback), (2 bytes).
    Removing stm32h7xx_hal_uart.o(i.UART_DMAError), (80 bytes).
    Removing stm32h7xx_hal_uart.o(i.UART_DMAReceiveCplt), (62 bytes).
    Removing stm32h7xx_hal_uart.o(i.UART_DMARxAbortCallback), (64 bytes).
    Removing stm32h7xx_hal_uart.o(i.UART_DMARxHalfCplt), (10 bytes).
    Removing stm32h7xx_hal_uart.o(i.UART_DMARxOnlyAbortCallback), (38 bytes).
    Removing stm32h7xx_hal_uart.o(i.UART_DMATransmitCplt), (48 bytes).
    Removing stm32h7xx_hal_uart.o(i.UART_DMATxAbortCallback), (72 bytes).
    Removing stm32h7xx_hal_uart.o(i.UART_DMATxHalfCplt), (10 bytes).
    Removing stm32h7xx_hal_uart.o(i.UART_DMATxOnlyAbortCallback), (40 bytes).
    Removing stm32h7xx_hal_uart.o(i.UART_EndTxTransfer), (28 bytes).
    Removing stm32h7xx_hal_uart.o(i.UART_TxISR_16BIT), (66 bytes).
    Removing stm32h7xx_hal_uart.o(i.UART_TxISR_16BIT_FIFOEN), (88 bytes).
    Removing stm32h7xx_hal_uart.o(i.UART_TxISR_8BIT), (62 bytes).
    Removing stm32h7xx_hal_uart.o(i.UART_TxISR_8BIT_FIFOEN), (84 bytes).
    Removing stm32h7xx_hal_uart_ex.o(.rev16_text), (4 bytes).
    Removing stm32h7xx_hal_uart_ex.o(.revsh_text), (4 bytes).
    Removing stm32h7xx_hal_uart_ex.o(.rrx_text), (6 bytes).
    Removing stm32h7xx_hal_uart_ex.o(i.HAL_MultiProcessorEx_AddressLength_Set), (48 bytes).
    Removing stm32h7xx_hal_uart_ex.o(i.HAL_RS485Ex_Init), (140 bytes).
    Removing stm32h7xx_hal_uart_ex.o(i.HAL_UARTEx_DisableStopMode), (38 bytes).
    Removing stm32h7xx_hal_uart_ex.o(i.HAL_UARTEx_EnableFifoMode), (74 bytes).
    Removing stm32h7xx_hal_uart_ex.o(i.HAL_UARTEx_EnableStopMode), (38 bytes).
    Removing stm32h7xx_hal_uart_ex.o(i.HAL_UARTEx_StopModeWakeUpSourceConfig), (138 bytes).
    Removing system_stm32h7xx_dualcore_boot_cm4_cm7.o(.rev16_text), (4 bytes).
    Removing system_stm32h7xx_dualcore_boot_cm4_cm7.o(.revsh_text), (4 bytes).
    Removing system_stm32h7xx_dualcore_boot_cm4_cm7.o(.rrx_text), (6 bytes).
    Removing system_stm32h7xx_dualcore_boot_cm4_cm7.o(i.SystemCoreClockUpdate), (316 bytes).

635 unused section(s) (total 59825 bytes) removed from the image.

==============================================================================

Image Symbol Table

    Local Symbols

    Symbol Name                              Value     Ov Type        Size  Object(Section)

    ../CM4/Src/main.c                        0x00000000   Number         0  main.o ABSOLUTE
    ../CM4/Src/stm32h7xx_hal_msp.c           0x00000000   Number         0  stm32h7xx_hal_msp.o ABSOLUTE
    ../CM4/Src/stm32h7xx_it.c                0x00000000   Number         0  stm32h7xx_it.o ABSOLUTE
    ../Common/Src/system_stm32h7xx_dualcore_boot_cm4_cm7.c 0x00000000   Number         0  system_stm32h7xx_dualcore_boot_cm4_cm7.o ABSOLUTE
    ../Drivers/STM32H7xx_HAL_Driver/Src/stm32h7xx_hal.c 0x00000000   Number         0  stm32h7xx_hal.o ABSOLUTE
    ../Drivers/STM32H7xx_HAL_Driver/Src/stm32h7xx_hal_cortex.c 0x00000000   Number         0  stm32h7xx_hal_cortex.o ABSOLUTE
    ../Drivers/STM32H7xx_HAL_Driver/Src/stm32h7xx_hal_dma.c 0x00000000   Number         0  stm32h7xx_hal_dma.o ABSOLUTE
    ../Drivers/STM32H7xx_HAL_Driver/Src/stm32h7xx_hal_dma_ex.c 0x00000000   Number         0  stm32h7xx_hal_dma_ex.o ABSOLUTE
    ../Drivers/STM32H7xx_HAL_Driver/Src/stm32h7xx_hal_exti.c 0x00000000   Number         0  stm32h7xx_hal_exti.o ABSOLUTE
    ../Drivers/STM32H7xx_HAL_Driver/Src/stm32h7xx_hal_flash.c 0x00000000   Number         0  stm32h7xx_hal_flash.o ABSOLUTE
    ../Drivers/STM32H7xx_HAL_Driver/Src/stm32h7xx_hal_flash_ex.c 0x00000000   Number         0  stm32h7xx_hal_flash_ex.o ABSOLUTE
    ../Drivers/STM32H7xx_HAL_Driver/Src/stm32h7xx_hal_gpio.c 0x00000000   Number         0  stm32h7xx_hal_gpio.o ABSOLUTE
    ../Drivers/STM32H7xx_HAL_Driver/Src/stm32h7xx_hal_hsem.c 0x00000000   Number         0  stm32h7xx_hal_hsem.o ABSOLUTE
    ../Drivers/STM32H7xx_HAL_Driver/Src/stm32h7xx_hal_i2c.c 0x00000000   Number         0  stm32h7xx_hal_i2c.o ABSOLUTE
    ../Drivers/STM32H7xx_HAL_Driver/Src/stm32h7xx_hal_i2c_ex.c 0x00000000   Number         0  stm32h7xx_hal_i2c_ex.o ABSOLUTE
    ../Drivers/STM32H7xx_HAL_Driver/Src/stm32h7xx_hal_mdma.c 0x00000000   Number         0  stm32h7xx_hal_mdma.o ABSOLUTE
    ../Drivers/STM32H7xx_HAL_Driver/Src/stm32h7xx_hal_pwr.c 0x00000000   Number         0  stm32h7xx_hal_pwr.o ABSOLUTE
    ../Drivers/STM32H7xx_HAL_Driver/Src/stm32h7xx_hal_pwr_ex.c 0x00000000   Number         0  stm32h7xx_hal_pwr_ex.o ABSOLUTE
    ../Drivers/STM32H7xx_HAL_Driver/Src/stm32h7xx_hal_rcc.c 0x00000000   Number         0  stm32h7xx_hal_rcc.o ABSOLUTE
    ../Drivers/STM32H7xx_HAL_Driver/Src/stm32h7xx_hal_rcc_ex.c 0x00000000   Number         0  stm32h7xx_hal_rcc_ex.o ABSOLUTE
    ../Drivers/STM32H7xx_HAL_Driver/Src/stm32h7xx_hal_tim.c 0x00000000   Number         0  stm32h7xx_hal_tim.o ABSOLUTE
    ../Drivers/STM32H7xx_HAL_Driver/Src/stm32h7xx_hal_tim_ex.c 0x00000000   Number         0  stm32h7xx_hal_tim_ex.o ABSOLUTE
    ../Drivers/STM32H7xx_HAL_Driver/Src/stm32h7xx_hal_uart.c 0x00000000   Number         0  stm32h7xx_hal_uart.o ABSOLUTE
    ../Drivers/STM32H7xx_HAL_Driver/Src/stm32h7xx_hal_uart_ex.c 0x00000000   Number         0  stm32h7xx_hal_uart_ex.o ABSOLUTE
    ../clib/microlib/division.c              0x00000000   Number         0  uldiv.o ABSOLUTE
    ../clib/microlib/init/entry.s            0x00000000   Number         0  entry2.o ABSOLUTE
    ../clib/microlib/init/entry.s            0x00000000   Number         0  entry10b.o ABSOLUTE
    ../clib/microlib/init/entry.s            0x00000000   Number         0  entry10a.o ABSOLUTE
    ../clib/microlib/init/entry.s            0x00000000   Number         0  entry9b.o ABSOLUTE
    ../clib/microlib/init/entry.s            0x00000000   Number         0  entry9a.o ABSOLUTE
    ../clib/microlib/init/entry.s            0x00000000   Number         0  entry8b.o ABSOLUTE
    ../clib/microlib/init/entry.s            0x00000000   Number         0  entry8a.o ABSOLUTE
    ../clib/microlib/init/entry.s            0x00000000   Number         0  entry7b.o ABSOLUTE
    ../clib/microlib/init/entry.s            0x00000000   Number         0  entry7a.o ABSOLUTE
    ../clib/microlib/init/entry.s            0x00000000   Number         0  entry.o ABSOLUTE
    ../clib/microlib/init/entry.s            0x00000000   Number         0  entry5.o ABSOLUTE
    ../clib/microlib/init/entry.s            0x00000000   Number         0  entry11a.o ABSOLUTE
    ../clib/microlib/init/entry.s            0x00000000   Number         0  entry11b.o ABSOLUTE
    ../clib/microlib/longlong.c              0x00000000   Number         0  llushr.o ABSOLUTE
    ../clib/microlib/longlong.c              0x00000000   Number         0  llshl.o ABSOLUTE
    ../clib/microlib/string/memset.c         0x00000000   Number         0  memseta.o ABSOLUTE
    ..\CM4\Src\CRC.c                         0x00000000   Number         0  crc.o ABSOLUTE
    ..\CM4\Src\Services.c                    0x00000000   Number         0  services.o ABSOLUTE
    ..\CM4\Src\main.c                        0x00000000   Number         0  main.o ABSOLUTE
    ..\CM4\Src\stm32h7xx_hal_msp.c           0x00000000   Number         0  stm32h7xx_hal_msp.o ABSOLUTE
    ..\CM4\Src\stm32h7xx_it.c                0x00000000   Number         0  stm32h7xx_it.o ABSOLUTE
    ..\Common\Src\system_stm32h7xx_dualcore_boot_cm4_cm7.c 0x00000000   Number         0  system_stm32h7xx_dualcore_boot_cm4_cm7.o ABSOLUTE
    ..\Drivers\STM32H7xx_HAL_Driver\Src\stm32h7xx_hal.c 0x00000000   Number         0  stm32h7xx_hal.o ABSOLUTE
    ..\Drivers\STM32H7xx_HAL_Driver\Src\stm32h7xx_hal_cortex.c 0x00000000   Number         0  stm32h7xx_hal_cortex.o ABSOLUTE
    ..\Drivers\STM32H7xx_HAL_Driver\Src\stm32h7xx_hal_dma.c 0x00000000   Number         0  stm32h7xx_hal_dma.o ABSOLUTE
    ..\Drivers\STM32H7xx_HAL_Driver\Src\stm32h7xx_hal_dma_ex.c 0x00000000   Number         0  stm32h7xx_hal_dma_ex.o ABSOLUTE
    ..\Drivers\STM32H7xx_HAL_Driver\Src\stm32h7xx_hal_exti.c 0x00000000   Number         0  stm32h7xx_hal_exti.o ABSOLUTE
    ..\Drivers\STM32H7xx_HAL_Driver\Src\stm32h7xx_hal_flash.c 0x00000000   Number         0  stm32h7xx_hal_flash.o ABSOLUTE
    ..\Drivers\STM32H7xx_HAL_Driver\Src\stm32h7xx_hal_flash_ex.c 0x00000000   Number         0  stm32h7xx_hal_flash_ex.o ABSOLUTE
    ..\Drivers\STM32H7xx_HAL_Driver\Src\stm32h7xx_hal_gpio.c 0x00000000   Number         0  stm32h7xx_hal_gpio.o ABSOLUTE
    ..\Drivers\STM32H7xx_HAL_Driver\Src\stm32h7xx_hal_hsem.c 0x00000000   Number         0  stm32h7xx_hal_hsem.o ABSOLUTE
    ..\Drivers\STM32H7xx_HAL_Driver\Src\stm32h7xx_hal_i2c.c 0x00000000   Number         0  stm32h7xx_hal_i2c.o ABSOLUTE
    ..\Drivers\STM32H7xx_HAL_Driver\Src\stm32h7xx_hal_i2c_ex.c 0x00000000   Number         0  stm32h7xx_hal_i2c_ex.o ABSOLUTE
    ..\Drivers\STM32H7xx_HAL_Driver\Src\stm32h7xx_hal_mdma.c 0x00000000   Number         0  stm32h7xx_hal_mdma.o ABSOLUTE
    ..\Drivers\STM32H7xx_HAL_Driver\Src\stm32h7xx_hal_pwr.c 0x00000000   Number         0  stm32h7xx_hal_pwr.o ABSOLUTE
    ..\Drivers\STM32H7xx_HAL_Driver\Src\stm32h7xx_hal_pwr_ex.c 0x00000000   Number         0  stm32h7xx_hal_pwr_ex.o ABSOLUTE
    ..\Drivers\STM32H7xx_HAL_Driver\Src\stm32h7xx_hal_rcc.c 0x00000000   Number         0  stm32h7xx_hal_rcc.o ABSOLUTE
    ..\Drivers\STM32H7xx_HAL_Driver\Src\stm32h7xx_hal_rcc_ex.c 0x00000000   Number         0  stm32h7xx_hal_rcc_ex.o ABSOLUTE
    ..\Drivers\STM32H7xx_HAL_Driver\Src\stm32h7xx_hal_tim.c 0x00000000   Number         0  stm32h7xx_hal_tim.o ABSOLUTE
    ..\Drivers\STM32H7xx_HAL_Driver\Src\stm32h7xx_hal_tim_ex.c 0x00000000   Number         0  stm32h7xx_hal_tim_ex.o ABSOLUTE
    ..\Drivers\STM32H7xx_HAL_Driver\Src\stm32h7xx_hal_uart.c 0x00000000   Number         0  stm32h7xx_hal_uart.o ABSOLUTE
    ..\Drivers\STM32H7xx_HAL_Driver\Src\stm32h7xx_hal_uart_ex.c 0x00000000   Number         0  stm32h7xx_hal_uart_ex.o ABSOLUTE
    ..\\CM4\\Src\\Services.c                 0x00000000   Number         0  services.o ABSOLUTE
    dc.s                                     0x00000000   Number         0  dc.o ABSOLUTE
    handlers.s                               0x00000000   Number         0  handlers.o ABSOLUTE
    init.s                                   0x00000000   Number         0  init.o ABSOLUTE
    startup_stm32h747xx_CM4.s                0x00000000   Number         0  startup_stm32h747xx_cm4.o ABSOLUTE
    RESET                                    0x08100000   Section      664  startup_stm32h747xx_cm4.o(RESET)
    .ARM.Collect$$$$00000000                 0x08100298   Section        0  entry.o(.ARM.Collect$$$$00000000)
    .ARM.Collect$$$$00000001                 0x08100298   Section        4  entry2.o(.ARM.Collect$$$$00000001)
    .ARM.Collect$$$$00000004                 0x0810029c   Section        4  entry5.o(.ARM.Collect$$$$00000004)
    .ARM.Collect$$$$00000008                 0x081002a0   Section        0  entry7b.o(.ARM.Collect$$$$00000008)
    .ARM.Collect$$$$0000000A                 0x081002a0   Section        0  entry8b.o(.ARM.Collect$$$$0000000A)
    .ARM.Collect$$$$0000000B                 0x081002a0   Section        8  entry9a.o(.ARM.Collect$$$$0000000B)
    .ARM.Collect$$$$0000000D                 0x081002a8   Section        0  entry10a.o(.ARM.Collect$$$$0000000D)
    .ARM.Collect$$$$0000000F                 0x081002a8   Section        0  entry11a.o(.ARM.Collect$$$$0000000F)
    .ARM.Collect$$$$00002712                 0x081002a8   Section        4  entry2.o(.ARM.Collect$$$$00002712)
    __lit__00000000                          0x081002a8   Data           4  entry2.o(.ARM.Collect$$$$00002712)
    .text                                    0x081002ac   Section       36  startup_stm32h747xx_cm4.o(.text)
    $v0                                      0x081002ac   Number         0  startup_stm32h747xx_cm4.o(.text)
    .text                                    0x081002d0   Section        0  uldiv.o(.text)
    .text                                    0x08100332   Section        0  memseta.o(.text)
    .text                                    0x08100356   Section        0  llshl.o(.text)
    .text                                    0x08100374   Section        0  llushr.o(.text)
    .text                                    0x08100394   Section       36  init.o(.text)
    i.BusFault_Handler                       0x081003b8   Section        0  stm32h7xx_it.o(i.BusFault_Handler)
    i.CRC16Bit                               0x081003bc   Section        0  crc.o(i.CRC16Bit)
    i.DebugMon_Handler                       0x081003f8   Section        0  stm32h7xx_it.o(i.DebugMon_Handler)
    i.HAL_DMA_Abort_IT                       0x081003fc   Section        0  stm32h7xx_hal_dma.o(i.HAL_DMA_Abort_IT)
    i.HAL_GPIO_Init                          0x08100660   Section        0  stm32h7xx_hal_gpio.o(i.HAL_GPIO_Init)
    i.HAL_GetCurrentCPUID                    0x081008ac   Section        0  stm32h7xx_hal_cortex.o(i.HAL_GetCurrentCPUID)
    i.HAL_GetTick                            0x081008c4   Section        0  stm32h7xx_hal.o(i.HAL_GetTick)
    i.HAL_HSEM_ActivateNotification          0x081008d0   Section        0  stm32h7xx_hal_hsem.o(i.HAL_HSEM_ActivateNotification)
    i.HAL_IncTick                            0x081008e0   Section        0  stm32h7xx_hal.o(i.HAL_IncTick)
    i.HAL_Init                               0x081008f0   Section        0  stm32h7xx_hal.o(i.HAL_Init)
    i.HAL_InitTick                           0x0810097c   Section        0  stm32h7xx_hal.o(i.HAL_InitTick)
    i.HAL_MspInit                            0x081009bc   Section        0  stm32h7xx_hal_msp.o(i.HAL_MspInit)
    i.HAL_NVIC_EnableIRQ                     0x081009d8   Section        0  stm32h7xx_hal_cortex.o(i.HAL_NVIC_EnableIRQ)
    i.HAL_NVIC_SetPriority                   0x081009f4   Section        0  stm32h7xx_hal_cortex.o(i.HAL_NVIC_SetPriority)
    i.HAL_NVIC_SetPriorityGrouping           0x08100a34   Section        0  stm32h7xx_hal_cortex.o(i.HAL_NVIC_SetPriorityGrouping)
    i.HAL_PWREx_ClearPendingEvent            0x08100a58   Section        0  stm32h7xx_hal_pwr_ex.o(i.HAL_PWREx_ClearPendingEvent)
    i.HAL_PWREx_EnterSTOPMode                0x08100a68   Section        0  stm32h7xx_hal_pwr_ex.o(i.HAL_PWREx_EnterSTOPMode)
    i.HAL_RCCEx_GetD3PCLK1Freq               0x08100adc   Section        0  stm32h7xx_hal_rcc_ex.o(i.HAL_RCCEx_GetD3PCLK1Freq)
    i.HAL_RCCEx_GetPLL2ClockFreq             0x08100b00   Section        0  stm32h7xx_hal_rcc_ex.o(i.HAL_RCCEx_GetPLL2ClockFreq)
    i.HAL_RCCEx_GetPLL3ClockFreq             0x08100c3c   Section        0  stm32h7xx_hal_rcc_ex.o(i.HAL_RCCEx_GetPLL3ClockFreq)
    i.HAL_RCC_GetHCLKFreq                    0x08100d78   Section        0  stm32h7xx_hal_rcc.o(i.HAL_RCC_GetHCLKFreq)
    i.HAL_RCC_GetPCLK1Freq                   0x08100db8   Section        0  stm32h7xx_hal_rcc.o(i.HAL_RCC_GetPCLK1Freq)
    i.HAL_RCC_GetPCLK2Freq                   0x08100ddc   Section        0  stm32h7xx_hal_rcc.o(i.HAL_RCC_GetPCLK2Freq)
    i.HAL_RCC_GetSysClockFreq                0x08100e00   Section        0  stm32h7xx_hal_rcc.o(i.HAL_RCC_GetSysClockFreq)
    i.HAL_SYSTICK_Config                     0x08100f30   Section        0  stm32h7xx_hal_cortex.o(i.HAL_SYSTICK_Config)
    i.HAL_TIMEx_Break2Callback               0x08100f58   Section        0  stm32h7xx_hal_tim_ex.o(i.HAL_TIMEx_Break2Callback)
    i.HAL_TIMEx_BreakCallback                0x08100f5a   Section        0  stm32h7xx_hal_tim_ex.o(i.HAL_TIMEx_BreakCallback)
    i.HAL_TIMEx_CommutCallback               0x08100f5c   Section        0  stm32h7xx_hal_tim_ex.o(i.HAL_TIMEx_CommutCallback)
    i.HAL_TIMEx_MasterConfigSynchronization  0x08100f60   Section        0  stm32h7xx_hal_tim_ex.o(i.HAL_TIMEx_MasterConfigSynchronization)
    i.HAL_TIM_Base_Init                      0x08100ffc   Section        0  stm32h7xx_hal_tim.o(i.HAL_TIM_Base_Init)
    i.HAL_TIM_Base_MspInit                   0x08101034   Section        0  stm32h7xx_hal_msp.o(i.HAL_TIM_Base_MspInit)
    i.HAL_TIM_Base_Start_IT                  0x0810106c   Section        0  stm32h7xx_hal_tim.o(i.HAL_TIM_Base_Start_IT)
    i.HAL_TIM_Base_Stop_IT                   0x08101098   Section        0  stm32h7xx_hal_tim.o(i.HAL_TIM_Base_Stop_IT)
    i.HAL_TIM_ConfigClockSource              0x081010c4   Section        0  stm32h7xx_hal_tim.o(i.HAL_TIM_ConfigClockSource)
    i.HAL_TIM_IC_CaptureCallback             0x081011bc   Section        0  stm32h7xx_hal_tim.o(i.HAL_TIM_IC_CaptureCallback)
    i.HAL_TIM_IRQHandler                     0x081011be   Section        0  stm32h7xx_hal_tim.o(i.HAL_TIM_IRQHandler)
    i.HAL_TIM_OC_DelayElapsedCallback        0x08101342   Section        0  stm32h7xx_hal_tim.o(i.HAL_TIM_OC_DelayElapsedCallback)
    i.HAL_TIM_PWM_PulseFinishedCallback      0x08101344   Section        0  stm32h7xx_hal_tim.o(i.HAL_TIM_PWM_PulseFinishedCallback)
    i.HAL_TIM_PeriodElapsedCallback          0x08101348   Section        0  main.o(i.HAL_TIM_PeriodElapsedCallback)
    i.HAL_TIM_TriggerCallback                0x081013cc   Section        0  stm32h7xx_hal_tim.o(i.HAL_TIM_TriggerCallback)
    i.HAL_UARTEx_DisableFifoMode             0x081013ce   Section        0  stm32h7xx_hal_uart_ex.o(i.HAL_UARTEx_DisableFifoMode)
    i.HAL_UARTEx_RxFifoFullCallback          0x0810140c   Section        0  stm32h7xx_hal_uart_ex.o(i.HAL_UARTEx_RxFifoFullCallback)
    i.HAL_UARTEx_SetRxFifoThreshold          0x0810140e   Section        0  stm32h7xx_hal_uart_ex.o(i.HAL_UARTEx_SetRxFifoThreshold)
    i.HAL_UARTEx_SetTxFifoThreshold          0x0810145a   Section        0  stm32h7xx_hal_uart_ex.o(i.HAL_UARTEx_SetTxFifoThreshold)
    i.HAL_UARTEx_TxFifoEmptyCallback         0x081014a6   Section        0  stm32h7xx_hal_uart_ex.o(i.HAL_UARTEx_TxFifoEmptyCallback)
    i.HAL_UARTEx_WakeupCallback              0x081014a8   Section        0  stm32h7xx_hal_uart_ex.o(i.HAL_UARTEx_WakeupCallback)
    i.HAL_UART_ErrorCallback                 0x081014aa   Section        0  stm32h7xx_hal_uart.o(i.HAL_UART_ErrorCallback)
    i.HAL_UART_IRQHandler                    0x081014ac   Section        0  stm32h7xx_hal_uart.o(i.HAL_UART_IRQHandler)
    i.HAL_UART_Init                          0x08101670   Section        0  stm32h7xx_hal_uart.o(i.HAL_UART_Init)
    i.HAL_UART_MspInit                       0x081016dc   Section        0  stm32h7xx_hal_msp.o(i.HAL_UART_MspInit)
    i.HAL_UART_Receive_IT                    0x08101754   Section        0  stm32h7xx_hal_uart.o(i.HAL_UART_Receive_IT)
    i.HAL_UART_RxCpltCallback                0x08101850   Section        0  main.o(i.HAL_UART_RxCpltCallback)
    i.HAL_UART_Transmit                      0x081018a0   Section        0  stm32h7xx_hal_uart.o(i.HAL_UART_Transmit)
    i.HAL_UART_TxCpltCallback                0x0810195c   Section        0  stm32h7xx_hal_uart.o(i.HAL_UART_TxCpltCallback)
    i.HardFault_Handler                      0x0810195e   Section        0  stm32h7xx_it.o(i.HardFault_Handler)
    i.Host03Service                          0x08101960   Section        0  services.o(i.Host03Service)
    i.Host10Service                          0x081019f0   Section        0  services.o(i.Host10Service)
    i.MX_TIM2_Init                           0x08101a44   Section        0  main.o(i.MX_TIM2_Init)
    MX_TIM2_Init                             0x08101a45   Thumb Code    78  main.o(i.MX_TIM2_Init)
    i.MX_USART1_UART_Init                    0x08101a98   Section        0  main.o(i.MX_USART1_UART_Init)
    MX_USART1_UART_Init                      0x08101a99   Thumb Code    76  main.o(i.MX_USART1_UART_Init)
    i.MemManage_Handler                      0x08101af0   Section        0  stm32h7xx_it.o(i.MemManage_Handler)
    i.NMI_Handler                            0x08101af2   Section        0  stm32h7xx_it.o(i.NMI_Handler)
    i.PendSV_Handler                         0x08101af4   Section        0  stm32h7xx_it.o(i.PendSV_Handler)
    i.SVC_Handler                            0x08101af6   Section        0  stm32h7xx_it.o(i.SVC_Handler)
    i.SysTick_Handler                        0x08101af8   Section        0  stm32h7xx_it.o(i.SysTick_Handler)
    i.SystemInit                             0x08101afc   Section        0  system_stm32h7xx_dualcore_boot_cm4_cm7.o(i.SystemInit)
    i.TIM2_IRQHandler                        0x08101b24   Section        0  stm32h7xx_it.o(i.TIM2_IRQHandler)
    i.TIM_Base_SetConfig                     0x08101b30   Section        0  stm32h7xx_hal_tim.o(i.TIM_Base_SetConfig)
    i.TIM_ETR_SetConfig                      0x08101bf0   Section        0  stm32h7xx_hal_tim.o(i.TIM_ETR_SetConfig)
    i.TIM_ITRx_SetConfig                     0x08101c04   Section        0  stm32h7xx_hal_tim.o(i.TIM_ITRx_SetConfig)
    TIM_ITRx_SetConfig                       0x08101c05   Thumb Code    16  stm32h7xx_hal_tim.o(i.TIM_ITRx_SetConfig)
    i.TIM_TI1_ConfigInputStage               0x08101c18   Section        0  stm32h7xx_hal_tim.o(i.TIM_TI1_ConfigInputStage)
    TIM_TI1_ConfigInputStage                 0x08101c19   Thumb Code    34  stm32h7xx_hal_tim.o(i.TIM_TI1_ConfigInputStage)
    i.TIM_TI2_ConfigInputStage               0x08101c3a   Section        0  stm32h7xx_hal_tim.o(i.TIM_TI2_ConfigInputStage)
    TIM_TI2_ConfigInputStage                 0x08101c3b   Thumb Code    36  stm32h7xx_hal_tim.o(i.TIM_TI2_ConfigInputStage)
    i.UARTEx_SetNbDataToProcess              0x08101c60   Section        0  stm32h7xx_hal_uart_ex.o(i.UARTEx_SetNbDataToProcess)
    UARTEx_SetNbDataToProcess                0x08101c61   Thumb Code    82  stm32h7xx_hal_uart_ex.o(i.UARTEx_SetNbDataToProcess)
    i.UART_AdvFeatureConfig                  0x08101cc4   Section        0  stm32h7xx_hal_uart.o(i.UART_AdvFeatureConfig)
    i.UART_CheckIdleState                    0x08101d8c   Section        0  stm32h7xx_hal_uart.o(i.UART_CheckIdleState)
    i.UART_DMAAbortOnError                   0x08101dea   Section        0  stm32h7xx_hal_uart.o(i.UART_DMAAbortOnError)
    UART_DMAAbortOnError                     0x08101deb   Thumb Code    20  stm32h7xx_hal_uart.o(i.UART_DMAAbortOnError)
    i.UART_EndRxTransfer                     0x08101e00   Section        0  stm32h7xx_hal_uart.o(i.UART_EndRxTransfer)
    UART_EndRxTransfer                       0x08101e01   Thumb Code    32  stm32h7xx_hal_uart.o(i.UART_EndRxTransfer)
    i.UART_RxISR_16BIT                       0x08101e24   Section        0  stm32h7xx_hal_uart.o(i.UART_RxISR_16BIT)
    UART_RxISR_16BIT                         0x08101e25   Thumb Code    94  stm32h7xx_hal_uart.o(i.UART_RxISR_16BIT)
    i.UART_RxISR_16BIT_FIFOEN                0x08101e84   Section        0  stm32h7xx_hal_uart.o(i.UART_RxISR_16BIT_FIFOEN)
    UART_RxISR_16BIT_FIFOEN                  0x08101e85   Thumb Code   152  stm32h7xx_hal_uart.o(i.UART_RxISR_16BIT_FIFOEN)
    i.UART_RxISR_8BIT                        0x08101f24   Section        0  stm32h7xx_hal_uart.o(i.UART_RxISR_8BIT)
    UART_RxISR_8BIT                          0x08101f25   Thumb Code    94  stm32h7xx_hal_uart.o(i.UART_RxISR_8BIT)
    i.UART_RxISR_8BIT_FIFOEN                 0x08101f84   Section        0  stm32h7xx_hal_uart.o(i.UART_RxISR_8BIT_FIFOEN)
    UART_RxISR_8BIT_FIFOEN                   0x08101f85   Thumb Code   152  stm32h7xx_hal_uart.o(i.UART_RxISR_8BIT_FIFOEN)
    i.UART_SetConfig                         0x08102024   Section        0  stm32h7xx_hal_uart.o(i.UART_SetConfig)
    i.UART_WaitOnFlagUntilTimeout            0x08102a10   Section        0  stm32h7xx_hal_uart.o(i.UART_WaitOnFlagUntilTimeout)
    i.USART1_IRQHandler                      0x08102ab4   Section        0  stm32h7xx_it.o(i.USART1_IRQHandler)
    i.UsageFault_Handler                     0x08102ac0   Section        0  stm32h7xx_it.o(i.UsageFault_Handler)
    i.__NVIC_SetPriority                     0x08102ac2   Section        0  stm32h7xx_hal_cortex.o(i.__NVIC_SetPriority)
    __NVIC_SetPriority                       0x08102ac3   Thumb Code    32  stm32h7xx_hal_cortex.o(i.__NVIC_SetPriority)
    i.__scatterload_copy                     0x08102ae2   Section       14  handlers.o(i.__scatterload_copy)
    i.__scatterload_null                     0x08102af0   Section        2  handlers.o(i.__scatterload_null)
    i.__scatterload_zeroinit                 0x08102af2   Section       14  handlers.o(i.__scatterload_zeroinit)
    i.main                                   0x08102b00   Section        0  main.o(i.main)
    .constdata                               0x08102b98   Section      512  crc.o(.constdata)
    .constdata                               0x08102d98   Section       16  system_stm32h7xx_dualcore_boot_cm4_cm7.o(.constdata)
    .data                                    0x10000000   Section        8  main.o(.data)
    .data                                    0x10000008   Section       12  stm32h7xx_hal.o(.data)
    .data                                    0x10000014   Section        8  system_stm32h7xx_dualcore_boot_cm4_cm7.o(.data)
    .bss                                     0x1000001c   Section      268  main.o(.bss)
    .bss                                     0x10000128   Section       52  main.o(.bss)
    STACK                                    0x10000160   Section     1024  startup_stm32h747xx_cm4.o(STACK)

    Global Symbols

    Symbol Name                              Value     Ov Type        Size  Object(Section)

    BuildAttributes$$THM_ISAv4$E$P$D$K$B$S$7EM$VFPi3$EXTD16$VFPS$VFMA$PE$A:L22UL41UL21$X:L11$S22US41US21$IEEE1$IW$USESV6$~STKCKD$USESV7$~SHL$OSPACE$EBA8$MICROLIB$REQ8$PRES8$EABIv2 0x00000000   Number         0  anon$$obj.o ABSOLUTE
    __ARM_use_no_argv                        0x00000000   Number         0  main.o ABSOLUTE
    __cpp_initialize__aeabi_                  - Undefined Weak Reference
    __cxa_finalize                            - Undefined Weak Reference
    __decompress                              - Undefined Weak Reference
    _clock_init                               - Undefined Weak Reference
    _microlib_exit                            - Undefined Weak Reference
    __Vectors_Size                           0x00000298   Number         0  startup_stm32h747xx_cm4.o ABSOLUTE
    __Vectors                                0x08100000   Data           4  startup_stm32h747xx_cm4.o(RESET)
    __Vectors_End                            0x08100298   Data           0  startup_stm32h747xx_cm4.o(RESET)
    __main                                   0x08100299   Thumb Code     0  entry.o(.ARM.Collect$$$$00000000)
    _main_stk                                0x08100299   Thumb Code     0  entry2.o(.ARM.Collect$$$$00000001)
    _main_scatterload                        0x0810029d   Thumb Code     0  entry5.o(.ARM.Collect$$$$00000004)
    __main_after_scatterload                 0x081002a1   Thumb Code     0  entry5.o(.ARM.Collect$$$$00000004)
    _main_clock                              0x081002a1   Thumb Code     0  entry7b.o(.ARM.Collect$$$$00000008)
    _main_cpp_init                           0x081002a1   Thumb Code     0  entry8b.o(.ARM.Collect$$$$0000000A)
    _main_init                               0x081002a1   Thumb Code     0  entry9a.o(.ARM.Collect$$$$0000000B)
    __rt_final_cpp                           0x081002a9   Thumb Code     0  entry10a.o(.ARM.Collect$$$$0000000D)
    __rt_final_exit                          0x081002a9   Thumb Code     0  entry11a.o(.ARM.Collect$$$$0000000F)
    Reset_Handler                            0x081002ad   Thumb Code     8  startup_stm32h747xx_cm4.o(.text)
    ADC3_IRQHandler                          0x081002c7   Thumb Code     0  startup_stm32h747xx_cm4.o(.text)
    ADC_IRQHandler                           0x081002c7   Thumb Code     0  startup_stm32h747xx_cm4.o(.text)
    BDMA_Channel0_IRQHandler                 0x081002c7   Thumb Code     0  startup_stm32h747xx_cm4.o(.text)
    BDMA_Channel1_IRQHandler                 0x081002c7   Thumb Code     0  startup_stm32h747xx_cm4.o(.text)
    BDMA_Channel2_IRQHandler                 0x081002c7   Thumb Code     0  startup_stm32h747xx_cm4.o(.text)
    BDMA_Channel3_IRQHandler                 0x081002c7   Thumb Code     0  startup_stm32h747xx_cm4.o(.text)
    BDMA_Channel4_IRQHandler                 0x081002c7   Thumb Code     0  startup_stm32h747xx_cm4.o(.text)
    BDMA_Channel5_IRQHandler                 0x081002c7   Thumb Code     0  startup_stm32h747xx_cm4.o(.text)
    BDMA_Channel6_IRQHandler                 0x081002c7   Thumb Code     0  startup_stm32h747xx_cm4.o(.text)
    BDMA_Channel7_IRQHandler                 0x081002c7   Thumb Code     0  startup_stm32h747xx_cm4.o(.text)
    CEC_IRQHandler                           0x081002c7   Thumb Code     0  startup_stm32h747xx_cm4.o(.text)
    CM4_SEV_IRQHandler                       0x081002c7   Thumb Code     0  startup_stm32h747xx_cm4.o(.text)
    CM7_SEV_IRQHandler                       0x081002c7   Thumb Code     0  startup_stm32h747xx_cm4.o(.text)
    COMP1_IRQHandler                         0x081002c7   Thumb Code     0  startup_stm32h747xx_cm4.o(.text)
    CRS_IRQHandler                           0x081002c7   Thumb Code     0  startup_stm32h747xx_cm4.o(.text)
    DCMI_IRQHandler                          0x081002c7   Thumb Code     0  startup_stm32h747xx_cm4.o(.text)
    DFSDM1_FLT0_IRQHandler                   0x081002c7   Thumb Code     0  startup_stm32h747xx_cm4.o(.text)
    DFSDM1_FLT1_IRQHandler                   0x081002c7   Thumb Code     0  startup_stm32h747xx_cm4.o(.text)
    DFSDM1_FLT2_IRQHandler                   0x081002c7   Thumb Code     0  startup_stm32h747xx_cm4.o(.text)
    DFSDM1_FLT3_IRQHandler                   0x081002c7   Thumb Code     0  startup_stm32h747xx_cm4.o(.text)
    DMA1_Stream0_IRQHandler                  0x081002c7   Thumb Code     0  startup_stm32h747xx_cm4.o(.text)
    DMA1_Stream1_IRQHandler                  0x081002c7   Thumb Code     0  startup_stm32h747xx_cm4.o(.text)
    DMA1_Stream2_IRQHandler                  0x081002c7   Thumb Code     0  startup_stm32h747xx_cm4.o(.text)
    DMA1_Stream3_IRQHandler                  0x081002c7   Thumb Code     0  startup_stm32h747xx_cm4.o(.text)
    DMA1_Stream4_IRQHandler                  0x081002c7   Thumb Code     0  startup_stm32h747xx_cm4.o(.text)
    DMA1_Stream5_IRQHandler                  0x081002c7   Thumb Code     0  startup_stm32h747xx_cm4.o(.text)
    DMA1_Stream6_IRQHandler                  0x081002c7   Thumb Code     0  startup_stm32h747xx_cm4.o(.text)
    DMA1_Stream7_IRQHandler                  0x081002c7   Thumb Code     0  startup_stm32h747xx_cm4.o(.text)
    DMA2D_IRQHandler                         0x081002c7   Thumb Code     0  startup_stm32h747xx_cm4.o(.text)
    DMA2_Stream0_IRQHandler                  0x081002c7   Thumb Code     0  startup_stm32h747xx_cm4.o(.text)
    DMA2_Stream1_IRQHandler                  0x081002c7   Thumb Code     0  startup_stm32h747xx_cm4.o(.text)
    DMA2_Stream2_IRQHandler                  0x081002c7   Thumb Code     0  startup_stm32h747xx_cm4.o(.text)
    DMA2_Stream3_IRQHandler                  0x081002c7   Thumb Code     0  startup_stm32h747xx_cm4.o(.text)
    DMA2_Stream4_IRQHandler                  0x081002c7   Thumb Code     0  startup_stm32h747xx_cm4.o(.text)
    DMA2_Stream5_IRQHandler                  0x081002c7   Thumb Code     0  startup_stm32h747xx_cm4.o(.text)
    DMA2_Stream6_IRQHandler                  0x081002c7   Thumb Code     0  startup_stm32h747xx_cm4.o(.text)
    DMA2_Stream7_IRQHandler                  0x081002c7   Thumb Code     0  startup_stm32h747xx_cm4.o(.text)
    DMAMUX1_OVR_IRQHandler                   0x081002c7   Thumb Code     0  startup_stm32h747xx_cm4.o(.text)
    DMAMUX2_OVR_IRQHandler                   0x081002c7   Thumb Code     0  startup_stm32h747xx_cm4.o(.text)
    DSI_IRQHandler                           0x081002c7   Thumb Code     0  startup_stm32h747xx_cm4.o(.text)
    ECC_IRQHandler                           0x081002c7   Thumb Code     0  startup_stm32h747xx_cm4.o(.text)
    ETH_IRQHandler                           0x081002c7   Thumb Code     0  startup_stm32h747xx_cm4.o(.text)
    ETH_WKUP_IRQHandler                      0x081002c7   Thumb Code     0  startup_stm32h747xx_cm4.o(.text)
    EXTI0_IRQHandler                         0x081002c7   Thumb Code     0  startup_stm32h747xx_cm4.o(.text)
    EXTI15_10_IRQHandler                     0x081002c7   Thumb Code     0  startup_stm32h747xx_cm4.o(.text)
    EXTI1_IRQHandler                         0x081002c7   Thumb Code     0  startup_stm32h747xx_cm4.o(.text)
    EXTI2_IRQHandler                         0x081002c7   Thumb Code     0  startup_stm32h747xx_cm4.o(.text)
    EXTI3_IRQHandler                         0x081002c7   Thumb Code     0  startup_stm32h747xx_cm4.o(.text)
    EXTI4_IRQHandler                         0x081002c7   Thumb Code     0  startup_stm32h747xx_cm4.o(.text)
    EXTI9_5_IRQHandler                       0x081002c7   Thumb Code     0  startup_stm32h747xx_cm4.o(.text)
    FDCAN1_IT0_IRQHandler                    0x081002c7   Thumb Code     0  startup_stm32h747xx_cm4.o(.text)
    FDCAN1_IT1_IRQHandler                    0x081002c7   Thumb Code     0  startup_stm32h747xx_cm4.o(.text)
    FDCAN2_IT0_IRQHandler                    0x081002c7   Thumb Code     0  startup_stm32h747xx_cm4.o(.text)
    FDCAN2_IT1_IRQHandler                    0x081002c7   Thumb Code     0  startup_stm32h747xx_cm4.o(.text)
    FDCAN_CAL_IRQHandler                     0x081002c7   Thumb Code     0  startup_stm32h747xx_cm4.o(.text)
    FLASH_IRQHandler                         0x081002c7   Thumb Code     0  startup_stm32h747xx_cm4.o(.text)
    FMC_IRQHandler                           0x081002c7   Thumb Code     0  startup_stm32h747xx_cm4.o(.text)
    FPU_IRQHandler                           0x081002c7   Thumb Code     0  startup_stm32h747xx_cm4.o(.text)
    HOLD_CORE_IRQHandler                     0x081002c7   Thumb Code     0  startup_stm32h747xx_cm4.o(.text)
    HRTIM1_FLT_IRQHandler                    0x081002c7   Thumb Code     0  startup_stm32h747xx_cm4.o(.text)
    HRTIM1_Master_IRQHandler                 0x081002c7   Thumb Code     0  startup_stm32h747xx_cm4.o(.text)
    HRTIM1_TIMA_IRQHandler                   0x081002c7   Thumb Code     0  startup_stm32h747xx_cm4.o(.text)
    HRTIM1_TIMB_IRQHandler                   0x081002c7   Thumb Code     0  startup_stm32h747xx_cm4.o(.text)
    HRTIM1_TIMC_IRQHandler                   0x081002c7   Thumb Code     0  startup_stm32h747xx_cm4.o(.text)
    HRTIM1_TIMD_IRQHandler                   0x081002c7   Thumb Code     0  startup_stm32h747xx_cm4.o(.text)
    HRTIM1_TIME_IRQHandler                   0x081002c7   Thumb Code     0  startup_stm32h747xx_cm4.o(.text)
    HSEM1_IRQHandler                         0x081002c7   Thumb Code     0  startup_stm32h747xx_cm4.o(.text)
    HSEM2_IRQHandler                         0x081002c7   Thumb Code     0  startup_stm32h747xx_cm4.o(.text)
    I2C1_ER_IRQHandler                       0x081002c7   Thumb Code     0  startup_stm32h747xx_cm4.o(.text)
    I2C1_EV_IRQHandler                       0x081002c7   Thumb Code     0  startup_stm32h747xx_cm4.o(.text)
    I2C2_ER_IRQHandler                       0x081002c7   Thumb Code     0  startup_stm32h747xx_cm4.o(.text)
    I2C2_EV_IRQHandler                       0x081002c7   Thumb Code     0  startup_stm32h747xx_cm4.o(.text)
    I2C3_ER_IRQHandler                       0x081002c7   Thumb Code     0  startup_stm32h747xx_cm4.o(.text)
    I2C3_EV_IRQHandler                       0x081002c7   Thumb Code     0  startup_stm32h747xx_cm4.o(.text)
    I2C4_ER_IRQHandler                       0x081002c7   Thumb Code     0  startup_stm32h747xx_cm4.o(.text)
    I2C4_EV_IRQHandler                       0x081002c7   Thumb Code     0  startup_stm32h747xx_cm4.o(.text)
    JPEG_IRQHandler                          0x081002c7   Thumb Code     0  startup_stm32h747xx_cm4.o(.text)
    LPTIM1_IRQHandler                        0x081002c7   Thumb Code     0  startup_stm32h747xx_cm4.o(.text)
    LPTIM2_IRQHandler                        0x081002c7   Thumb Code     0  startup_stm32h747xx_cm4.o(.text)
    LPTIM3_IRQHandler                        0x081002c7   Thumb Code     0  startup_stm32h747xx_cm4.o(.text)
    LPTIM4_IRQHandler                        0x081002c7   Thumb Code     0  startup_stm32h747xx_cm4.o(.text)
    LPTIM5_IRQHandler                        0x081002c7   Thumb Code     0  startup_stm32h747xx_cm4.o(.text)
    LPUART1_IRQHandler                       0x081002c7   Thumb Code     0  startup_stm32h747xx_cm4.o(.text)
    LTDC_ER_IRQHandler                       0x081002c7   Thumb Code     0  startup_stm32h747xx_cm4.o(.text)
    LTDC_IRQHandler                          0x081002c7   Thumb Code     0  startup_stm32h747xx_cm4.o(.text)
    MDIOS_IRQHandler                         0x081002c7   Thumb Code     0  startup_stm32h747xx_cm4.o(.text)
    MDIOS_WKUP_IRQHandler                    0x081002c7   Thumb Code     0  startup_stm32h747xx_cm4.o(.text)
    MDMA_IRQHandler                          0x081002c7   Thumb Code     0  startup_stm32h747xx_cm4.o(.text)
    OTG_FS_EP1_IN_IRQHandler                 0x081002c7   Thumb Code     0  startup_stm32h747xx_cm4.o(.text)
    OTG_FS_EP1_OUT_IRQHandler                0x081002c7   Thumb Code     0  startup_stm32h747xx_cm4.o(.text)
    OTG_FS_IRQHandler                        0x081002c7   Thumb Code     0  startup_stm32h747xx_cm4.o(.text)
    OTG_FS_WKUP_IRQHandler                   0x081002c7   Thumb Code     0  startup_stm32h747xx_cm4.o(.text)
    OTG_HS_EP1_IN_IRQHandler                 0x081002c7   Thumb Code     0  startup_stm32h747xx_cm4.o(.text)
    OTG_HS_EP1_OUT_IRQHandler                0x081002c7   Thumb Code     0  startup_stm32h747xx_cm4.o(.text)
    OTG_HS_IRQHandler                        0x081002c7   Thumb Code     0  startup_stm32h747xx_cm4.o(.text)
    OTG_HS_WKUP_IRQHandler                   0x081002c7   Thumb Code     0  startup_stm32h747xx_cm4.o(.text)
    PVD_AVD_IRQHandler                       0x081002c7   Thumb Code     0  startup_stm32h747xx_cm4.o(.text)
    QUADSPI_IRQHandler                       0x081002c7   Thumb Code     0  startup_stm32h747xx_cm4.o(.text)
    RCC_IRQHandler                           0x081002c7   Thumb Code     0  startup_stm32h747xx_cm4.o(.text)
    RNG_IRQHandler                           0x081002c7   Thumb Code     0  startup_stm32h747xx_cm4.o(.text)
    RTC_Alarm_IRQHandler                     0x081002c7   Thumb Code     0  startup_stm32h747xx_cm4.o(.text)
    RTC_WKUP_IRQHandler                      0x081002c7   Thumb Code     0  startup_stm32h747xx_cm4.o(.text)
    SAI1_IRQHandler                          0x081002c7   Thumb Code     0  startup_stm32h747xx_cm4.o(.text)
    SAI2_IRQHandler                          0x081002c7   Thumb Code     0  startup_stm32h747xx_cm4.o(.text)
    SAI3_IRQHandler                          0x081002c7   Thumb Code     0  startup_stm32h747xx_cm4.o(.text)
    SAI4_IRQHandler                          0x081002c7   Thumb Code     0  startup_stm32h747xx_cm4.o(.text)
    SDMMC1_IRQHandler                        0x081002c7   Thumb Code     0  startup_stm32h747xx_cm4.o(.text)
    SDMMC2_IRQHandler                        0x081002c7   Thumb Code     0  startup_stm32h747xx_cm4.o(.text)
    SPDIF_RX_IRQHandler                      0x081002c7   Thumb Code     0  startup_stm32h747xx_cm4.o(.text)
    SPI1_IRQHandler                          0x081002c7   Thumb Code     0  startup_stm32h747xx_cm4.o(.text)
    SPI2_IRQHandler                          0x081002c7   Thumb Code     0  startup_stm32h747xx_cm4.o(.text)
    SPI3_IRQHandler                          0x081002c7   Thumb Code     0  startup_stm32h747xx_cm4.o(.text)
    SPI4_IRQHandler                          0x081002c7   Thumb Code     0  startup_stm32h747xx_cm4.o(.text)
    SPI5_IRQHandler                          0x081002c7   Thumb Code     0  startup_stm32h747xx_cm4.o(.text)
    SPI6_IRQHandler                          0x081002c7   Thumb Code     0  startup_stm32h747xx_cm4.o(.text)
    SWPMI1_IRQHandler                        0x081002c7   Thumb Code     0  startup_stm32h747xx_cm4.o(.text)
    TAMP_STAMP_IRQHandler                    0x081002c7   Thumb Code     0  startup_stm32h747xx_cm4.o(.text)
    TIM15_IRQHandler                         0x081002c7   Thumb Code     0  startup_stm32h747xx_cm4.o(.text)
    TIM16_IRQHandler                         0x081002c7   Thumb Code     0  startup_stm32h747xx_cm4.o(.text)
    TIM17_IRQHandler                         0x081002c7   Thumb Code     0  startup_stm32h747xx_cm4.o(.text)
    TIM1_BRK_IRQHandler                      0x081002c7   Thumb Code     0  startup_stm32h747xx_cm4.o(.text)
    TIM1_CC_IRQHandler                       0x081002c7   Thumb Code     0  startup_stm32h747xx_cm4.o(.text)
    TIM1_TRG_COM_IRQHandler                  0x081002c7   Thumb Code     0  startup_stm32h747xx_cm4.o(.text)
    TIM1_UP_IRQHandler                       0x081002c7   Thumb Code     0  startup_stm32h747xx_cm4.o(.text)
    TIM3_IRQHandler                          0x081002c7   Thumb Code     0  startup_stm32h747xx_cm4.o(.text)
    TIM4_IRQHandler                          0x081002c7   Thumb Code     0  startup_stm32h747xx_cm4.o(.text)
    TIM5_IRQHandler                          0x081002c7   Thumb Code     0  startup_stm32h747xx_cm4.o(.text)
    TIM6_DAC_IRQHandler                      0x081002c7   Thumb Code     0  startup_stm32h747xx_cm4.o(.text)
    TIM7_IRQHandler                          0x081002c7   Thumb Code     0  startup_stm32h747xx_cm4.o(.text)
    TIM8_BRK_TIM12_IRQHandler                0x081002c7   Thumb Code     0  startup_stm32h747xx_cm4.o(.text)
    TIM8_CC_IRQHandler                       0x081002c7   Thumb Code     0  startup_stm32h747xx_cm4.o(.text)
    TIM8_TRG_COM_TIM14_IRQHandler            0x081002c7   Thumb Code     0  startup_stm32h747xx_cm4.o(.text)
    TIM8_UP_TIM13_IRQHandler                 0x081002c7   Thumb Code     0  startup_stm32h747xx_cm4.o(.text)
    UART4_IRQHandler                         0x081002c7   Thumb Code     0  startup_stm32h747xx_cm4.o(.text)
    UART5_IRQHandler                         0x081002c7   Thumb Code     0  startup_stm32h747xx_cm4.o(.text)
    UART7_IRQHandler                         0x081002c7   Thumb Code     0  startup_stm32h747xx_cm4.o(.text)
    UART8_IRQHandler                         0x081002c7   Thumb Code     0  startup_stm32h747xx_cm4.o(.text)
    USART2_IRQHandler                        0x081002c7   Thumb Code     0  startup_stm32h747xx_cm4.o(.text)
    USART3_IRQHandler                        0x081002c7   Thumb Code     0  startup_stm32h747xx_cm4.o(.text)
    USART6_IRQHandler                        0x081002c7   Thumb Code     0  startup_stm32h747xx_cm4.o(.text)
    WAKEUP_PIN_IRQHandler                    0x081002c7   Thumb Code     0  startup_stm32h747xx_cm4.o(.text)
    WWDG_IRQHandler                          0x081002c7   Thumb Code     0  startup_stm32h747xx_cm4.o(.text)
    WWDG_RST_IRQHandler                      0x081002c7   Thumb Code     0  startup_stm32h747xx_cm4.o(.text)
    __aeabi_uldivmod                         0x081002d1   Thumb Code    98  uldiv.o(.text)
    __aeabi_memset                           0x08100333   Thumb Code    14  memseta.o(.text)
    __aeabi_memset4                          0x08100333   Thumb Code     0  memseta.o(.text)
    __aeabi_memset8                          0x08100333   Thumb Code     0  memseta.o(.text)
    __aeabi_memclr                           0x08100341   Thumb Code     4  memseta.o(.text)
    __aeabi_memclr4                          0x08100341   Thumb Code     0  memseta.o(.text)
    __aeabi_memclr8                          0x08100341   Thumb Code     0  memseta.o(.text)
    _memset$wrapper                          0x08100345   Thumb Code    18  memseta.o(.text)
    __aeabi_llsl                             0x08100357   Thumb Code    30  llshl.o(.text)
    _ll_shift_l                              0x08100357   Thumb Code     0  llshl.o(.text)
    __aeabi_llsr                             0x08100375   Thumb Code    32  llushr.o(.text)
    _ll_ushift_r                             0x08100375   Thumb Code     0  llushr.o(.text)
    __scatterload                            0x08100395   Thumb Code    28  init.o(.text)
    __scatterload_rt2                        0x08100395   Thumb Code     0  init.o(.text)
    BusFault_Handler                         0x081003b9   Thumb Code     2  stm32h7xx_it.o(i.BusFault_Handler)
    CRC16Bit                                 0x081003bd   Thumb Code    56  crc.o(i.CRC16Bit)
    DebugMon_Handler                         0x081003f9   Thumb Code     2  stm32h7xx_it.o(i.DebugMon_Handler)
    HAL_DMA_Abort_IT                         0x081003fd   Thumb Code   600  stm32h7xx_hal_dma.o(i.HAL_DMA_Abort_IT)
    HAL_GPIO_Init                            0x08100661   Thumb Code   540  stm32h7xx_hal_gpio.o(i.HAL_GPIO_Init)
    HAL_GetCurrentCPUID                      0x081008ad   Thumb Code    20  stm32h7xx_hal_cortex.o(i.HAL_GetCurrentCPUID)
    HAL_GetTick                              0x081008c5   Thumb Code     6  stm32h7xx_hal.o(i.HAL_GetTick)
    HAL_HSEM_ActivateNotification            0x081008d1   Thumb Code    10  stm32h7xx_hal_hsem.o(i.HAL_HSEM_ActivateNotification)
    HAL_IncTick                              0x081008e1   Thumb Code    12  stm32h7xx_hal.o(i.HAL_IncTick)
    HAL_Init                                 0x081008f1   Thumb Code   114  stm32h7xx_hal.o(i.HAL_Init)
    HAL_InitTick                             0x0810097d   Thumb Code    56  stm32h7xx_hal.o(i.HAL_InitTick)
    HAL_MspInit                              0x081009bd   Thumb Code    22  stm32h7xx_hal_msp.o(i.HAL_MspInit)
    HAL_NVIC_EnableIRQ                       0x081009d9   Thumb Code    26  stm32h7xx_hal_cortex.o(i.HAL_NVIC_EnableIRQ)
    HAL_NVIC_SetPriority                     0x081009f5   Thumb Code    60  stm32h7xx_hal_cortex.o(i.HAL_NVIC_SetPriority)
    HAL_NVIC_SetPriorityGrouping             0x08100a35   Thumb Code    26  stm32h7xx_hal_cortex.o(i.HAL_NVIC_SetPriorityGrouping)
    HAL_PWREx_ClearPendingEvent              0x08100a59   Thumb Code    16  stm32h7xx_hal_pwr_ex.o(i.HAL_PWREx_ClearPendingEvent)
    HAL_PWREx_EnterSTOPMode                  0x08100a69   Thumb Code   108  stm32h7xx_hal_pwr_ex.o(i.HAL_PWREx_EnterSTOPMode)
    HAL_RCCEx_GetD3PCLK1Freq                 0x08100add   Thumb Code    26  stm32h7xx_hal_rcc_ex.o(i.HAL_RCCEx_GetD3PCLK1Freq)
    HAL_RCCEx_GetPLL2ClockFreq               0x08100b01   Thumb Code   290  stm32h7xx_hal_rcc_ex.o(i.HAL_RCCEx_GetPLL2ClockFreq)
    HAL_RCCEx_GetPLL3ClockFreq               0x08100c3d   Thumb Code   290  stm32h7xx_hal_rcc_ex.o(i.HAL_RCCEx_GetPLL3ClockFreq)
    HAL_RCC_GetHCLKFreq                      0x08100d79   Thumb Code    48  stm32h7xx_hal_rcc.o(i.HAL_RCC_GetHCLKFreq)
    HAL_RCC_GetPCLK1Freq                     0x08100db9   Thumb Code    26  stm32h7xx_hal_rcc.o(i.HAL_RCC_GetPCLK1Freq)
    HAL_RCC_GetPCLK2Freq                     0x08100ddd   Thumb Code    26  stm32h7xx_hal_rcc.o(i.HAL_RCC_GetPCLK2Freq)
    HAL_RCC_GetSysClockFreq                  0x08100e01   Thumb Code   270  stm32h7xx_hal_rcc.o(i.HAL_RCC_GetSysClockFreq)
    HAL_SYSTICK_Config                       0x08100f31   Thumb Code    40  stm32h7xx_hal_cortex.o(i.HAL_SYSTICK_Config)
    HAL_TIMEx_Break2Callback                 0x08100f59   Thumb Code     2  stm32h7xx_hal_tim_ex.o(i.HAL_TIMEx_Break2Callback)
    HAL_TIMEx_BreakCallback                  0x08100f5b   Thumb Code     2  stm32h7xx_hal_tim_ex.o(i.HAL_TIMEx_BreakCallback)
    HAL_TIMEx_CommutCallback                 0x08100f5d   Thumb Code     2  stm32h7xx_hal_tim_ex.o(i.HAL_TIMEx_CommutCallback)
    HAL_TIMEx_MasterConfigSynchronization    0x08100f61   Thumb Code   130  stm32h7xx_hal_tim_ex.o(i.HAL_TIMEx_MasterConfigSynchronization)
    HAL_TIM_Base_Init                        0x08100ffd   Thumb Code    54  stm32h7xx_hal_tim.o(i.HAL_TIM_Base_Init)
    HAL_TIM_Base_MspInit                     0x08101035   Thumb Code    50  stm32h7xx_hal_msp.o(i.HAL_TIM_Base_MspInit)
    HAL_TIM_Base_Start_IT                    0x0810106d   Thumb Code    40  stm32h7xx_hal_tim.o(i.HAL_TIM_Base_Start_IT)
    HAL_TIM_Base_Stop_IT                     0x08101099   Thumb Code    42  stm32h7xx_hal_tim.o(i.HAL_TIM_Base_Stop_IT)
    HAL_TIM_ConfigClockSource                0x081010c5   Thumb Code   242  stm32h7xx_hal_tim.o(i.HAL_TIM_ConfigClockSource)
    HAL_TIM_IC_CaptureCallback               0x081011bd   Thumb Code     2  stm32h7xx_hal_tim.o(i.HAL_TIM_IC_CaptureCallback)
    HAL_TIM_IRQHandler                       0x081011bf   Thumb Code   388  stm32h7xx_hal_tim.o(i.HAL_TIM_IRQHandler)
    HAL_TIM_OC_DelayElapsedCallback          0x08101343   Thumb Code     2  stm32h7xx_hal_tim.o(i.HAL_TIM_OC_DelayElapsedCallback)
    HAL_TIM_PWM_PulseFinishedCallback        0x08101345   Thumb Code     2  stm32h7xx_hal_tim.o(i.HAL_TIM_PWM_PulseFinishedCallback)
    HAL_TIM_PeriodElapsedCallback            0x08101349   Thumb Code   122  main.o(i.HAL_TIM_PeriodElapsedCallback)
    HAL_TIM_TriggerCallback                  0x081013cd   Thumb Code     2  stm32h7xx_hal_tim.o(i.HAL_TIM_TriggerCallback)
    HAL_UARTEx_DisableFifoMode               0x081013cf   Thumb Code    62  stm32h7xx_hal_uart_ex.o(i.HAL_UARTEx_DisableFifoMode)
    HAL_UARTEx_RxFifoFullCallback            0x0810140d   Thumb Code     2  stm32h7xx_hal_uart_ex.o(i.HAL_UARTEx_RxFifoFullCallback)
    HAL_UARTEx_SetRxFifoThreshold            0x0810140f   Thumb Code    76  stm32h7xx_hal_uart_ex.o(i.HAL_UARTEx_SetRxFifoThreshold)
    HAL_UARTEx_SetTxFifoThreshold            0x0810145b   Thumb Code    76  stm32h7xx_hal_uart_ex.o(i.HAL_UARTEx_SetTxFifoThreshold)
    HAL_UARTEx_TxFifoEmptyCallback           0x081014a7   Thumb Code     2  stm32h7xx_hal_uart_ex.o(i.HAL_UARTEx_TxFifoEmptyCallback)
    HAL_UARTEx_WakeupCallback                0x081014a9   Thumb Code     2  stm32h7xx_hal_uart_ex.o(i.HAL_UARTEx_WakeupCallback)
    HAL_UART_ErrorCallback                   0x081014ab   Thumb Code     2  stm32h7xx_hal_uart.o(i.HAL_UART_ErrorCallback)
    HAL_UART_IRQHandler                      0x081014ad   Thumb Code   438  stm32h7xx_hal_uart.o(i.HAL_UART_IRQHandler)
    HAL_UART_Init                            0x08101671   Thumb Code   106  stm32h7xx_hal_uart.o(i.HAL_UART_Init)
    HAL_UART_MspInit                         0x081016dd   Thumb Code   108  stm32h7xx_hal_msp.o(i.HAL_UART_MspInit)
    HAL_UART_Receive_IT                      0x08101755   Thumb Code   234  stm32h7xx_hal_uart.o(i.HAL_UART_Receive_IT)
    HAL_UART_RxCpltCallback                  0x08101851   Thumb Code    68  main.o(i.HAL_UART_RxCpltCallback)
    HAL_UART_Transmit                        0x081018a1   Thumb Code   188  stm32h7xx_hal_uart.o(i.HAL_UART_Transmit)
    HAL_UART_TxCpltCallback                  0x0810195d   Thumb Code     2  stm32h7xx_hal_uart.o(i.HAL_UART_TxCpltCallback)
    HardFault_Handler                        0x0810195f   Thumb Code     2  stm32h7xx_it.o(i.HardFault_Handler)
    Host03Service                            0x08101961   Thumb Code   128  services.o(i.Host03Service)
    Host10Service                            0x081019f1   Thumb Code    72  services.o(i.Host10Service)
    MemManage_Handler                        0x08101af1   Thumb Code     2  stm32h7xx_it.o(i.MemManage_Handler)
    NMI_Handler                              0x08101af3   Thumb Code     2  stm32h7xx_it.o(i.NMI_Handler)
    PendSV_Handler                           0x08101af5   Thumb Code     2  stm32h7xx_it.o(i.PendSV_Handler)
    SVC_Handler                              0x08101af7   Thumb Code     2  stm32h7xx_it.o(i.SVC_Handler)
    SysTick_Handler                          0x08101af9   Thumb Code     4  stm32h7xx_it.o(i.SysTick_Handler)
    SystemInit                               0x08101afd   Thumb Code    34  system_stm32h7xx_dualcore_boot_cm4_cm7.o(i.SystemInit)
    TIM2_IRQHandler                          0x08101b25   Thumb Code     6  stm32h7xx_it.o(i.TIM2_IRQHandler)
    TIM_Base_SetConfig                       0x08101b31   Thumb Code   160  stm32h7xx_hal_tim.o(i.TIM_Base_SetConfig)
    TIM_ETR_SetConfig                        0x08101bf1   Thumb Code    20  stm32h7xx_hal_tim.o(i.TIM_ETR_SetConfig)
    UART_AdvFeatureConfig                    0x08101cc5   Thumb Code   200  stm32h7xx_hal_uart.o(i.UART_AdvFeatureConfig)
    UART_CheckIdleState                      0x08101d8d   Thumb Code    94  stm32h7xx_hal_uart.o(i.UART_CheckIdleState)
    UART_SetConfig                           0x08102025   Thumb Code  2536  stm32h7xx_hal_uart.o(i.UART_SetConfig)
    UART_WaitOnFlagUntilTimeout              0x08102a11   Thumb Code   164  stm32h7xx_hal_uart.o(i.UART_WaitOnFlagUntilTimeout)
    USART1_IRQHandler                        0x08102ab5   Thumb Code     6  stm32h7xx_it.o(i.USART1_IRQHandler)
    UsageFault_Handler                       0x08102ac1   Thumb Code     2  stm32h7xx_it.o(i.UsageFault_Handler)
    __scatterload_copy                       0x08102ae3   Thumb Code    14  handlers.o(i.__scatterload_copy)
    __scatterload_null                       0x08102af1   Thumb Code     2  handlers.o(i.__scatterload_null)
    __scatterload_zeroinit                   0x08102af3   Thumb Code    14  handlers.o(i.__scatterload_zeroinit)
    main                                     0x08102b01   Thumb Code   130  main.o(i.main)
    CrcTableMSB                              0x08102b98   Data         256  crc.o(.constdata)
    CrcTableLSB                              0x08102c98   Data         256  crc.o(.constdata)
    D1CorePrescTable                         0x08102d98   Data          16  system_stm32h7xx_dualcore_boot_cm4_cm7.o(.constdata)
    Region$$Table$$Base                      0x08102da8   Number         0  anon$$obj.o(Region$$Table)
    Region$$Table$$Limit                     0x08102dc8   Number         0  anon$$obj.o(Region$$Table)
    ModbusRxDataLength                       0x10000000   Data           1  main.o(.data)
    RxBuffer                                 0x10000001   Data           1  main.o(.data)
    ModbusRxBufferStartFlag                  0x10000002   Data           1  main.o(.data)
    ModbusRxBufferEndFlag                    0x10000003   Data           1  main.o(.data)
    CrcCalac                                 0x10000004   Data           2  main.o(.data)
    count                                    0x10000006   Data           2  main.o(.data)
    uwTickFreq                               0x10000008   Data           1  stm32h7xx_hal.o(.data)
    uwTickPrio                               0x1000000c   Data           4  stm32h7xx_hal.o(.data)
    uwTick                                   0x10000010   Data           4  stm32h7xx_hal.o(.data)
    SystemCoreClock                          0x10000014   Data           4  system_stm32h7xx_dualcore_boot_cm4_cm7.o(.data)
    SystemD2Clock                            0x10000018   Data           4  system_stm32h7xx_dualcore_boot_cm4_cm7.o(.data)
    ModbusRxData                             0x1000001c   Data          24  main.o(.bss)
    DataBuffer                               0x10000034   Data          40  main.o(.bss)
    htim2                                    0x1000005c   Data          64  main.o(.bss)
    huart1                                   0x1000009c   Data         140  main.o(.bss)
    ModbusTxData                             0x10000128   Data          52  main.o(.bss)
    __initial_sp                             0x10000560   Data           0  startup_stm32h747xx_cm4.o(STACK)



==============================================================================

Memory Map of the image

  Image Entry point : 0x08100299

  Load Region LR_IROM1 (Base: 0x08100000, Size: 0x00002de4, Max: 0x00100000, ABSOLUTE)

    Execution Region ER_IROM1 (Exec base: 0x08100000, Load base: 0x08100000, Size: 0x00002dc8, Max: 0x00100000, ABSOLUTE)

    Exec Addr    Load Addr    Size         Type   Attr      Idx    E Section Name        Object

    0x08100000   0x08100000   0x00000298   Data   RO            3    RESET               startup_stm32h747xx_cm4.o
    0x08100298   0x08100298   0x00000000   Code   RO         4413  * .ARM.Collect$$$$00000000  mc_w.l(entry.o)
    0x08100298   0x08100298   0x00000004   Code   RO         4420    .ARM.Collect$$$$00000001  mc_w.l(entry2.o)
    0x0810029c   0x0810029c   0x00000004   Code   RO         4423    .ARM.Collect$$$$00000004  mc_w.l(entry5.o)
    0x081002a0   0x081002a0   0x00000000   Code   RO         4425    .ARM.Collect$$$$00000008  mc_w.l(entry7b.o)
    0x081002a0   0x081002a0   0x00000000   Code   RO         4427    .ARM.Collect$$$$0000000A  mc_w.l(entry8b.o)
    0x081002a0   0x081002a0   0x00000008   Code   RO         4428    .ARM.Collect$$$$0000000B  mc_w.l(entry9a.o)
    0x081002a8   0x081002a8   0x00000000   Code   RO         4430    .ARM.Collect$$$$0000000D  mc_w.l(entry10a.o)
    0x081002a8   0x081002a8   0x00000000   Code   RO         4432    .ARM.Collect$$$$0000000F  mc_w.l(entry11a.o)
    0x081002a8   0x081002a8   0x00000004   Code   RO         4421    .ARM.Collect$$$$00002712  mc_w.l(entry2.o)
    0x081002ac   0x081002ac   0x00000024   Code   RO            4    .text               startup_stm32h747xx_cm4.o
    0x081002d0   0x081002d0   0x00000062   Code   RO         4416    .text               mc_w.l(uldiv.o)
    0x08100332   0x08100332   0x00000024   Code   RO         4418    .text               mc_w.l(memseta.o)
    0x08100356   0x08100356   0x0000001e   Code   RO         4434    .text               mc_w.l(llshl.o)
    0x08100374   0x08100374   0x00000020   Code   RO         4436    .text               mc_w.l(llushr.o)
    0x08100394   0x08100394   0x00000024   Code   RO         4438    .text               mc_w.l(init.o)
    0x081003b8   0x081003b8   0x00000002   Code   RO          200    i.BusFault_Handler  stm32h7xx_it.o
    0x081003ba   0x081003ba   0x00000002   PAD
    0x081003bc   0x081003bc   0x0000003c   Code   RO          333    i.CRC16Bit          crc.o
    0x081003f8   0x081003f8   0x00000002   Code   RO          201    i.DebugMon_Handler  stm32h7xx_it.o
    0x081003fa   0x081003fa   0x00000002   PAD
    0x081003fc   0x081003fc   0x00000264   Code   RO         2169    i.HAL_DMA_Abort_IT  stm32h7xx_hal_dma.o
    0x08100660   0x08100660   0x0000024c   Code   RO         2016    i.HAL_GPIO_Init     stm32h7xx_hal_gpio.o
    0x081008ac   0x081008ac   0x00000018   Code   RO          400    i.HAL_GetCurrentCPUID  stm32h7xx_hal_cortex.o
    0x081008c4   0x081008c4   0x0000000c   Code   RO         2919    i.HAL_GetTick       stm32h7xx_hal.o
    0x081008d0   0x081008d0   0x00000010   Code   RO         2079    i.HAL_HSEM_ActivateNotification  stm32h7xx_hal_hsem.o
    0x081008e0   0x081008e0   0x00000010   Code   RO         2925    i.HAL_IncTick       stm32h7xx_hal.o
    0x081008f0   0x081008f0   0x0000008c   Code   RO         2926    i.HAL_Init          stm32h7xx_hal.o
    0x0810097c   0x0810097c   0x00000040   Code   RO         2927    i.HAL_InitTick      stm32h7xx_hal.o
    0x081009bc   0x081009bc   0x0000001c   Code   RO          288    i.HAL_MspInit       stm32h7xx_hal_msp.o
    0x081009d8   0x081009d8   0x0000001a   Code   RO          406    i.HAL_NVIC_EnableIRQ  stm32h7xx_hal_cortex.o
    0x081009f2   0x081009f2   0x00000002   PAD
    0x081009f4   0x081009f4   0x00000040   Code   RO          412    i.HAL_NVIC_SetPriority  stm32h7xx_hal_cortex.o
    0x08100a34   0x08100a34   0x00000024   Code   RO          413    i.HAL_NVIC_SetPriorityGrouping  stm32h7xx_hal_cortex.o
    0x08100a58   0x08100a58   0x00000010   Code   RO         2614    i.HAL_PWREx_ClearPendingEvent  stm32h7xx_hal_pwr_ex.o
    0x08100a68   0x08100a68   0x00000074   Code   RO         2638    i.HAL_PWREx_EnterSTOPMode  stm32h7xx_hal_pwr_ex.o
    0x08100adc   0x08100adc   0x00000024   Code   RO         1632    i.HAL_RCCEx_GetD3PCLK1Freq  stm32h7xx_hal_rcc_ex.o
    0x08100b00   0x08100b00   0x0000013c   Code   RO         1634    i.HAL_RCCEx_GetPLL2ClockFreq  stm32h7xx_hal_rcc_ex.o
    0x08100c3c   0x08100c3c   0x0000013c   Code   RO         1635    i.HAL_RCCEx_GetPLL3ClockFreq  stm32h7xx_hal_rcc_ex.o
    0x08100d78   0x08100d78   0x00000040   Code   RO         1521    i.HAL_RCC_GetHCLKFreq  stm32h7xx_hal_rcc.o
    0x08100db8   0x08100db8   0x00000024   Code   RO         1523    i.HAL_RCC_GetPCLK1Freq  stm32h7xx_hal_rcc.o
    0x08100ddc   0x08100ddc   0x00000024   Code   RO         1524    i.HAL_RCC_GetPCLK2Freq  stm32h7xx_hal_rcc.o
    0x08100e00   0x08100e00   0x00000130   Code   RO         1525    i.HAL_RCC_GetSysClockFreq  stm32h7xx_hal_rcc.o
    0x08100f30   0x08100f30   0x00000028   Code   RO          417    i.HAL_SYSTICK_Config  stm32h7xx_hal_cortex.o
    0x08100f58   0x08100f58   0x00000002   Code   RO         1240    i.HAL_TIMEx_Break2Callback  stm32h7xx_hal_tim_ex.o
    0x08100f5a   0x08100f5a   0x00000002   Code   RO         1241    i.HAL_TIMEx_BreakCallback  stm32h7xx_hal_tim_ex.o
    0x08100f5c   0x08100f5c   0x00000002   Code   RO         1242    i.HAL_TIMEx_CommutCallback  stm32h7xx_hal_tim_ex.o
    0x08100f5e   0x08100f5e   0x00000002   PAD
    0x08100f60   0x08100f60   0x0000009c   Code   RO         1261    i.HAL_TIMEx_MasterConfigSynchronization  stm32h7xx_hal_tim_ex.o
    0x08100ffc   0x08100ffc   0x00000036   Code   RO          543    i.HAL_TIM_Base_Init  stm32h7xx_hal_tim.o
    0x08101032   0x08101032   0x00000002   PAD
    0x08101034   0x08101034   0x00000038   Code   RO          290    i.HAL_TIM_Base_MspInit  stm32h7xx_hal_msp.o
    0x0810106c   0x0810106c   0x0000002c   Code   RO          548    i.HAL_TIM_Base_Start_IT  stm32h7xx_hal_tim.o
    0x08101098   0x08101098   0x0000002a   Code   RO          551    i.HAL_TIM_Base_Stop_IT  stm32h7xx_hal_tim.o
    0x081010c2   0x081010c2   0x00000002   PAD
    0x081010c4   0x081010c4   0x000000f8   Code   RO          552    i.HAL_TIM_ConfigClockSource  stm32h7xx_hal_tim.o
    0x081011bc   0x081011bc   0x00000002   Code   RO          574    i.HAL_TIM_IC_CaptureCallback  stm32h7xx_hal_tim.o
    0x081011be   0x081011be   0x00000184   Code   RO          588    i.HAL_TIM_IRQHandler  stm32h7xx_hal_tim.o
    0x08101342   0x08101342   0x00000002   Code   RO          591    i.HAL_TIM_OC_DelayElapsedCallback  stm32h7xx_hal_tim.o
    0x08101344   0x08101344   0x00000002   Code   RO          618    i.HAL_TIM_PWM_PulseFinishedCallback  stm32h7xx_hal_tim.o
    0x08101346   0x08101346   0x00000002   PAD
    0x08101348   0x08101348   0x00000084   Code   RO           14    i.HAL_TIM_PeriodElapsedCallback  main.o
    0x081013cc   0x081013cc   0x00000002   Code   RO          631    i.HAL_TIM_TriggerCallback  stm32h7xx_hal_tim.o
    0x081013ce   0x081013ce   0x0000003e   Code   RO         4286    i.HAL_UARTEx_DisableFifoMode  stm32h7xx_hal_uart_ex.o
    0x0810140c   0x0810140c   0x00000002   Code   RO         4290    i.HAL_UARTEx_RxFifoFullCallback  stm32h7xx_hal_uart_ex.o
    0x0810140e   0x0810140e   0x0000004c   Code   RO         4291    i.HAL_UARTEx_SetRxFifoThreshold  stm32h7xx_hal_uart_ex.o
    0x0810145a   0x0810145a   0x0000004c   Code   RO         4292    i.HAL_UARTEx_SetTxFifoThreshold  stm32h7xx_hal_uart_ex.o
    0x081014a6   0x081014a6   0x00000002   Code   RO         4294    i.HAL_UARTEx_TxFifoEmptyCallback  stm32h7xx_hal_uart_ex.o
    0x081014a8   0x081014a8   0x00000002   Code   RO         4295    i.HAL_UARTEx_WakeupCallback  stm32h7xx_hal_uart_ex.o
    0x081014aa   0x081014aa   0x00000002   Code   RO         3914    i.HAL_UART_ErrorCallback  stm32h7xx_hal_uart.o
    0x081014ac   0x081014ac   0x000001c4   Code   RO         3917    i.HAL_UART_IRQHandler  stm32h7xx_hal_uart.o
    0x08101670   0x08101670   0x0000006a   Code   RO         3918    i.HAL_UART_Init     stm32h7xx_hal_uart.o
    0x081016da   0x081016da   0x00000002   PAD
    0x081016dc   0x081016dc   0x00000078   Code   RO          292    i.HAL_UART_MspInit  stm32h7xx_hal_msp.o
    0x08101754   0x08101754   0x000000fc   Code   RO         3923    i.HAL_UART_Receive_IT  stm32h7xx_hal_uart.o
    0x08101850   0x08101850   0x00000050   Code   RO           15    i.HAL_UART_RxCpltCallback  main.o
    0x081018a0   0x081018a0   0x000000bc   Code   RO         3927    i.HAL_UART_Transmit  stm32h7xx_hal_uart.o
    0x0810195c   0x0810195c   0x00000002   Code   RO         3930    i.HAL_UART_TxCpltCallback  stm32h7xx_hal_uart.o
    0x0810195e   0x0810195e   0x00000002   Code   RO          202    i.HardFault_Handler  stm32h7xx_it.o
    0x08101960   0x08101960   0x00000090   Code   RO          354    i.Host03Service     services.o
    0x081019f0   0x081019f0   0x00000054   Code   RO          356    i.Host10Service     services.o
    0x08101a44   0x08101a44   0x00000054   Code   RO           16    i.MX_TIM2_Init      main.o
    0x08101a98   0x08101a98   0x00000058   Code   RO           17    i.MX_USART1_UART_Init  main.o
    0x08101af0   0x08101af0   0x00000002   Code   RO          203    i.MemManage_Handler  stm32h7xx_it.o
    0x08101af2   0x08101af2   0x00000002   Code   RO          204    i.NMI_Handler       stm32h7xx_it.o
    0x08101af4   0x08101af4   0x00000002   Code   RO          205    i.PendSV_Handler    stm32h7xx_it.o
    0x08101af6   0x08101af6   0x00000002   Code   RO          206    i.SVC_Handler       stm32h7xx_it.o
    0x08101af8   0x08101af8   0x00000004   Code   RO          207    i.SysTick_Handler   stm32h7xx_it.o
    0x08101afc   0x08101afc   0x00000028   Code   RO         4380    i.SystemInit        system_stm32h7xx_dualcore_boot_cm4_cm7.o
    0x08101b24   0x08101b24   0x0000000c   Code   RO          208    i.TIM2_IRQHandler   stm32h7xx_it.o
    0x08101b30   0x08101b30   0x000000c0   Code   RO          633    i.TIM_Base_SetConfig  stm32h7xx_hal_tim.o
    0x08101bf0   0x08101bf0   0x00000014   Code   RO          644    i.TIM_ETR_SetConfig  stm32h7xx_hal_tim.o
    0x08101c04   0x08101c04   0x00000014   Code   RO          645    i.TIM_ITRx_SetConfig  stm32h7xx_hal_tim.o
    0x08101c18   0x08101c18   0x00000022   Code   RO          653    i.TIM_TI1_ConfigInputStage  stm32h7xx_hal_tim.o
    0x08101c3a   0x08101c3a   0x00000024   Code   RO          655    i.TIM_TI2_ConfigInputStage  stm32h7xx_hal_tim.o
    0x08101c5e   0x08101c5e   0x00000002   PAD
    0x08101c60   0x08101c60   0x00000064   Code   RO         4296    i.UARTEx_SetNbDataToProcess  stm32h7xx_hal_uart_ex.o
    0x08101cc4   0x08101cc4   0x000000c8   Code   RO         3932    i.UART_AdvFeatureConfig  stm32h7xx_hal_uart.o
    0x08101d8c   0x08101d8c   0x0000005e   Code   RO         3933    i.UART_CheckIdleState  stm32h7xx_hal_uart.o
    0x08101dea   0x08101dea   0x00000014   Code   RO         3934    i.UART_DMAAbortOnError  stm32h7xx_hal_uart.o
    0x08101dfe   0x08101dfe   0x00000002   PAD
    0x08101e00   0x08101e00   0x00000024   Code   RO         3944    i.UART_EndRxTransfer  stm32h7xx_hal_uart.o
    0x08101e24   0x08101e24   0x0000005e   Code   RO         3946    i.UART_RxISR_16BIT  stm32h7xx_hal_uart.o
    0x08101e82   0x08101e82   0x00000002   PAD
    0x08101e84   0x08101e84   0x000000a0   Code   RO         3947    i.UART_RxISR_16BIT_FIFOEN  stm32h7xx_hal_uart.o
    0x08101f24   0x08101f24   0x0000005e   Code   RO         3948    i.UART_RxISR_8BIT   stm32h7xx_hal_uart.o
    0x08101f82   0x08101f82   0x00000002   PAD
    0x08101f84   0x08101f84   0x000000a0   Code   RO         3949    i.UART_RxISR_8BIT_FIFOEN  stm32h7xx_hal_uart.o
    0x08102024   0x08102024   0x000009ec   Code   RO         3950    i.UART_SetConfig    stm32h7xx_hal_uart.o
    0x08102a10   0x08102a10   0x000000a4   Code   RO         3955    i.UART_WaitOnFlagUntilTimeout  stm32h7xx_hal_uart.o
    0x08102ab4   0x08102ab4   0x0000000c   Code   RO          209    i.USART1_IRQHandler  stm32h7xx_it.o
    0x08102ac0   0x08102ac0   0x00000002   Code   RO          210    i.UsageFault_Handler  stm32h7xx_it.o
    0x08102ac2   0x08102ac2   0x00000020   Code   RO          419    i.__NVIC_SetPriority  stm32h7xx_hal_cortex.o
    0x08102ae2   0x08102ae2   0x0000000e   Code   RO         4442    i.__scatterload_copy  mc_w.l(handlers.o)
    0x08102af0   0x08102af0   0x00000002   Code   RO         4443    i.__scatterload_null  mc_w.l(handlers.o)
    0x08102af2   0x08102af2   0x0000000e   Code   RO         4444    i.__scatterload_zeroinit  mc_w.l(handlers.o)
    0x08102b00   0x08102b00   0x00000098   Code   RO           18    i.main              main.o
    0x08102b98   0x08102b98   0x00000200   Data   RO          334    .constdata          crc.o
    0x08102d98   0x08102d98   0x00000010   Data   RO         4381    .constdata          system_stm32h7xx_dualcore_boot_cm4_cm7.o
    0x08102da8   0x08102da8   0x00000020   Data   RO         4440    Region$$Table       anon$$obj.o


    Execution Region RW_IRAM1 (Exec base: 0x10000000, Load base: 0x08102dc8, Size: 0x00000560, Max: 0x10048000, ABSOLUTE)

    Exec Addr    Load Addr    Size         Type   Attr      Idx    E Section Name        Object

    0x10000000   0x08102dc8   0x00000008   Data   RW           21    .data               main.o
    0x10000008   0x08102dd0   0x0000000c   Data   RW         2953    .data               stm32h7xx_hal.o
    0x10000014   0x08102ddc   0x00000008   Data   RW         4382    .data               system_stm32h7xx_dualcore_boot_cm4_cm7.o
    0x1000001c        -       0x0000010c   Zero   RW           19    .bss                main.o
    0x10000128        -       0x00000034   Zero   RW           20    .bss                main.o
    0x1000015c   0x08102de4   0x00000004   PAD
    0x10000160        -       0x00000400   Zero   RW            1    STACK               startup_stm32h747xx_cm4.o


==============================================================================

Image component sizes


      Code (inc. data)   RO Data    RW Data    ZI Data      Debug   Object Name

        60          4        512          0          0       1229   crc.o
       536         62          0          8        320    1308823   main.o
       228         28          0          0          0       1368   services.o
        36          8        664          0       1024        840   startup_stm32h747xx_cm4.o
       232         44          0         12          0      29889   stm32h7xx_hal.o
       222         18          0          0          0      34549   stm32h7xx_hal_cortex.o
       612         12          0          0          0       2647   stm32h7xx_hal_dma.o
       588         48          0          0          0       1972   stm32h7xx_hal_gpio.o
        16          6          0          0          0        592   stm32h7xx_hal_hsem.o
       204         24          0          0          0       2176   stm32h7xx_hal_msp.o
       132          8          0          0          0       1412   stm32h7xx_hal_pwr_ex.o
       440         70          0          0          0       2942   stm32h7xx_hal_rcc.o
       668         62          0          0          0       3097   stm32h7xx_hal_rcc_ex.o
      1086         54          0          0          0      10644   stm32h7xx_hal_tim.o
       162         26          0          0          0       3064   stm32h7xx_hal_tim_ex.o
      4564        166          0          0          0      15952   stm32h7xx_hal_uart.o
       320         18          0          0          0       5330   stm32h7xx_hal_uart_ex.o
        44         12          0          0          0       5068   stm32h7xx_it.o
        40          6         16          8          0       1338   system_stm32h7xx_dualcore_boot_cm4_cm7.o

    ----------------------------------------------------------------------
     10214        676       1224         28       1348    1432932   Object Totals
         0          0         32          0          0          0   (incl. Generated)
        24          0          0          0          4          0   (incl. Padding)

    ----------------------------------------------------------------------

      Code (inc. data)   RO Data    RW Data    ZI Data      Debug   Library Member Name

         0          0          0          0          0          0   entry.o
         0          0          0          0          0          0   entry10a.o
         0          0          0          0          0          0   entry11a.o
         8          4          0          0          0          0   entry2.o
         4          0          0          0          0          0   entry5.o
         0          0          0          0          0          0   entry7b.o
         0          0          0          0          0          0   entry8b.o
         8          4          0          0          0          0   entry9a.o
        30          0          0          0          0          0   handlers.o
        36          8          0          0          0         68   init.o
        30          0          0          0          0         68   llshl.o
        32          0          0          0          0         68   llushr.o
        36          0          0          0          0        108   memseta.o
        98          0          0          0          0         92   uldiv.o

    ----------------------------------------------------------------------
       282         16          0          0          0        404   Library Totals
         0          0          0          0          0          0   (incl. Padding)

    ----------------------------------------------------------------------

      Code (inc. data)   RO Data    RW Data    ZI Data      Debug   Library Name

       282         16          0          0          0        404   mc_w.l

    ----------------------------------------------------------------------
       282         16          0          0          0        404   Library Totals

    ----------------------------------------------------------------------

==============================================================================


      Code (inc. data)   RO Data    RW Data    ZI Data      Debug   

     10496        692       1224         28       1348    1425836   Grand Totals
     10496        692       1224         28       1348    1425836   ELF Image Totals
     10496        692       1224         28          0          0   ROM Totals

==============================================================================

    Total RO  Size (Code + RO Data)                11720 (  11.45kB)
    Total RW  Size (RW Data + ZI Data)              1376 (   1.34kB)
    Total ROM Size (Code + RO Data + RW Data)      11748 (  11.47kB)

==============================================================================

