<!doctype html public "-//w3c//dtd html 4.0 transitional//en">
<html><head>
<title>Static Call Graph - [STM32H747_LED_CM4\STM32H747_LED_CM4.axf]</title></head>
<body><HR>
<H1>Static Call Graph for image STM32H747_LED_CM4\STM32H747_LED_CM4.axf</H1><HR>
<BR><P>#&#060CALLGRAPH&#062# ARM Linker, 5060750: Last Updated: Mon Mar 30 12:41:07 2020
<BR><P>
<H3>Maximum Stack Usage =         84 bytes + Unknown(Cycles, Untraceable Function Pointers)</H3><H3>
Call chain for Maximum Stack Depth:</H3>
main &rArr; MX_GPIO_Init &rArr; HAL_GPIO_Init
<P>
<H3>
Mutually Recursive functions
</H3> <LI><a href="#[85]">ADC3_IRQHandler</a>&nbsp;&nbsp;&nbsp;&rArr;&nbsp;&nbsp;&nbsp;<a href="#[85]">ADC3_IRQHandler</a><BR>
 <LI><a href="#[4]">BusFault_Handler</a>&nbsp;&nbsp;&nbsp;&rArr;&nbsp;&nbsp;&nbsp;<a href="#[4]">BusFault_Handler</a><BR>
 <LI><a href="#[2]">HardFault_Handler</a>&nbsp;&nbsp;&nbsp;&rArr;&nbsp;&nbsp;&nbsp;<a href="#[2]">HardFault_Handler</a><BR>
 <LI><a href="#[3]">MemManage_Handler</a>&nbsp;&nbsp;&nbsp;&rArr;&nbsp;&nbsp;&nbsp;<a href="#[3]">MemManage_Handler</a><BR>
 <LI><a href="#[5]">UsageFault_Handler</a>&nbsp;&nbsp;&nbsp;&rArr;&nbsp;&nbsp;&nbsp;<a href="#[5]">UsageFault_Handler</a><BR>
</UL>
<P>
<H3>
Function Pointers
</H3><UL>
 <LI><a href="#[85]">ADC3_IRQHandler</a> from startup_stm32h747xx_cm4.o(.text) referenced from startup_stm32h747xx_cm4.o(RESET)
 <LI><a href="#[1c]">ADC_IRQHandler</a> from startup_stm32h747xx_cm4.o(.text) referenced from startup_stm32h747xx_cm4.o(RESET)
 <LI><a href="#[87]">BDMA_Channel0_IRQHandler</a> from startup_stm32h747xx_cm4.o(.text) referenced from startup_stm32h747xx_cm4.o(RESET)
 <LI><a href="#[88]">BDMA_Channel1_IRQHandler</a> from startup_stm32h747xx_cm4.o(.text) referenced from startup_stm32h747xx_cm4.o(RESET)
 <LI><a href="#[89]">BDMA_Channel2_IRQHandler</a> from startup_stm32h747xx_cm4.o(.text) referenced from startup_stm32h747xx_cm4.o(RESET)
 <LI><a href="#[8a]">BDMA_Channel3_IRQHandler</a> from startup_stm32h747xx_cm4.o(.text) referenced from startup_stm32h747xx_cm4.o(RESET)
 <LI><a href="#[8b]">BDMA_Channel4_IRQHandler</a> from startup_stm32h747xx_cm4.o(.text) referenced from startup_stm32h747xx_cm4.o(RESET)
 <LI><a href="#[8c]">BDMA_Channel5_IRQHandler</a> from startup_stm32h747xx_cm4.o(.text) referenced from startup_stm32h747xx_cm4.o(RESET)
 <LI><a href="#[8d]">BDMA_Channel6_IRQHandler</a> from startup_stm32h747xx_cm4.o(.text) referenced from startup_stm32h747xx_cm4.o(RESET)
 <LI><a href="#[8e]">BDMA_Channel7_IRQHandler</a> from startup_stm32h747xx_cm4.o(.text) referenced from startup_stm32h747xx_cm4.o(RESET)
 <LI><a href="#[4]">BusFault_Handler</a> from stm32h7xx_it.o(i.BusFault_Handler) referenced from startup_stm32h747xx_cm4.o(RESET)
 <LI><a href="#[64]">CEC_IRQHandler</a> from startup_stm32h747xx_cm4.o(.text) referenced from startup_stm32h747xx_cm4.o(RESET)
 <LI><a href="#[4a]">CM4_SEV_IRQHandler</a> from startup_stm32h747xx_cm4.o(.text) referenced from startup_stm32h747xx_cm4.o(RESET)
 <LI><a href="#[49]">CM7_SEV_IRQHandler</a> from startup_stm32h747xx_cm4.o(.text) referenced from startup_stm32h747xx_cm4.o(RESET)
 <LI><a href="#[8f]">COMP1_IRQHandler</a> from startup_stm32h747xx_cm4.o(.text) referenced from startup_stm32h747xx_cm4.o(RESET)
 <LI><a href="#[96]">CRS_IRQHandler</a> from startup_stm32h747xx_cm4.o(.text) referenced from startup_stm32h747xx_cm4.o(RESET)
 <LI><a href="#[55]">DCMI_IRQHandler</a> from startup_stm32h747xx_cm4.o(.text) referenced from startup_stm32h747xx_cm4.o(RESET)
 <LI><a href="#[74]">DFSDM1_FLT0_IRQHandler</a> from startup_stm32h747xx_cm4.o(.text) referenced from startup_stm32h747xx_cm4.o(RESET)
 <LI><a href="#[75]">DFSDM1_FLT1_IRQHandler</a> from startup_stm32h747xx_cm4.o(.text) referenced from startup_stm32h747xx_cm4.o(RESET)
 <LI><a href="#[76]">DFSDM1_FLT2_IRQHandler</a> from startup_stm32h747xx_cm4.o(.text) referenced from startup_stm32h747xx_cm4.o(RESET)
 <LI><a href="#[77]">DFSDM1_FLT3_IRQHandler</a> from startup_stm32h747xx_cm4.o(.text) referenced from startup_stm32h747xx_cm4.o(RESET)
 <LI><a href="#[15]">DMA1_Stream0_IRQHandler</a> from startup_stm32h747xx_cm4.o(.text) referenced from startup_stm32h747xx_cm4.o(RESET)
 <LI><a href="#[16]">DMA1_Stream1_IRQHandler</a> from startup_stm32h747xx_cm4.o(.text) referenced from startup_stm32h747xx_cm4.o(RESET)
 <LI><a href="#[17]">DMA1_Stream2_IRQHandler</a> from startup_stm32h747xx_cm4.o(.text) referenced from startup_stm32h747xx_cm4.o(RESET)
 <LI><a href="#[18]">DMA1_Stream3_IRQHandler</a> from startup_stm32h747xx_cm4.o(.text) referenced from startup_stm32h747xx_cm4.o(RESET)
 <LI><a href="#[19]">DMA1_Stream4_IRQHandler</a> from startup_stm32h747xx_cm4.o(.text) referenced from startup_stm32h747xx_cm4.o(RESET)
 <LI><a href="#[1a]">DMA1_Stream5_IRQHandler</a> from startup_stm32h747xx_cm4.o(.text) referenced from startup_stm32h747xx_cm4.o(RESET)
 <LI><a href="#[1b]">DMA1_Stream6_IRQHandler</a> from startup_stm32h747xx_cm4.o(.text) referenced from startup_stm32h747xx_cm4.o(RESET)
 <LI><a href="#[38]">DMA1_Stream7_IRQHandler</a> from startup_stm32h747xx_cm4.o(.text) referenced from startup_stm32h747xx_cm4.o(RESET)
 <LI><a href="#[60]">DMA2D_IRQHandler</a> from startup_stm32h747xx_cm4.o(.text) referenced from startup_stm32h747xx_cm4.o(RESET)
 <LI><a href="#[41]">DMA2_Stream0_IRQHandler</a> from startup_stm32h747xx_cm4.o(.text) referenced from startup_stm32h747xx_cm4.o(RESET)
 <LI><a href="#[42]">DMA2_Stream1_IRQHandler</a> from startup_stm32h747xx_cm4.o(.text) referenced from startup_stm32h747xx_cm4.o(RESET)
 <LI><a href="#[43]">DMA2_Stream2_IRQHandler</a> from startup_stm32h747xx_cm4.o(.text) referenced from startup_stm32h747xx_cm4.o(RESET)
 <LI><a href="#[44]">DMA2_Stream3_IRQHandler</a> from startup_stm32h747xx_cm4.o(.text) referenced from startup_stm32h747xx_cm4.o(RESET)
 <LI><a href="#[45]">DMA2_Stream4_IRQHandler</a> from startup_stm32h747xx_cm4.o(.text) referenced from startup_stm32h747xx_cm4.o(RESET)
 <LI><a href="#[4b]">DMA2_Stream5_IRQHandler</a> from startup_stm32h747xx_cm4.o(.text) referenced from startup_stm32h747xx_cm4.o(RESET)
 <LI><a href="#[4c]">DMA2_Stream6_IRQHandler</a> from startup_stm32h747xx_cm4.o(.text) referenced from startup_stm32h747xx_cm4.o(RESET)
 <LI><a href="#[4d]">DMA2_Stream7_IRQHandler</a> from startup_stm32h747xx_cm4.o(.text) referenced from startup_stm32h747xx_cm4.o(RESET)
 <LI><a href="#[6c]">DMAMUX1_OVR_IRQHandler</a> from startup_stm32h747xx_cm4.o(.text) referenced from startup_stm32h747xx_cm4.o(RESET)
 <LI><a href="#[86]">DMAMUX2_OVR_IRQHandler</a> from startup_stm32h747xx_cm4.o(.text) referenced from startup_stm32h747xx_cm4.o(RESET)
 <LI><a href="#[81]">DSI_IRQHandler</a> from startup_stm32h747xx_cm4.o(.text) referenced from startup_stm32h747xx_cm4.o(RESET)
 <LI><a href="#[7]">DebugMon_Handler</a> from stm32h7xx_it.o(i.DebugMon_Handler) referenced from startup_stm32h747xx_cm4.o(RESET)
 <LI><a href="#[97]">ECC_IRQHandler</a> from startup_stm32h747xx_cm4.o(.text) referenced from startup_stm32h747xx_cm4.o(RESET)
 <LI><a href="#[46]">ETH_IRQHandler</a> from startup_stm32h747xx_cm4.o(.text) referenced from startup_stm32h747xx_cm4.o(RESET)
 <LI><a href="#[47]">ETH_WKUP_IRQHandler</a> from startup_stm32h747xx_cm4.o(.text) referenced from startup_stm32h747xx_cm4.o(RESET)
 <LI><a href="#[10]">EXTI0_IRQHandler</a> from startup_stm32h747xx_cm4.o(.text) referenced from startup_stm32h747xx_cm4.o(RESET)
 <LI><a href="#[32]">EXTI15_10_IRQHandler</a> from startup_stm32h747xx_cm4.o(.text) referenced from startup_stm32h747xx_cm4.o(RESET)
 <LI><a href="#[11]">EXTI1_IRQHandler</a> from startup_stm32h747xx_cm4.o(.text) referenced from startup_stm32h747xx_cm4.o(RESET)
 <LI><a href="#[12]">EXTI2_IRQHandler</a> from startup_stm32h747xx_cm4.o(.text) referenced from startup_stm32h747xx_cm4.o(RESET)
 <LI><a href="#[13]">EXTI3_IRQHandler</a> from startup_stm32h747xx_cm4.o(.text) referenced from startup_stm32h747xx_cm4.o(RESET)
 <LI><a href="#[14]">EXTI4_IRQHandler</a> from startup_stm32h747xx_cm4.o(.text) referenced from startup_stm32h747xx_cm4.o(RESET)
 <LI><a href="#[21]">EXTI9_5_IRQHandler</a> from startup_stm32h747xx_cm4.o(.text) referenced from startup_stm32h747xx_cm4.o(RESET)
 <LI><a href="#[1d]">FDCAN1_IT0_IRQHandler</a> from startup_stm32h747xx_cm4.o(.text) referenced from startup_stm32h747xx_cm4.o(RESET)
 <LI><a href="#[1f]">FDCAN1_IT1_IRQHandler</a> from startup_stm32h747xx_cm4.o(.text) referenced from startup_stm32h747xx_cm4.o(RESET)
 <LI><a href="#[1e]">FDCAN2_IT0_IRQHandler</a> from startup_stm32h747xx_cm4.o(.text) referenced from startup_stm32h747xx_cm4.o(RESET)
 <LI><a href="#[20]">FDCAN2_IT1_IRQHandler</a> from startup_stm32h747xx_cm4.o(.text) referenced from startup_stm32h747xx_cm4.o(RESET)
 <LI><a href="#[48]">FDCAN_CAL_IRQHandler</a> from startup_stm32h747xx_cm4.o(.text) referenced from startup_stm32h747xx_cm4.o(RESET)
 <LI><a href="#[e]">FLASH_IRQHandler</a> from startup_stm32h747xx_cm4.o(.text) referenced from startup_stm32h747xx_cm4.o(RESET)
 <LI><a href="#[39]">FMC_IRQHandler</a> from startup_stm32h747xx_cm4.o(.text) referenced from startup_stm32h747xx_cm4.o(RESET)
 <LI><a href="#[57]">FPU_IRQHandler</a> from startup_stm32h747xx_cm4.o(.text) referenced from startup_stm32h747xx_cm4.o(RESET)
 <LI><a href="#[99]">HOLD_CORE_IRQHandler</a> from startup_stm32h747xx_cm4.o(.text) referenced from startup_stm32h747xx_cm4.o(RESET)
 <LI><a href="#[73]">HRTIM1_FLT_IRQHandler</a> from startup_stm32h747xx_cm4.o(.text) referenced from startup_stm32h747xx_cm4.o(RESET)
 <LI><a href="#[6d]">HRTIM1_Master_IRQHandler</a> from startup_stm32h747xx_cm4.o(.text) referenced from startup_stm32h747xx_cm4.o(RESET)
 <LI><a href="#[6e]">HRTIM1_TIMA_IRQHandler</a> from startup_stm32h747xx_cm4.o(.text) referenced from startup_stm32h747xx_cm4.o(RESET)
 <LI><a href="#[6f]">HRTIM1_TIMB_IRQHandler</a> from startup_stm32h747xx_cm4.o(.text) referenced from startup_stm32h747xx_cm4.o(RESET)
 <LI><a href="#[70]">HRTIM1_TIMC_IRQHandler</a> from startup_stm32h747xx_cm4.o(.text) referenced from startup_stm32h747xx_cm4.o(RESET)
 <LI><a href="#[71]">HRTIM1_TIMD_IRQHandler</a> from startup_stm32h747xx_cm4.o(.text) referenced from startup_stm32h747xx_cm4.o(RESET)
 <LI><a href="#[72]">HRTIM1_TIME_IRQHandler</a> from startup_stm32h747xx_cm4.o(.text) referenced from startup_stm32h747xx_cm4.o(RESET)
 <LI><a href="#[83]">HSEM1_IRQHandler</a> from startup_stm32h747xx_cm4.o(.text) referenced from startup_stm32h747xx_cm4.o(RESET)
 <LI><a href="#[84]">HSEM2_IRQHandler</a> from startup_stm32h747xx_cm4.o(.text) referenced from startup_stm32h747xx_cm4.o(RESET)
 <LI><a href="#[2]">HardFault_Handler</a> from stm32h7xx_it.o(i.HardFault_Handler) referenced from startup_stm32h747xx_cm4.o(RESET)
 <LI><a href="#[2a]">I2C1_ER_IRQHandler</a> from startup_stm32h747xx_cm4.o(.text) referenced from startup_stm32h747xx_cm4.o(RESET)
 <LI><a href="#[29]">I2C1_EV_IRQHandler</a> from startup_stm32h747xx_cm4.o(.text) referenced from startup_stm32h747xx_cm4.o(RESET)
 <LI><a href="#[2c]">I2C2_ER_IRQHandler</a> from startup_stm32h747xx_cm4.o(.text) referenced from startup_stm32h747xx_cm4.o(RESET)
 <LI><a href="#[2b]">I2C2_EV_IRQHandler</a> from startup_stm32h747xx_cm4.o(.text) referenced from startup_stm32h747xx_cm4.o(RESET)
 <LI><a href="#[50]">I2C3_ER_IRQHandler</a> from startup_stm32h747xx_cm4.o(.text) referenced from startup_stm32h747xx_cm4.o(RESET)
 <LI><a href="#[4f]">I2C3_EV_IRQHandler</a> from startup_stm32h747xx_cm4.o(.text) referenced from startup_stm32h747xx_cm4.o(RESET)
 <LI><a href="#[66]">I2C4_ER_IRQHandler</a> from startup_stm32h747xx_cm4.o(.text) referenced from startup_stm32h747xx_cm4.o(RESET)
 <LI><a href="#[65]">I2C4_EV_IRQHandler</a> from startup_stm32h747xx_cm4.o(.text) referenced from startup_stm32h747xx_cm4.o(RESET)
 <LI><a href="#[7f]">JPEG_IRQHandler</a> from startup_stm32h747xx_cm4.o(.text) referenced from startup_stm32h747xx_cm4.o(RESET)
 <LI><a href="#[63]">LPTIM1_IRQHandler</a> from startup_stm32h747xx_cm4.o(.text) referenced from startup_stm32h747xx_cm4.o(RESET)
 <LI><a href="#[90]">LPTIM2_IRQHandler</a> from startup_stm32h747xx_cm4.o(.text) referenced from startup_stm32h747xx_cm4.o(RESET)
 <LI><a href="#[91]">LPTIM3_IRQHandler</a> from startup_stm32h747xx_cm4.o(.text) referenced from startup_stm32h747xx_cm4.o(RESET)
 <LI><a href="#[92]">LPTIM4_IRQHandler</a> from startup_stm32h747xx_cm4.o(.text) referenced from startup_stm32h747xx_cm4.o(RESET)
 <LI><a href="#[93]">LPTIM5_IRQHandler</a> from startup_stm32h747xx_cm4.o(.text) referenced from startup_stm32h747xx_cm4.o(RESET)
 <LI><a href="#[94]">LPUART1_IRQHandler</a> from startup_stm32h747xx_cm4.o(.text) referenced from startup_stm32h747xx_cm4.o(RESET)
 <LI><a href="#[5f]">LTDC_ER_IRQHandler</a> from startup_stm32h747xx_cm4.o(.text) referenced from startup_stm32h747xx_cm4.o(RESET)
 <LI><a href="#[5e]">LTDC_IRQHandler</a> from startup_stm32h747xx_cm4.o(.text) referenced from startup_stm32h747xx_cm4.o(RESET)
 <LI><a href="#[7e]">MDIOS_IRQHandler</a> from startup_stm32h747xx_cm4.o(.text) referenced from startup_stm32h747xx_cm4.o(RESET)
 <LI><a href="#[7d]">MDIOS_WKUP_IRQHandler</a> from startup_stm32h747xx_cm4.o(.text) referenced from startup_stm32h747xx_cm4.o(RESET)
 <LI><a href="#[80]">MDMA_IRQHandler</a> from startup_stm32h747xx_cm4.o(.text) referenced from startup_stm32h747xx_cm4.o(RESET)
 <LI><a href="#[3]">MemManage_Handler</a> from stm32h7xx_it.o(i.MemManage_Handler) referenced from startup_stm32h747xx_cm4.o(RESET)
 <LI><a href="#[1]">NMI_Handler</a> from stm32h7xx_it.o(i.NMI_Handler) referenced from startup_stm32h747xx_cm4.o(RESET)
 <LI><a href="#[69]">OTG_FS_EP1_IN_IRQHandler</a> from startup_stm32h747xx_cm4.o(.text) referenced from startup_stm32h747xx_cm4.o(RESET)
 <LI><a href="#[68]">OTG_FS_EP1_OUT_IRQHandler</a> from startup_stm32h747xx_cm4.o(.text) referenced from startup_stm32h747xx_cm4.o(RESET)
 <LI><a href="#[6b]">OTG_FS_IRQHandler</a> from startup_stm32h747xx_cm4.o(.text) referenced from startup_stm32h747xx_cm4.o(RESET)
 <LI><a href="#[6a]">OTG_FS_WKUP_IRQHandler</a> from startup_stm32h747xx_cm4.o(.text) referenced from startup_stm32h747xx_cm4.o(RESET)
 <LI><a href="#[52]">OTG_HS_EP1_IN_IRQHandler</a> from startup_stm32h747xx_cm4.o(.text) referenced from startup_stm32h747xx_cm4.o(RESET)
 <LI><a href="#[51]">OTG_HS_EP1_OUT_IRQHandler</a> from startup_stm32h747xx_cm4.o(.text) referenced from startup_stm32h747xx_cm4.o(RESET)
 <LI><a href="#[54]">OTG_HS_IRQHandler</a> from startup_stm32h747xx_cm4.o(.text) referenced from startup_stm32h747xx_cm4.o(RESET)
 <LI><a href="#[53]">OTG_HS_WKUP_IRQHandler</a> from startup_stm32h747xx_cm4.o(.text) referenced from startup_stm32h747xx_cm4.o(RESET)
 <LI><a href="#[b]">PVD_AVD_IRQHandler</a> from startup_stm32h747xx_cm4.o(.text) referenced from startup_stm32h747xx_cm4.o(RESET)
 <LI><a href="#[8]">PendSV_Handler</a> from stm32h7xx_it.o(i.PendSV_Handler) referenced from startup_stm32h747xx_cm4.o(RESET)
 <LI><a href="#[62]">QUADSPI_IRQHandler</a> from startup_stm32h747xx_cm4.o(.text) referenced from startup_stm32h747xx_cm4.o(RESET)
 <LI><a href="#[f]">RCC_IRQHandler</a> from startup_stm32h747xx_cm4.o(.text) referenced from startup_stm32h747xx_cm4.o(RESET)
 <LI><a href="#[56]">RNG_IRQHandler</a> from startup_stm32h747xx_cm4.o(.text) referenced from startup_stm32h747xx_cm4.o(RESET)
 <LI><a href="#[33]">RTC_Alarm_IRQHandler</a> from startup_stm32h747xx_cm4.o(.text) referenced from startup_stm32h747xx_cm4.o(RESET)
 <LI><a href="#[d]">RTC_WKUP_IRQHandler</a> from startup_stm32h747xx_cm4.o(.text) referenced from startup_stm32h747xx_cm4.o(RESET)
 <LI><a href="#[0]">Reset_Handler</a> from startup_stm32h747xx_cm4.o(.text) referenced from startup_stm32h747xx_cm4.o(RESET)
 <LI><a href="#[5d]">SAI1_IRQHandler</a> from startup_stm32h747xx_cm4.o(.text) referenced from startup_stm32h747xx_cm4.o(RESET)
 <LI><a href="#[61]">SAI2_IRQHandler</a> from startup_stm32h747xx_cm4.o(.text) referenced from startup_stm32h747xx_cm4.o(RESET)
 <LI><a href="#[78]">SAI3_IRQHandler</a> from startup_stm32h747xx_cm4.o(.text) referenced from startup_stm32h747xx_cm4.o(RESET)
 <LI><a href="#[98]">SAI4_IRQHandler</a> from startup_stm32h747xx_cm4.o(.text) referenced from startup_stm32h747xx_cm4.o(RESET)
 <LI><a href="#[3a]">SDMMC1_IRQHandler</a> from startup_stm32h747xx_cm4.o(.text) referenced from startup_stm32h747xx_cm4.o(RESET)
 <LI><a href="#[82]">SDMMC2_IRQHandler</a> from startup_stm32h747xx_cm4.o(.text) referenced from startup_stm32h747xx_cm4.o(RESET)
 <LI><a href="#[67]">SPDIF_RX_IRQHandler</a> from startup_stm32h747xx_cm4.o(.text) referenced from startup_stm32h747xx_cm4.o(RESET)
 <LI><a href="#[2d]">SPI1_IRQHandler</a> from startup_stm32h747xx_cm4.o(.text) referenced from startup_stm32h747xx_cm4.o(RESET)
 <LI><a href="#[2e]">SPI2_IRQHandler</a> from startup_stm32h747xx_cm4.o(.text) referenced from startup_stm32h747xx_cm4.o(RESET)
 <LI><a href="#[3c]">SPI3_IRQHandler</a> from startup_stm32h747xx_cm4.o(.text) referenced from startup_stm32h747xx_cm4.o(RESET)
 <LI><a href="#[5a]">SPI4_IRQHandler</a> from startup_stm32h747xx_cm4.o(.text) referenced from startup_stm32h747xx_cm4.o(RESET)
 <LI><a href="#[5b]">SPI5_IRQHandler</a> from startup_stm32h747xx_cm4.o(.text) referenced from startup_stm32h747xx_cm4.o(RESET)
 <LI><a href="#[5c]">SPI6_IRQHandler</a> from startup_stm32h747xx_cm4.o(.text) referenced from startup_stm32h747xx_cm4.o(RESET)
 <LI><a href="#[6]">SVC_Handler</a> from stm32h7xx_it.o(i.SVC_Handler) referenced from startup_stm32h747xx_cm4.o(RESET)
 <LI><a href="#[79]">SWPMI1_IRQHandler</a> from startup_stm32h747xx_cm4.o(.text) referenced from startup_stm32h747xx_cm4.o(RESET)
 <LI><a href="#[9]">SysTick_Handler</a> from stm32h7xx_it.o(i.SysTick_Handler) referenced from startup_stm32h747xx_cm4.o(RESET)
 <LI><a href="#[9c]">SystemInit</a> from system_stm32h7xx_dualcore_boot_cm4_cm7.o(i.SystemInit) referenced from startup_stm32h747xx_cm4.o(.text)
 <LI><a href="#[c]">TAMP_STAMP_IRQHandler</a> from startup_stm32h747xx_cm4.o(.text) referenced from startup_stm32h747xx_cm4.o(RESET)
 <LI><a href="#[7a]">TIM15_IRQHandler</a> from startup_stm32h747xx_cm4.o(.text) referenced from startup_stm32h747xx_cm4.o(RESET)
 <LI><a href="#[7b]">TIM16_IRQHandler</a> from startup_stm32h747xx_cm4.o(.text) referenced from startup_stm32h747xx_cm4.o(RESET)
 <LI><a href="#[7c]">TIM17_IRQHandler</a> from startup_stm32h747xx_cm4.o(.text) referenced from startup_stm32h747xx_cm4.o(RESET)
 <LI><a href="#[22]">TIM1_BRK_IRQHandler</a> from startup_stm32h747xx_cm4.o(.text) referenced from startup_stm32h747xx_cm4.o(RESET)
 <LI><a href="#[25]">TIM1_CC_IRQHandler</a> from startup_stm32h747xx_cm4.o(.text) referenced from startup_stm32h747xx_cm4.o(RESET)
 <LI><a href="#[24]">TIM1_TRG_COM_IRQHandler</a> from startup_stm32h747xx_cm4.o(.text) referenced from startup_stm32h747xx_cm4.o(RESET)
 <LI><a href="#[23]">TIM1_UP_IRQHandler</a> from startup_stm32h747xx_cm4.o(.text) referenced from startup_stm32h747xx_cm4.o(RESET)
 <LI><a href="#[26]">TIM2_IRQHandler</a> from startup_stm32h747xx_cm4.o(.text) referenced from startup_stm32h747xx_cm4.o(RESET)
 <LI><a href="#[27]">TIM3_IRQHandler</a> from startup_stm32h747xx_cm4.o(.text) referenced from startup_stm32h747xx_cm4.o(RESET)
 <LI><a href="#[28]">TIM4_IRQHandler</a> from startup_stm32h747xx_cm4.o(.text) referenced from startup_stm32h747xx_cm4.o(RESET)
 <LI><a href="#[3b]">TIM5_IRQHandler</a> from startup_stm32h747xx_cm4.o(.text) referenced from startup_stm32h747xx_cm4.o(RESET)
 <LI><a href="#[3f]">TIM6_DAC_IRQHandler</a> from startup_stm32h747xx_cm4.o(.text) referenced from startup_stm32h747xx_cm4.o(RESET)
 <LI><a href="#[40]">TIM7_IRQHandler</a> from startup_stm32h747xx_cm4.o(.text) referenced from startup_stm32h747xx_cm4.o(RESET)
 <LI><a href="#[34]">TIM8_BRK_TIM12_IRQHandler</a> from startup_stm32h747xx_cm4.o(.text) referenced from startup_stm32h747xx_cm4.o(RESET)
 <LI><a href="#[37]">TIM8_CC_IRQHandler</a> from startup_stm32h747xx_cm4.o(.text) referenced from startup_stm32h747xx_cm4.o(RESET)
 <LI><a href="#[36]">TIM8_TRG_COM_TIM14_IRQHandler</a> from startup_stm32h747xx_cm4.o(.text) referenced from startup_stm32h747xx_cm4.o(RESET)
 <LI><a href="#[35]">TIM8_UP_TIM13_IRQHandler</a> from startup_stm32h747xx_cm4.o(.text) referenced from startup_stm32h747xx_cm4.o(RESET)
 <LI><a href="#[3d]">UART4_IRQHandler</a> from startup_stm32h747xx_cm4.o(.text) referenced from startup_stm32h747xx_cm4.o(RESET)
 <LI><a href="#[3e]">UART5_IRQHandler</a> from startup_stm32h747xx_cm4.o(.text) referenced from startup_stm32h747xx_cm4.o(RESET)
 <LI><a href="#[58]">UART7_IRQHandler</a> from startup_stm32h747xx_cm4.o(.text) referenced from startup_stm32h747xx_cm4.o(RESET)
 <LI><a href="#[59]">UART8_IRQHandler</a> from startup_stm32h747xx_cm4.o(.text) referenced from startup_stm32h747xx_cm4.o(RESET)
 <LI><a href="#[2f]">USART1_IRQHandler</a> from startup_stm32h747xx_cm4.o(.text) referenced from startup_stm32h747xx_cm4.o(RESET)
 <LI><a href="#[30]">USART2_IRQHandler</a> from startup_stm32h747xx_cm4.o(.text) referenced from startup_stm32h747xx_cm4.o(RESET)
 <LI><a href="#[31]">USART3_IRQHandler</a> from startup_stm32h747xx_cm4.o(.text) referenced from startup_stm32h747xx_cm4.o(RESET)
 <LI><a href="#[4e]">USART6_IRQHandler</a> from startup_stm32h747xx_cm4.o(.text) referenced from startup_stm32h747xx_cm4.o(RESET)
 <LI><a href="#[5]">UsageFault_Handler</a> from stm32h7xx_it.o(i.UsageFault_Handler) referenced from startup_stm32h747xx_cm4.o(RESET)
 <LI><a href="#[9a]">WAKEUP_PIN_IRQHandler</a> from startup_stm32h747xx_cm4.o(.text) referenced from startup_stm32h747xx_cm4.o(RESET)
 <LI><a href="#[a]">WWDG_IRQHandler</a> from startup_stm32h747xx_cm4.o(.text) referenced from startup_stm32h747xx_cm4.o(RESET)
 <LI><a href="#[95]">WWDG_RST_IRQHandler</a> from startup_stm32h747xx_cm4.o(.text) referenced from startup_stm32h747xx_cm4.o(RESET)
 <LI><a href="#[9d]">__main</a> from entry.o(.ARM.Collect$$$$00000000) referenced from startup_stm32h747xx_cm4.o(.text)
 <LI><a href="#[9b]">main</a> from main.o(i.main) referenced from entry9a.o(.ARM.Collect$$$$0000000B)
</UL>
<P>
<H3>
Global Symbols
</H3>
<P><STRONG><a name="[9d]"></a>__main</STRONG> (Thumb, 0 bytes, Stack size unknown bytes, entry.o(.ARM.Collect$$$$00000000))
<BR>[Address Reference Count : 1]<UL><LI> startup_stm32h747xx_cm4.o(.text)
</UL>
<P><STRONG><a name="[b8]"></a>_main_stk</STRONG> (Thumb, 0 bytes, Stack size unknown bytes, entry2.o(.ARM.Collect$$$$00000001))

<P><STRONG><a name="[9e]"></a>_main_scatterload</STRONG> (Thumb, 0 bytes, Stack size unknown bytes, entry5.o(.ARM.Collect$$$$00000004))
<BR><BR>[Calls]<UL><LI><a href="#[9f]">&gt;&gt;</a>&nbsp;&nbsp;&nbsp;__scatterload
</UL>

<P><STRONG><a name="[a3]"></a>__main_after_scatterload</STRONG> (Thumb, 0 bytes, Stack size unknown bytes, entry5.o(.ARM.Collect$$$$00000004))
<BR><BR>[Called By]<UL><LI><a href="#[9f]">&gt;&gt;</a>&nbsp;&nbsp;&nbsp;__scatterload
</UL>

<P><STRONG><a name="[b9]"></a>_main_clock</STRONG> (Thumb, 0 bytes, Stack size unknown bytes, entry7b.o(.ARM.Collect$$$$00000008))

<P><STRONG><a name="[ba]"></a>_main_cpp_init</STRONG> (Thumb, 0 bytes, Stack size unknown bytes, entry8b.o(.ARM.Collect$$$$0000000A))

<P><STRONG><a name="[bb]"></a>_main_init</STRONG> (Thumb, 0 bytes, Stack size unknown bytes, entry9a.o(.ARM.Collect$$$$0000000B))

<P><STRONG><a name="[bc]"></a>__rt_final_cpp</STRONG> (Thumb, 0 bytes, Stack size unknown bytes, entry10a.o(.ARM.Collect$$$$0000000D))

<P><STRONG><a name="[bd]"></a>__rt_final_exit</STRONG> (Thumb, 0 bytes, Stack size unknown bytes, entry11a.o(.ARM.Collect$$$$0000000F))

<P><STRONG><a name="[0]"></a>Reset_Handler</STRONG> (Thumb, 8 bytes, Stack size 0 bytes, startup_stm32h747xx_cm4.o(.text))
<BR>[Address Reference Count : 1]<UL><LI> startup_stm32h747xx_cm4.o(RESET)
</UL>
<P><STRONG><a name="[85]"></a>ADC3_IRQHandler</STRONG> (Thumb, 0 bytes, Stack size 0 bytes, startup_stm32h747xx_cm4.o(.text))
<BR><BR>[Calls]<UL><LI><a href="#[85]">&gt;&gt;</a>&nbsp;&nbsp;&nbsp;ADC3_IRQHandler
</UL>
<BR>[Called By]<UL><LI><a href="#[85]">&gt;&gt;</a>&nbsp;&nbsp;&nbsp;ADC3_IRQHandler
</UL>
<BR>[Address Reference Count : 1]<UL><LI> startup_stm32h747xx_cm4.o(RESET)
</UL>
<P><STRONG><a name="[1c]"></a>ADC_IRQHandler</STRONG> (Thumb, 0 bytes, Stack size 0 bytes, startup_stm32h747xx_cm4.o(.text))
<BR>[Address Reference Count : 1]<UL><LI> startup_stm32h747xx_cm4.o(RESET)
</UL>
<P><STRONG><a name="[87]"></a>BDMA_Channel0_IRQHandler</STRONG> (Thumb, 0 bytes, Stack size 0 bytes, startup_stm32h747xx_cm4.o(.text))
<BR>[Address Reference Count : 1]<UL><LI> startup_stm32h747xx_cm4.o(RESET)
</UL>
<P><STRONG><a name="[88]"></a>BDMA_Channel1_IRQHandler</STRONG> (Thumb, 0 bytes, Stack size 0 bytes, startup_stm32h747xx_cm4.o(.text))
<BR>[Address Reference Count : 1]<UL><LI> startup_stm32h747xx_cm4.o(RESET)
</UL>
<P><STRONG><a name="[89]"></a>BDMA_Channel2_IRQHandler</STRONG> (Thumb, 0 bytes, Stack size 0 bytes, startup_stm32h747xx_cm4.o(.text))
<BR>[Address Reference Count : 1]<UL><LI> startup_stm32h747xx_cm4.o(RESET)
</UL>
<P><STRONG><a name="[8a]"></a>BDMA_Channel3_IRQHandler</STRONG> (Thumb, 0 bytes, Stack size 0 bytes, startup_stm32h747xx_cm4.o(.text))
<BR>[Address Reference Count : 1]<UL><LI> startup_stm32h747xx_cm4.o(RESET)
</UL>
<P><STRONG><a name="[8b]"></a>BDMA_Channel4_IRQHandler</STRONG> (Thumb, 0 bytes, Stack size 0 bytes, startup_stm32h747xx_cm4.o(.text))
<BR>[Address Reference Count : 1]<UL><LI> startup_stm32h747xx_cm4.o(RESET)
</UL>
<P><STRONG><a name="[8c]"></a>BDMA_Channel5_IRQHandler</STRONG> (Thumb, 0 bytes, Stack size 0 bytes, startup_stm32h747xx_cm4.o(.text))
<BR>[Address Reference Count : 1]<UL><LI> startup_stm32h747xx_cm4.o(RESET)
</UL>
<P><STRONG><a name="[8d]"></a>BDMA_Channel6_IRQHandler</STRONG> (Thumb, 0 bytes, Stack size 0 bytes, startup_stm32h747xx_cm4.o(.text))
<BR>[Address Reference Count : 1]<UL><LI> startup_stm32h747xx_cm4.o(RESET)
</UL>
<P><STRONG><a name="[8e]"></a>BDMA_Channel7_IRQHandler</STRONG> (Thumb, 0 bytes, Stack size 0 bytes, startup_stm32h747xx_cm4.o(.text))
<BR>[Address Reference Count : 1]<UL><LI> startup_stm32h747xx_cm4.o(RESET)
</UL>
<P><STRONG><a name="[64]"></a>CEC_IRQHandler</STRONG> (Thumb, 0 bytes, Stack size 0 bytes, startup_stm32h747xx_cm4.o(.text))
<BR>[Address Reference Count : 1]<UL><LI> startup_stm32h747xx_cm4.o(RESET)
</UL>
<P><STRONG><a name="[4a]"></a>CM4_SEV_IRQHandler</STRONG> (Thumb, 0 bytes, Stack size 0 bytes, startup_stm32h747xx_cm4.o(.text))
<BR>[Address Reference Count : 1]<UL><LI> startup_stm32h747xx_cm4.o(RESET)
</UL>
<P><STRONG><a name="[49]"></a>CM7_SEV_IRQHandler</STRONG> (Thumb, 0 bytes, Stack size 0 bytes, startup_stm32h747xx_cm4.o(.text))
<BR>[Address Reference Count : 1]<UL><LI> startup_stm32h747xx_cm4.o(RESET)
</UL>
<P><STRONG><a name="[8f]"></a>COMP1_IRQHandler</STRONG> (Thumb, 0 bytes, Stack size 0 bytes, startup_stm32h747xx_cm4.o(.text))
<BR>[Address Reference Count : 1]<UL><LI> startup_stm32h747xx_cm4.o(RESET)
</UL>
<P><STRONG><a name="[96]"></a>CRS_IRQHandler</STRONG> (Thumb, 0 bytes, Stack size 0 bytes, startup_stm32h747xx_cm4.o(.text))
<BR>[Address Reference Count : 1]<UL><LI> startup_stm32h747xx_cm4.o(RESET)
</UL>
<P><STRONG><a name="[55]"></a>DCMI_IRQHandler</STRONG> (Thumb, 0 bytes, Stack size 0 bytes, startup_stm32h747xx_cm4.o(.text))
<BR>[Address Reference Count : 1]<UL><LI> startup_stm32h747xx_cm4.o(RESET)
</UL>
<P><STRONG><a name="[74]"></a>DFSDM1_FLT0_IRQHandler</STRONG> (Thumb, 0 bytes, Stack size 0 bytes, startup_stm32h747xx_cm4.o(.text))
<BR>[Address Reference Count : 1]<UL><LI> startup_stm32h747xx_cm4.o(RESET)
</UL>
<P><STRONG><a name="[75]"></a>DFSDM1_FLT1_IRQHandler</STRONG> (Thumb, 0 bytes, Stack size 0 bytes, startup_stm32h747xx_cm4.o(.text))
<BR>[Address Reference Count : 1]<UL><LI> startup_stm32h747xx_cm4.o(RESET)
</UL>
<P><STRONG><a name="[76]"></a>DFSDM1_FLT2_IRQHandler</STRONG> (Thumb, 0 bytes, Stack size 0 bytes, startup_stm32h747xx_cm4.o(.text))
<BR>[Address Reference Count : 1]<UL><LI> startup_stm32h747xx_cm4.o(RESET)
</UL>
<P><STRONG><a name="[77]"></a>DFSDM1_FLT3_IRQHandler</STRONG> (Thumb, 0 bytes, Stack size 0 bytes, startup_stm32h747xx_cm4.o(.text))
<BR>[Address Reference Count : 1]<UL><LI> startup_stm32h747xx_cm4.o(RESET)
</UL>
<P><STRONG><a name="[15]"></a>DMA1_Stream0_IRQHandler</STRONG> (Thumb, 0 bytes, Stack size 0 bytes, startup_stm32h747xx_cm4.o(.text))
<BR>[Address Reference Count : 1]<UL><LI> startup_stm32h747xx_cm4.o(RESET)
</UL>
<P><STRONG><a name="[16]"></a>DMA1_Stream1_IRQHandler</STRONG> (Thumb, 0 bytes, Stack size 0 bytes, startup_stm32h747xx_cm4.o(.text))
<BR>[Address Reference Count : 1]<UL><LI> startup_stm32h747xx_cm4.o(RESET)
</UL>
<P><STRONG><a name="[17]"></a>DMA1_Stream2_IRQHandler</STRONG> (Thumb, 0 bytes, Stack size 0 bytes, startup_stm32h747xx_cm4.o(.text))
<BR>[Address Reference Count : 1]<UL><LI> startup_stm32h747xx_cm4.o(RESET)
</UL>
<P><STRONG><a name="[18]"></a>DMA1_Stream3_IRQHandler</STRONG> (Thumb, 0 bytes, Stack size 0 bytes, startup_stm32h747xx_cm4.o(.text))
<BR>[Address Reference Count : 1]<UL><LI> startup_stm32h747xx_cm4.o(RESET)
</UL>
<P><STRONG><a name="[19]"></a>DMA1_Stream4_IRQHandler</STRONG> (Thumb, 0 bytes, Stack size 0 bytes, startup_stm32h747xx_cm4.o(.text))
<BR>[Address Reference Count : 1]<UL><LI> startup_stm32h747xx_cm4.o(RESET)
</UL>
<P><STRONG><a name="[1a]"></a>DMA1_Stream5_IRQHandler</STRONG> (Thumb, 0 bytes, Stack size 0 bytes, startup_stm32h747xx_cm4.o(.text))
<BR>[Address Reference Count : 1]<UL><LI> startup_stm32h747xx_cm4.o(RESET)
</UL>
<P><STRONG><a name="[1b]"></a>DMA1_Stream6_IRQHandler</STRONG> (Thumb, 0 bytes, Stack size 0 bytes, startup_stm32h747xx_cm4.o(.text))
<BR>[Address Reference Count : 1]<UL><LI> startup_stm32h747xx_cm4.o(RESET)
</UL>
<P><STRONG><a name="[38]"></a>DMA1_Stream7_IRQHandler</STRONG> (Thumb, 0 bytes, Stack size 0 bytes, startup_stm32h747xx_cm4.o(.text))
<BR>[Address Reference Count : 1]<UL><LI> startup_stm32h747xx_cm4.o(RESET)
</UL>
<P><STRONG><a name="[60]"></a>DMA2D_IRQHandler</STRONG> (Thumb, 0 bytes, Stack size 0 bytes, startup_stm32h747xx_cm4.o(.text))
<BR>[Address Reference Count : 1]<UL><LI> startup_stm32h747xx_cm4.o(RESET)
</UL>
<P><STRONG><a name="[41]"></a>DMA2_Stream0_IRQHandler</STRONG> (Thumb, 0 bytes, Stack size 0 bytes, startup_stm32h747xx_cm4.o(.text))
<BR>[Address Reference Count : 1]<UL><LI> startup_stm32h747xx_cm4.o(RESET)
</UL>
<P><STRONG><a name="[42]"></a>DMA2_Stream1_IRQHandler</STRONG> (Thumb, 0 bytes, Stack size 0 bytes, startup_stm32h747xx_cm4.o(.text))
<BR>[Address Reference Count : 1]<UL><LI> startup_stm32h747xx_cm4.o(RESET)
</UL>
<P><STRONG><a name="[43]"></a>DMA2_Stream2_IRQHandler</STRONG> (Thumb, 0 bytes, Stack size 0 bytes, startup_stm32h747xx_cm4.o(.text))
<BR>[Address Reference Count : 1]<UL><LI> startup_stm32h747xx_cm4.o(RESET)
</UL>
<P><STRONG><a name="[44]"></a>DMA2_Stream3_IRQHandler</STRONG> (Thumb, 0 bytes, Stack size 0 bytes, startup_stm32h747xx_cm4.o(.text))
<BR>[Address Reference Count : 1]<UL><LI> startup_stm32h747xx_cm4.o(RESET)
</UL>
<P><STRONG><a name="[45]"></a>DMA2_Stream4_IRQHandler</STRONG> (Thumb, 0 bytes, Stack size 0 bytes, startup_stm32h747xx_cm4.o(.text))
<BR>[Address Reference Count : 1]<UL><LI> startup_stm32h747xx_cm4.o(RESET)
</UL>
<P><STRONG><a name="[4b]"></a>DMA2_Stream5_IRQHandler</STRONG> (Thumb, 0 bytes, Stack size 0 bytes, startup_stm32h747xx_cm4.o(.text))
<BR>[Address Reference Count : 1]<UL><LI> startup_stm32h747xx_cm4.o(RESET)
</UL>
<P><STRONG><a name="[4c]"></a>DMA2_Stream6_IRQHandler</STRONG> (Thumb, 0 bytes, Stack size 0 bytes, startup_stm32h747xx_cm4.o(.text))
<BR>[Address Reference Count : 1]<UL><LI> startup_stm32h747xx_cm4.o(RESET)
</UL>
<P><STRONG><a name="[4d]"></a>DMA2_Stream7_IRQHandler</STRONG> (Thumb, 0 bytes, Stack size 0 bytes, startup_stm32h747xx_cm4.o(.text))
<BR>[Address Reference Count : 1]<UL><LI> startup_stm32h747xx_cm4.o(RESET)
</UL>
<P><STRONG><a name="[6c]"></a>DMAMUX1_OVR_IRQHandler</STRONG> (Thumb, 0 bytes, Stack size 0 bytes, startup_stm32h747xx_cm4.o(.text))
<BR>[Address Reference Count : 1]<UL><LI> startup_stm32h747xx_cm4.o(RESET)
</UL>
<P><STRONG><a name="[86]"></a>DMAMUX2_OVR_IRQHandler</STRONG> (Thumb, 0 bytes, Stack size 0 bytes, startup_stm32h747xx_cm4.o(.text))
<BR>[Address Reference Count : 1]<UL><LI> startup_stm32h747xx_cm4.o(RESET)
</UL>
<P><STRONG><a name="[81]"></a>DSI_IRQHandler</STRONG> (Thumb, 0 bytes, Stack size 0 bytes, startup_stm32h747xx_cm4.o(.text))
<BR>[Address Reference Count : 1]<UL><LI> startup_stm32h747xx_cm4.o(RESET)
</UL>
<P><STRONG><a name="[97]"></a>ECC_IRQHandler</STRONG> (Thumb, 0 bytes, Stack size 0 bytes, startup_stm32h747xx_cm4.o(.text))
<BR>[Address Reference Count : 1]<UL><LI> startup_stm32h747xx_cm4.o(RESET)
</UL>
<P><STRONG><a name="[46]"></a>ETH_IRQHandler</STRONG> (Thumb, 0 bytes, Stack size 0 bytes, startup_stm32h747xx_cm4.o(.text))
<BR>[Address Reference Count : 1]<UL><LI> startup_stm32h747xx_cm4.o(RESET)
</UL>
<P><STRONG><a name="[47]"></a>ETH_WKUP_IRQHandler</STRONG> (Thumb, 0 bytes, Stack size 0 bytes, startup_stm32h747xx_cm4.o(.text))
<BR>[Address Reference Count : 1]<UL><LI> startup_stm32h747xx_cm4.o(RESET)
</UL>
<P><STRONG><a name="[10]"></a>EXTI0_IRQHandler</STRONG> (Thumb, 0 bytes, Stack size 0 bytes, startup_stm32h747xx_cm4.o(.text))
<BR>[Address Reference Count : 1]<UL><LI> startup_stm32h747xx_cm4.o(RESET)
</UL>
<P><STRONG><a name="[32]"></a>EXTI15_10_IRQHandler</STRONG> (Thumb, 0 bytes, Stack size 0 bytes, startup_stm32h747xx_cm4.o(.text))
<BR>[Address Reference Count : 1]<UL><LI> startup_stm32h747xx_cm4.o(RESET)
</UL>
<P><STRONG><a name="[11]"></a>EXTI1_IRQHandler</STRONG> (Thumb, 0 bytes, Stack size 0 bytes, startup_stm32h747xx_cm4.o(.text))
<BR>[Address Reference Count : 1]<UL><LI> startup_stm32h747xx_cm4.o(RESET)
</UL>
<P><STRONG><a name="[12]"></a>EXTI2_IRQHandler</STRONG> (Thumb, 0 bytes, Stack size 0 bytes, startup_stm32h747xx_cm4.o(.text))
<BR>[Address Reference Count : 1]<UL><LI> startup_stm32h747xx_cm4.o(RESET)
</UL>
<P><STRONG><a name="[13]"></a>EXTI3_IRQHandler</STRONG> (Thumb, 0 bytes, Stack size 0 bytes, startup_stm32h747xx_cm4.o(.text))
<BR>[Address Reference Count : 1]<UL><LI> startup_stm32h747xx_cm4.o(RESET)
</UL>
<P><STRONG><a name="[14]"></a>EXTI4_IRQHandler</STRONG> (Thumb, 0 bytes, Stack size 0 bytes, startup_stm32h747xx_cm4.o(.text))
<BR>[Address Reference Count : 1]<UL><LI> startup_stm32h747xx_cm4.o(RESET)
</UL>
<P><STRONG><a name="[21]"></a>EXTI9_5_IRQHandler</STRONG> (Thumb, 0 bytes, Stack size 0 bytes, startup_stm32h747xx_cm4.o(.text))
<BR>[Address Reference Count : 1]<UL><LI> startup_stm32h747xx_cm4.o(RESET)
</UL>
<P><STRONG><a name="[1d]"></a>FDCAN1_IT0_IRQHandler</STRONG> (Thumb, 0 bytes, Stack size 0 bytes, startup_stm32h747xx_cm4.o(.text))
<BR>[Address Reference Count : 1]<UL><LI> startup_stm32h747xx_cm4.o(RESET)
</UL>
<P><STRONG><a name="[1f]"></a>FDCAN1_IT1_IRQHandler</STRONG> (Thumb, 0 bytes, Stack size 0 bytes, startup_stm32h747xx_cm4.o(.text))
<BR>[Address Reference Count : 1]<UL><LI> startup_stm32h747xx_cm4.o(RESET)
</UL>
<P><STRONG><a name="[1e]"></a>FDCAN2_IT0_IRQHandler</STRONG> (Thumb, 0 bytes, Stack size 0 bytes, startup_stm32h747xx_cm4.o(.text))
<BR>[Address Reference Count : 1]<UL><LI> startup_stm32h747xx_cm4.o(RESET)
</UL>
<P><STRONG><a name="[20]"></a>FDCAN2_IT1_IRQHandler</STRONG> (Thumb, 0 bytes, Stack size 0 bytes, startup_stm32h747xx_cm4.o(.text))
<BR>[Address Reference Count : 1]<UL><LI> startup_stm32h747xx_cm4.o(RESET)
</UL>
<P><STRONG><a name="[48]"></a>FDCAN_CAL_IRQHandler</STRONG> (Thumb, 0 bytes, Stack size 0 bytes, startup_stm32h747xx_cm4.o(.text))
<BR>[Address Reference Count : 1]<UL><LI> startup_stm32h747xx_cm4.o(RESET)
</UL>
<P><STRONG><a name="[e]"></a>FLASH_IRQHandler</STRONG> (Thumb, 0 bytes, Stack size 0 bytes, startup_stm32h747xx_cm4.o(.text))
<BR>[Address Reference Count : 1]<UL><LI> startup_stm32h747xx_cm4.o(RESET)
</UL>
<P><STRONG><a name="[39]"></a>FMC_IRQHandler</STRONG> (Thumb, 0 bytes, Stack size 0 bytes, startup_stm32h747xx_cm4.o(.text))
<BR>[Address Reference Count : 1]<UL><LI> startup_stm32h747xx_cm4.o(RESET)
</UL>
<P><STRONG><a name="[57]"></a>FPU_IRQHandler</STRONG> (Thumb, 0 bytes, Stack size 0 bytes, startup_stm32h747xx_cm4.o(.text))
<BR>[Address Reference Count : 1]<UL><LI> startup_stm32h747xx_cm4.o(RESET)
</UL>
<P><STRONG><a name="[99]"></a>HOLD_CORE_IRQHandler</STRONG> (Thumb, 0 bytes, Stack size 0 bytes, startup_stm32h747xx_cm4.o(.text))
<BR>[Address Reference Count : 1]<UL><LI> startup_stm32h747xx_cm4.o(RESET)
</UL>
<P><STRONG><a name="[73]"></a>HRTIM1_FLT_IRQHandler</STRONG> (Thumb, 0 bytes, Stack size 0 bytes, startup_stm32h747xx_cm4.o(.text))
<BR>[Address Reference Count : 1]<UL><LI> startup_stm32h747xx_cm4.o(RESET)
</UL>
<P><STRONG><a name="[6d]"></a>HRTIM1_Master_IRQHandler</STRONG> (Thumb, 0 bytes, Stack size 0 bytes, startup_stm32h747xx_cm4.o(.text))
<BR>[Address Reference Count : 1]<UL><LI> startup_stm32h747xx_cm4.o(RESET)
</UL>
<P><STRONG><a name="[6e]"></a>HRTIM1_TIMA_IRQHandler</STRONG> (Thumb, 0 bytes, Stack size 0 bytes, startup_stm32h747xx_cm4.o(.text))
<BR>[Address Reference Count : 1]<UL><LI> startup_stm32h747xx_cm4.o(RESET)
</UL>
<P><STRONG><a name="[6f]"></a>HRTIM1_TIMB_IRQHandler</STRONG> (Thumb, 0 bytes, Stack size 0 bytes, startup_stm32h747xx_cm4.o(.text))
<BR>[Address Reference Count : 1]<UL><LI> startup_stm32h747xx_cm4.o(RESET)
</UL>
<P><STRONG><a name="[70]"></a>HRTIM1_TIMC_IRQHandler</STRONG> (Thumb, 0 bytes, Stack size 0 bytes, startup_stm32h747xx_cm4.o(.text))
<BR>[Address Reference Count : 1]<UL><LI> startup_stm32h747xx_cm4.o(RESET)
</UL>
<P><STRONG><a name="[71]"></a>HRTIM1_TIMD_IRQHandler</STRONG> (Thumb, 0 bytes, Stack size 0 bytes, startup_stm32h747xx_cm4.o(.text))
<BR>[Address Reference Count : 1]<UL><LI> startup_stm32h747xx_cm4.o(RESET)
</UL>
<P><STRONG><a name="[72]"></a>HRTIM1_TIME_IRQHandler</STRONG> (Thumb, 0 bytes, Stack size 0 bytes, startup_stm32h747xx_cm4.o(.text))
<BR>[Address Reference Count : 1]<UL><LI> startup_stm32h747xx_cm4.o(RESET)
</UL>
<P><STRONG><a name="[83]"></a>HSEM1_IRQHandler</STRONG> (Thumb, 0 bytes, Stack size 0 bytes, startup_stm32h747xx_cm4.o(.text))
<BR>[Address Reference Count : 1]<UL><LI> startup_stm32h747xx_cm4.o(RESET)
</UL>
<P><STRONG><a name="[84]"></a>HSEM2_IRQHandler</STRONG> (Thumb, 0 bytes, Stack size 0 bytes, startup_stm32h747xx_cm4.o(.text))
<BR>[Address Reference Count : 1]<UL><LI> startup_stm32h747xx_cm4.o(RESET)
</UL>
<P><STRONG><a name="[2a]"></a>I2C1_ER_IRQHandler</STRONG> (Thumb, 0 bytes, Stack size 0 bytes, startup_stm32h747xx_cm4.o(.text))
<BR>[Address Reference Count : 1]<UL><LI> startup_stm32h747xx_cm4.o(RESET)
</UL>
<P><STRONG><a name="[29]"></a>I2C1_EV_IRQHandler</STRONG> (Thumb, 0 bytes, Stack size 0 bytes, startup_stm32h747xx_cm4.o(.text))
<BR>[Address Reference Count : 1]<UL><LI> startup_stm32h747xx_cm4.o(RESET)
</UL>
<P><STRONG><a name="[2c]"></a>I2C2_ER_IRQHandler</STRONG> (Thumb, 0 bytes, Stack size 0 bytes, startup_stm32h747xx_cm4.o(.text))
<BR>[Address Reference Count : 1]<UL><LI> startup_stm32h747xx_cm4.o(RESET)
</UL>
<P><STRONG><a name="[2b]"></a>I2C2_EV_IRQHandler</STRONG> (Thumb, 0 bytes, Stack size 0 bytes, startup_stm32h747xx_cm4.o(.text))
<BR>[Address Reference Count : 1]<UL><LI> startup_stm32h747xx_cm4.o(RESET)
</UL>
<P><STRONG><a name="[50]"></a>I2C3_ER_IRQHandler</STRONG> (Thumb, 0 bytes, Stack size 0 bytes, startup_stm32h747xx_cm4.o(.text))
<BR>[Address Reference Count : 1]<UL><LI> startup_stm32h747xx_cm4.o(RESET)
</UL>
<P><STRONG><a name="[4f]"></a>I2C3_EV_IRQHandler</STRONG> (Thumb, 0 bytes, Stack size 0 bytes, startup_stm32h747xx_cm4.o(.text))
<BR>[Address Reference Count : 1]<UL><LI> startup_stm32h747xx_cm4.o(RESET)
</UL>
<P><STRONG><a name="[66]"></a>I2C4_ER_IRQHandler</STRONG> (Thumb, 0 bytes, Stack size 0 bytes, startup_stm32h747xx_cm4.o(.text))
<BR>[Address Reference Count : 1]<UL><LI> startup_stm32h747xx_cm4.o(RESET)
</UL>
<P><STRONG><a name="[65]"></a>I2C4_EV_IRQHandler</STRONG> (Thumb, 0 bytes, Stack size 0 bytes, startup_stm32h747xx_cm4.o(.text))
<BR>[Address Reference Count : 1]<UL><LI> startup_stm32h747xx_cm4.o(RESET)
</UL>
<P><STRONG><a name="[7f]"></a>JPEG_IRQHandler</STRONG> (Thumb, 0 bytes, Stack size 0 bytes, startup_stm32h747xx_cm4.o(.text))
<BR>[Address Reference Count : 1]<UL><LI> startup_stm32h747xx_cm4.o(RESET)
</UL>
<P><STRONG><a name="[63]"></a>LPTIM1_IRQHandler</STRONG> (Thumb, 0 bytes, Stack size 0 bytes, startup_stm32h747xx_cm4.o(.text))
<BR>[Address Reference Count : 1]<UL><LI> startup_stm32h747xx_cm4.o(RESET)
</UL>
<P><STRONG><a name="[90]"></a>LPTIM2_IRQHandler</STRONG> (Thumb, 0 bytes, Stack size 0 bytes, startup_stm32h747xx_cm4.o(.text))
<BR>[Address Reference Count : 1]<UL><LI> startup_stm32h747xx_cm4.o(RESET)
</UL>
<P><STRONG><a name="[91]"></a>LPTIM3_IRQHandler</STRONG> (Thumb, 0 bytes, Stack size 0 bytes, startup_stm32h747xx_cm4.o(.text))
<BR>[Address Reference Count : 1]<UL><LI> startup_stm32h747xx_cm4.o(RESET)
</UL>
<P><STRONG><a name="[92]"></a>LPTIM4_IRQHandler</STRONG> (Thumb, 0 bytes, Stack size 0 bytes, startup_stm32h747xx_cm4.o(.text))
<BR>[Address Reference Count : 1]<UL><LI> startup_stm32h747xx_cm4.o(RESET)
</UL>
<P><STRONG><a name="[93]"></a>LPTIM5_IRQHandler</STRONG> (Thumb, 0 bytes, Stack size 0 bytes, startup_stm32h747xx_cm4.o(.text))
<BR>[Address Reference Count : 1]<UL><LI> startup_stm32h747xx_cm4.o(RESET)
</UL>
<P><STRONG><a name="[94]"></a>LPUART1_IRQHandler</STRONG> (Thumb, 0 bytes, Stack size 0 bytes, startup_stm32h747xx_cm4.o(.text))
<BR>[Address Reference Count : 1]<UL><LI> startup_stm32h747xx_cm4.o(RESET)
</UL>
<P><STRONG><a name="[5f]"></a>LTDC_ER_IRQHandler</STRONG> (Thumb, 0 bytes, Stack size 0 bytes, startup_stm32h747xx_cm4.o(.text))
<BR>[Address Reference Count : 1]<UL><LI> startup_stm32h747xx_cm4.o(RESET)
</UL>
<P><STRONG><a name="[5e]"></a>LTDC_IRQHandler</STRONG> (Thumb, 0 bytes, Stack size 0 bytes, startup_stm32h747xx_cm4.o(.text))
<BR>[Address Reference Count : 1]<UL><LI> startup_stm32h747xx_cm4.o(RESET)
</UL>
<P><STRONG><a name="[7e]"></a>MDIOS_IRQHandler</STRONG> (Thumb, 0 bytes, Stack size 0 bytes, startup_stm32h747xx_cm4.o(.text))
<BR>[Address Reference Count : 1]<UL><LI> startup_stm32h747xx_cm4.o(RESET)
</UL>
<P><STRONG><a name="[7d]"></a>MDIOS_WKUP_IRQHandler</STRONG> (Thumb, 0 bytes, Stack size 0 bytes, startup_stm32h747xx_cm4.o(.text))
<BR>[Address Reference Count : 1]<UL><LI> startup_stm32h747xx_cm4.o(RESET)
</UL>
<P><STRONG><a name="[80]"></a>MDMA_IRQHandler</STRONG> (Thumb, 0 bytes, Stack size 0 bytes, startup_stm32h747xx_cm4.o(.text))
<BR>[Address Reference Count : 1]<UL><LI> startup_stm32h747xx_cm4.o(RESET)
</UL>
<P><STRONG><a name="[69]"></a>OTG_FS_EP1_IN_IRQHandler</STRONG> (Thumb, 0 bytes, Stack size 0 bytes, startup_stm32h747xx_cm4.o(.text))
<BR>[Address Reference Count : 1]<UL><LI> startup_stm32h747xx_cm4.o(RESET)
</UL>
<P><STRONG><a name="[68]"></a>OTG_FS_EP1_OUT_IRQHandler</STRONG> (Thumb, 0 bytes, Stack size 0 bytes, startup_stm32h747xx_cm4.o(.text))
<BR>[Address Reference Count : 1]<UL><LI> startup_stm32h747xx_cm4.o(RESET)
</UL>
<P><STRONG><a name="[6b]"></a>OTG_FS_IRQHandler</STRONG> (Thumb, 0 bytes, Stack size 0 bytes, startup_stm32h747xx_cm4.o(.text))
<BR>[Address Reference Count : 1]<UL><LI> startup_stm32h747xx_cm4.o(RESET)
</UL>
<P><STRONG><a name="[6a]"></a>OTG_FS_WKUP_IRQHandler</STRONG> (Thumb, 0 bytes, Stack size 0 bytes, startup_stm32h747xx_cm4.o(.text))
<BR>[Address Reference Count : 1]<UL><LI> startup_stm32h747xx_cm4.o(RESET)
</UL>
<P><STRONG><a name="[52]"></a>OTG_HS_EP1_IN_IRQHandler</STRONG> (Thumb, 0 bytes, Stack size 0 bytes, startup_stm32h747xx_cm4.o(.text))
<BR>[Address Reference Count : 1]<UL><LI> startup_stm32h747xx_cm4.o(RESET)
</UL>
<P><STRONG><a name="[51]"></a>OTG_HS_EP1_OUT_IRQHandler</STRONG> (Thumb, 0 bytes, Stack size 0 bytes, startup_stm32h747xx_cm4.o(.text))
<BR>[Address Reference Count : 1]<UL><LI> startup_stm32h747xx_cm4.o(RESET)
</UL>
<P><STRONG><a name="[54]"></a>OTG_HS_IRQHandler</STRONG> (Thumb, 0 bytes, Stack size 0 bytes, startup_stm32h747xx_cm4.o(.text))
<BR>[Address Reference Count : 1]<UL><LI> startup_stm32h747xx_cm4.o(RESET)
</UL>
<P><STRONG><a name="[53]"></a>OTG_HS_WKUP_IRQHandler</STRONG> (Thumb, 0 bytes, Stack size 0 bytes, startup_stm32h747xx_cm4.o(.text))
<BR>[Address Reference Count : 1]<UL><LI> startup_stm32h747xx_cm4.o(RESET)
</UL>
<P><STRONG><a name="[b]"></a>PVD_AVD_IRQHandler</STRONG> (Thumb, 0 bytes, Stack size 0 bytes, startup_stm32h747xx_cm4.o(.text))
<BR>[Address Reference Count : 1]<UL><LI> startup_stm32h747xx_cm4.o(RESET)
</UL>
<P><STRONG><a name="[62]"></a>QUADSPI_IRQHandler</STRONG> (Thumb, 0 bytes, Stack size 0 bytes, startup_stm32h747xx_cm4.o(.text))
<BR>[Address Reference Count : 1]<UL><LI> startup_stm32h747xx_cm4.o(RESET)
</UL>
<P><STRONG><a name="[f]"></a>RCC_IRQHandler</STRONG> (Thumb, 0 bytes, Stack size 0 bytes, startup_stm32h747xx_cm4.o(.text))
<BR>[Address Reference Count : 1]<UL><LI> startup_stm32h747xx_cm4.o(RESET)
</UL>
<P><STRONG><a name="[56]"></a>RNG_IRQHandler</STRONG> (Thumb, 0 bytes, Stack size 0 bytes, startup_stm32h747xx_cm4.o(.text))
<BR>[Address Reference Count : 1]<UL><LI> startup_stm32h747xx_cm4.o(RESET)
</UL>
<P><STRONG><a name="[33]"></a>RTC_Alarm_IRQHandler</STRONG> (Thumb, 0 bytes, Stack size 0 bytes, startup_stm32h747xx_cm4.o(.text))
<BR>[Address Reference Count : 1]<UL><LI> startup_stm32h747xx_cm4.o(RESET)
</UL>
<P><STRONG><a name="[d]"></a>RTC_WKUP_IRQHandler</STRONG> (Thumb, 0 bytes, Stack size 0 bytes, startup_stm32h747xx_cm4.o(.text))
<BR>[Address Reference Count : 1]<UL><LI> startup_stm32h747xx_cm4.o(RESET)
</UL>
<P><STRONG><a name="[5d]"></a>SAI1_IRQHandler</STRONG> (Thumb, 0 bytes, Stack size 0 bytes, startup_stm32h747xx_cm4.o(.text))
<BR>[Address Reference Count : 1]<UL><LI> startup_stm32h747xx_cm4.o(RESET)
</UL>
<P><STRONG><a name="[61]"></a>SAI2_IRQHandler</STRONG> (Thumb, 0 bytes, Stack size 0 bytes, startup_stm32h747xx_cm4.o(.text))
<BR>[Address Reference Count : 1]<UL><LI> startup_stm32h747xx_cm4.o(RESET)
</UL>
<P><STRONG><a name="[78]"></a>SAI3_IRQHandler</STRONG> (Thumb, 0 bytes, Stack size 0 bytes, startup_stm32h747xx_cm4.o(.text))
<BR>[Address Reference Count : 1]<UL><LI> startup_stm32h747xx_cm4.o(RESET)
</UL>
<P><STRONG><a name="[98]"></a>SAI4_IRQHandler</STRONG> (Thumb, 0 bytes, Stack size 0 bytes, startup_stm32h747xx_cm4.o(.text))
<BR>[Address Reference Count : 1]<UL><LI> startup_stm32h747xx_cm4.o(RESET)
</UL>
<P><STRONG><a name="[3a]"></a>SDMMC1_IRQHandler</STRONG> (Thumb, 0 bytes, Stack size 0 bytes, startup_stm32h747xx_cm4.o(.text))
<BR>[Address Reference Count : 1]<UL><LI> startup_stm32h747xx_cm4.o(RESET)
</UL>
<P><STRONG><a name="[82]"></a>SDMMC2_IRQHandler</STRONG> (Thumb, 0 bytes, Stack size 0 bytes, startup_stm32h747xx_cm4.o(.text))
<BR>[Address Reference Count : 1]<UL><LI> startup_stm32h747xx_cm4.o(RESET)
</UL>
<P><STRONG><a name="[67]"></a>SPDIF_RX_IRQHandler</STRONG> (Thumb, 0 bytes, Stack size 0 bytes, startup_stm32h747xx_cm4.o(.text))
<BR>[Address Reference Count : 1]<UL><LI> startup_stm32h747xx_cm4.o(RESET)
</UL>
<P><STRONG><a name="[2d]"></a>SPI1_IRQHandler</STRONG> (Thumb, 0 bytes, Stack size 0 bytes, startup_stm32h747xx_cm4.o(.text))
<BR>[Address Reference Count : 1]<UL><LI> startup_stm32h747xx_cm4.o(RESET)
</UL>
<P><STRONG><a name="[2e]"></a>SPI2_IRQHandler</STRONG> (Thumb, 0 bytes, Stack size 0 bytes, startup_stm32h747xx_cm4.o(.text))
<BR>[Address Reference Count : 1]<UL><LI> startup_stm32h747xx_cm4.o(RESET)
</UL>
<P><STRONG><a name="[3c]"></a>SPI3_IRQHandler</STRONG> (Thumb, 0 bytes, Stack size 0 bytes, startup_stm32h747xx_cm4.o(.text))
<BR>[Address Reference Count : 1]<UL><LI> startup_stm32h747xx_cm4.o(RESET)
</UL>
<P><STRONG><a name="[5a]"></a>SPI4_IRQHandler</STRONG> (Thumb, 0 bytes, Stack size 0 bytes, startup_stm32h747xx_cm4.o(.text))
<BR>[Address Reference Count : 1]<UL><LI> startup_stm32h747xx_cm4.o(RESET)
</UL>
<P><STRONG><a name="[5b]"></a>SPI5_IRQHandler</STRONG> (Thumb, 0 bytes, Stack size 0 bytes, startup_stm32h747xx_cm4.o(.text))
<BR>[Address Reference Count : 1]<UL><LI> startup_stm32h747xx_cm4.o(RESET)
</UL>
<P><STRONG><a name="[5c]"></a>SPI6_IRQHandler</STRONG> (Thumb, 0 bytes, Stack size 0 bytes, startup_stm32h747xx_cm4.o(.text))
<BR>[Address Reference Count : 1]<UL><LI> startup_stm32h747xx_cm4.o(RESET)
</UL>
<P><STRONG><a name="[79]"></a>SWPMI1_IRQHandler</STRONG> (Thumb, 0 bytes, Stack size 0 bytes, startup_stm32h747xx_cm4.o(.text))
<BR>[Address Reference Count : 1]<UL><LI> startup_stm32h747xx_cm4.o(RESET)
</UL>
<P><STRONG><a name="[c]"></a>TAMP_STAMP_IRQHandler</STRONG> (Thumb, 0 bytes, Stack size 0 bytes, startup_stm32h747xx_cm4.o(.text))
<BR>[Address Reference Count : 1]<UL><LI> startup_stm32h747xx_cm4.o(RESET)
</UL>
<P><STRONG><a name="[7a]"></a>TIM15_IRQHandler</STRONG> (Thumb, 0 bytes, Stack size 0 bytes, startup_stm32h747xx_cm4.o(.text))
<BR>[Address Reference Count : 1]<UL><LI> startup_stm32h747xx_cm4.o(RESET)
</UL>
<P><STRONG><a name="[7b]"></a>TIM16_IRQHandler</STRONG> (Thumb, 0 bytes, Stack size 0 bytes, startup_stm32h747xx_cm4.o(.text))
<BR>[Address Reference Count : 1]<UL><LI> startup_stm32h747xx_cm4.o(RESET)
</UL>
<P><STRONG><a name="[7c]"></a>TIM17_IRQHandler</STRONG> (Thumb, 0 bytes, Stack size 0 bytes, startup_stm32h747xx_cm4.o(.text))
<BR>[Address Reference Count : 1]<UL><LI> startup_stm32h747xx_cm4.o(RESET)
</UL>
<P><STRONG><a name="[22]"></a>TIM1_BRK_IRQHandler</STRONG> (Thumb, 0 bytes, Stack size 0 bytes, startup_stm32h747xx_cm4.o(.text))
<BR>[Address Reference Count : 1]<UL><LI> startup_stm32h747xx_cm4.o(RESET)
</UL>
<P><STRONG><a name="[25]"></a>TIM1_CC_IRQHandler</STRONG> (Thumb, 0 bytes, Stack size 0 bytes, startup_stm32h747xx_cm4.o(.text))
<BR>[Address Reference Count : 1]<UL><LI> startup_stm32h747xx_cm4.o(RESET)
</UL>
<P><STRONG><a name="[24]"></a>TIM1_TRG_COM_IRQHandler</STRONG> (Thumb, 0 bytes, Stack size 0 bytes, startup_stm32h747xx_cm4.o(.text))
<BR>[Address Reference Count : 1]<UL><LI> startup_stm32h747xx_cm4.o(RESET)
</UL>
<P><STRONG><a name="[23]"></a>TIM1_UP_IRQHandler</STRONG> (Thumb, 0 bytes, Stack size 0 bytes, startup_stm32h747xx_cm4.o(.text))
<BR>[Address Reference Count : 1]<UL><LI> startup_stm32h747xx_cm4.o(RESET)
</UL>
<P><STRONG><a name="[26]"></a>TIM2_IRQHandler</STRONG> (Thumb, 0 bytes, Stack size 0 bytes, startup_stm32h747xx_cm4.o(.text))
<BR>[Address Reference Count : 1]<UL><LI> startup_stm32h747xx_cm4.o(RESET)
</UL>
<P><STRONG><a name="[27]"></a>TIM3_IRQHandler</STRONG> (Thumb, 0 bytes, Stack size 0 bytes, startup_stm32h747xx_cm4.o(.text))
<BR>[Address Reference Count : 1]<UL><LI> startup_stm32h747xx_cm4.o(RESET)
</UL>
<P><STRONG><a name="[28]"></a>TIM4_IRQHandler</STRONG> (Thumb, 0 bytes, Stack size 0 bytes, startup_stm32h747xx_cm4.o(.text))
<BR>[Address Reference Count : 1]<UL><LI> startup_stm32h747xx_cm4.o(RESET)
</UL>
<P><STRONG><a name="[3b]"></a>TIM5_IRQHandler</STRONG> (Thumb, 0 bytes, Stack size 0 bytes, startup_stm32h747xx_cm4.o(.text))
<BR>[Address Reference Count : 1]<UL><LI> startup_stm32h747xx_cm4.o(RESET)
</UL>
<P><STRONG><a name="[3f]"></a>TIM6_DAC_IRQHandler</STRONG> (Thumb, 0 bytes, Stack size 0 bytes, startup_stm32h747xx_cm4.o(.text))
<BR>[Address Reference Count : 1]<UL><LI> startup_stm32h747xx_cm4.o(RESET)
</UL>
<P><STRONG><a name="[40]"></a>TIM7_IRQHandler</STRONG> (Thumb, 0 bytes, Stack size 0 bytes, startup_stm32h747xx_cm4.o(.text))
<BR>[Address Reference Count : 1]<UL><LI> startup_stm32h747xx_cm4.o(RESET)
</UL>
<P><STRONG><a name="[34]"></a>TIM8_BRK_TIM12_IRQHandler</STRONG> (Thumb, 0 bytes, Stack size 0 bytes, startup_stm32h747xx_cm4.o(.text))
<BR>[Address Reference Count : 1]<UL><LI> startup_stm32h747xx_cm4.o(RESET)
</UL>
<P><STRONG><a name="[37]"></a>TIM8_CC_IRQHandler</STRONG> (Thumb, 0 bytes, Stack size 0 bytes, startup_stm32h747xx_cm4.o(.text))
<BR>[Address Reference Count : 1]<UL><LI> startup_stm32h747xx_cm4.o(RESET)
</UL>
<P><STRONG><a name="[36]"></a>TIM8_TRG_COM_TIM14_IRQHandler</STRONG> (Thumb, 0 bytes, Stack size 0 bytes, startup_stm32h747xx_cm4.o(.text))
<BR>[Address Reference Count : 1]<UL><LI> startup_stm32h747xx_cm4.o(RESET)
</UL>
<P><STRONG><a name="[35]"></a>TIM8_UP_TIM13_IRQHandler</STRONG> (Thumb, 0 bytes, Stack size 0 bytes, startup_stm32h747xx_cm4.o(.text))
<BR>[Address Reference Count : 1]<UL><LI> startup_stm32h747xx_cm4.o(RESET)
</UL>
<P><STRONG><a name="[3d]"></a>UART4_IRQHandler</STRONG> (Thumb, 0 bytes, Stack size 0 bytes, startup_stm32h747xx_cm4.o(.text))
<BR>[Address Reference Count : 1]<UL><LI> startup_stm32h747xx_cm4.o(RESET)
</UL>
<P><STRONG><a name="[3e]"></a>UART5_IRQHandler</STRONG> (Thumb, 0 bytes, Stack size 0 bytes, startup_stm32h747xx_cm4.o(.text))
<BR>[Address Reference Count : 1]<UL><LI> startup_stm32h747xx_cm4.o(RESET)
</UL>
<P><STRONG><a name="[58]"></a>UART7_IRQHandler</STRONG> (Thumb, 0 bytes, Stack size 0 bytes, startup_stm32h747xx_cm4.o(.text))
<BR>[Address Reference Count : 1]<UL><LI> startup_stm32h747xx_cm4.o(RESET)
</UL>
<P><STRONG><a name="[59]"></a>UART8_IRQHandler</STRONG> (Thumb, 0 bytes, Stack size 0 bytes, startup_stm32h747xx_cm4.o(.text))
<BR>[Address Reference Count : 1]<UL><LI> startup_stm32h747xx_cm4.o(RESET)
</UL>
<P><STRONG><a name="[2f]"></a>USART1_IRQHandler</STRONG> (Thumb, 0 bytes, Stack size 0 bytes, startup_stm32h747xx_cm4.o(.text))
<BR>[Address Reference Count : 1]<UL><LI> startup_stm32h747xx_cm4.o(RESET)
</UL>
<P><STRONG><a name="[30]"></a>USART2_IRQHandler</STRONG> (Thumb, 0 bytes, Stack size 0 bytes, startup_stm32h747xx_cm4.o(.text))
<BR>[Address Reference Count : 1]<UL><LI> startup_stm32h747xx_cm4.o(RESET)
</UL>
<P><STRONG><a name="[31]"></a>USART3_IRQHandler</STRONG> (Thumb, 0 bytes, Stack size 0 bytes, startup_stm32h747xx_cm4.o(.text))
<BR>[Address Reference Count : 1]<UL><LI> startup_stm32h747xx_cm4.o(RESET)
</UL>
<P><STRONG><a name="[4e]"></a>USART6_IRQHandler</STRONG> (Thumb, 0 bytes, Stack size 0 bytes, startup_stm32h747xx_cm4.o(.text))
<BR>[Address Reference Count : 1]<UL><LI> startup_stm32h747xx_cm4.o(RESET)
</UL>
<P><STRONG><a name="[9a]"></a>WAKEUP_PIN_IRQHandler</STRONG> (Thumb, 0 bytes, Stack size 0 bytes, startup_stm32h747xx_cm4.o(.text))
<BR>[Address Reference Count : 1]<UL><LI> startup_stm32h747xx_cm4.o(RESET)
</UL>
<P><STRONG><a name="[a]"></a>WWDG_IRQHandler</STRONG> (Thumb, 0 bytes, Stack size 0 bytes, startup_stm32h747xx_cm4.o(.text))
<BR>[Address Reference Count : 1]<UL><LI> startup_stm32h747xx_cm4.o(RESET)
</UL>
<P><STRONG><a name="[95]"></a>WWDG_RST_IRQHandler</STRONG> (Thumb, 0 bytes, Stack size 0 bytes, startup_stm32h747xx_cm4.o(.text))
<BR>[Address Reference Count : 1]<UL><LI> startup_stm32h747xx_cm4.o(RESET)
</UL>
<P><STRONG><a name="[a1]"></a>__aeabi_memset</STRONG> (Thumb, 14 bytes, Stack size 0 bytes, memseta.o(.text), UNUSED)
<BR><BR>[Called By]<UL><LI><a href="#[a2]">&gt;&gt;</a>&nbsp;&nbsp;&nbsp;_memset$wrapper
<LI><a href="#[a0]">&gt;&gt;</a>&nbsp;&nbsp;&nbsp;__aeabi_memclr
</UL>

<P><STRONG><a name="[be]"></a>__aeabi_memset4</STRONG> (Thumb, 0 bytes, Stack size 0 bytes, memseta.o(.text), UNUSED)

<P><STRONG><a name="[bf]"></a>__aeabi_memset8</STRONG> (Thumb, 0 bytes, Stack size 0 bytes, memseta.o(.text), UNUSED)

<P><STRONG><a name="[a0]"></a>__aeabi_memclr</STRONG> (Thumb, 4 bytes, Stack size 0 bytes, memseta.o(.text), UNUSED)
<BR><BR>[Calls]<UL><LI><a href="#[a1]">&gt;&gt;</a>&nbsp;&nbsp;&nbsp;__aeabi_memset
</UL>

<P><STRONG><a name="[b2]"></a>__aeabi_memclr4</STRONG> (Thumb, 0 bytes, Stack size 0 bytes, memseta.o(.text))
<BR><BR>[Called By]<UL><LI><a href="#[b1]">&gt;&gt;</a>&nbsp;&nbsp;&nbsp;MX_GPIO_Init
</UL>

<P><STRONG><a name="[c0]"></a>__aeabi_memclr8</STRONG> (Thumb, 0 bytes, Stack size 0 bytes, memseta.o(.text), UNUSED)

<P><STRONG><a name="[a2]"></a>_memset$wrapper</STRONG> (Thumb, 18 bytes, Stack size 8 bytes, memseta.o(.text), UNUSED)
<BR><BR>[Calls]<UL><LI><a href="#[a1]">&gt;&gt;</a>&nbsp;&nbsp;&nbsp;__aeabi_memset
</UL>

<P><STRONG><a name="[9f]"></a>__scatterload</STRONG> (Thumb, 28 bytes, Stack size 0 bytes, init.o(.text))
<BR><BR>[Calls]<UL><LI><a href="#[a3]">&gt;&gt;</a>&nbsp;&nbsp;&nbsp;__main_after_scatterload
</UL>
<BR>[Called By]<UL><LI><a href="#[9e]">&gt;&gt;</a>&nbsp;&nbsp;&nbsp;_main_scatterload
</UL>

<P><STRONG><a name="[c1]"></a>__scatterload_rt2</STRONG> (Thumb, 0 bytes, Stack size 0 bytes, init.o(.text), UNUSED)

<P><STRONG><a name="[4]"></a>BusFault_Handler</STRONG> (Thumb, 2 bytes, Stack size 0 bytes, stm32h7xx_it.o(i.BusFault_Handler))
<BR><BR>[Calls]<UL><LI><a href="#[4]">&gt;&gt;</a>&nbsp;&nbsp;&nbsp;BusFault_Handler
</UL>
<BR>[Called By]<UL><LI><a href="#[4]">&gt;&gt;</a>&nbsp;&nbsp;&nbsp;BusFault_Handler
</UL>
<BR>[Address Reference Count : 1]<UL><LI> startup_stm32h747xx_cm4.o(RESET)
</UL>
<P><STRONG><a name="[7]"></a>DebugMon_Handler</STRONG> (Thumb, 2 bytes, Stack size 0 bytes, stm32h7xx_it.o(i.DebugMon_Handler))
<BR>[Address Reference Count : 1]<UL><LI> startup_stm32h747xx_cm4.o(RESET)
</UL>
<P><STRONG><a name="[a4]"></a>HAL_Delay</STRONG> (Thumb, 32 bytes, Stack size 16 bytes, stm32h7xx_hal.o(i.HAL_Delay))
<BR><BR>[Stack]<UL><LI>Max Depth = 16<LI>Call Chain = HAL_Delay
</UL>
<BR>[Calls]<UL><LI><a href="#[a5]">&gt;&gt;</a>&nbsp;&nbsp;&nbsp;HAL_GetTick
</UL>
<BR>[Called By]<UL><LI><a href="#[9b]">&gt;&gt;</a>&nbsp;&nbsp;&nbsp;main
</UL>

<P><STRONG><a name="[b3]"></a>HAL_GPIO_Init</STRONG> (Thumb, 540 bytes, Stack size 44 bytes, stm32h7xx_hal_gpio.o(i.HAL_GPIO_Init))
<BR><BR>[Stack]<UL><LI>Max Depth = 44<LI>Call Chain = HAL_GPIO_Init
</UL>
<BR>[Called By]<UL><LI><a href="#[b1]">&gt;&gt;</a>&nbsp;&nbsp;&nbsp;MX_GPIO_Init
</UL>

<P><STRONG><a name="[b7]"></a>HAL_GPIO_TogglePin</STRONG> (Thumb, 14 bytes, Stack size 0 bytes, stm32h7xx_hal_gpio.o(i.HAL_GPIO_TogglePin))
<BR><BR>[Called By]<UL><LI><a href="#[9b]">&gt;&gt;</a>&nbsp;&nbsp;&nbsp;main
</UL>

<P><STRONG><a name="[b6]"></a>HAL_GPIO_WritePin</STRONG> (Thumb, 10 bytes, Stack size 0 bytes, stm32h7xx_hal_gpio.o(i.HAL_GPIO_WritePin))
<BR><BR>[Called By]<UL><LI><a href="#[9b]">&gt;&gt;</a>&nbsp;&nbsp;&nbsp;main
</UL>

<P><STRONG><a name="[af]"></a>HAL_GetCurrentCPUID</STRONG> (Thumb, 20 bytes, Stack size 0 bytes, stm32h7xx_hal_cortex.o(i.HAL_GetCurrentCPUID))
<BR><BR>[Called By]<UL><LI><a href="#[b0]">&gt;&gt;</a>&nbsp;&nbsp;&nbsp;HAL_PWREx_EnterSTOPMode
<LI><a href="#[ae]">&gt;&gt;</a>&nbsp;&nbsp;&nbsp;HAL_PWREx_ClearPendingEvent
</UL>

<P><STRONG><a name="[a5]"></a>HAL_GetTick</STRONG> (Thumb, 6 bytes, Stack size 0 bytes, stm32h7xx_hal.o(i.HAL_GetTick))
<BR><BR>[Called By]<UL><LI><a href="#[a4]">&gt;&gt;</a>&nbsp;&nbsp;&nbsp;HAL_Delay
</UL>

<P><STRONG><a name="[b5]"></a>HAL_HSEM_ActivateNotification</STRONG> (Thumb, 10 bytes, Stack size 0 bytes, stm32h7xx_hal_hsem.o(i.HAL_HSEM_ActivateNotification))
<BR><BR>[Called By]<UL><LI><a href="#[9b]">&gt;&gt;</a>&nbsp;&nbsp;&nbsp;main
</UL>

<P><STRONG><a name="[b4]"></a>HAL_IncTick</STRONG> (Thumb, 12 bytes, Stack size 0 bytes, stm32h7xx_hal.o(i.HAL_IncTick))
<BR><BR>[Called By]<UL><LI><a href="#[9]">&gt;&gt;</a>&nbsp;&nbsp;&nbsp;SysTick_Handler
</UL>

<P><STRONG><a name="[a6]"></a>HAL_Init</STRONG> (Thumb, 114 bytes, Stack size 8 bytes, stm32h7xx_hal.o(i.HAL_Init))
<BR><BR>[Stack]<UL><LI>Max Depth = 40<LI>Call Chain = HAL_Init &rArr; HAL_InitTick &rArr; HAL_NVIC_SetPriority
</UL>
<BR>[Calls]<UL><LI><a href="#[a9]">&gt;&gt;</a>&nbsp;&nbsp;&nbsp;HAL_InitTick
<LI><a href="#[a8]">&gt;&gt;</a>&nbsp;&nbsp;&nbsp;HAL_RCC_GetSysClockFreq
<LI><a href="#[a7]">&gt;&gt;</a>&nbsp;&nbsp;&nbsp;HAL_NVIC_SetPriorityGrouping
<LI><a href="#[aa]">&gt;&gt;</a>&nbsp;&nbsp;&nbsp;HAL_MspInit
</UL>
<BR>[Called By]<UL><LI><a href="#[9b]">&gt;&gt;</a>&nbsp;&nbsp;&nbsp;main
</UL>

<P><STRONG><a name="[a9]"></a>HAL_InitTick</STRONG> (Thumb, 56 bytes, Stack size 16 bytes, stm32h7xx_hal.o(i.HAL_InitTick))
<BR><BR>[Stack]<UL><LI>Max Depth = 32<LI>Call Chain = HAL_InitTick &rArr; HAL_NVIC_SetPriority
</UL>
<BR>[Calls]<UL><LI><a href="#[ab]">&gt;&gt;</a>&nbsp;&nbsp;&nbsp;HAL_SYSTICK_Config
<LI><a href="#[ac]">&gt;&gt;</a>&nbsp;&nbsp;&nbsp;HAL_NVIC_SetPriority
</UL>
<BR>[Called By]<UL><LI><a href="#[a6]">&gt;&gt;</a>&nbsp;&nbsp;&nbsp;HAL_Init
</UL>

<P><STRONG><a name="[aa]"></a>HAL_MspInit</STRONG> (Thumb, 22 bytes, Stack size 8 bytes, stm32h7xx_hal_msp.o(i.HAL_MspInit))
<BR><BR>[Stack]<UL><LI>Max Depth = 8<LI>Call Chain = HAL_MspInit
</UL>
<BR>[Called By]<UL><LI><a href="#[a6]">&gt;&gt;</a>&nbsp;&nbsp;&nbsp;HAL_Init
</UL>

<P><STRONG><a name="[ac]"></a>HAL_NVIC_SetPriority</STRONG> (Thumb, 60 bytes, Stack size 16 bytes, stm32h7xx_hal_cortex.o(i.HAL_NVIC_SetPriority))
<BR><BR>[Stack]<UL><LI>Max Depth = 16<LI>Call Chain = HAL_NVIC_SetPriority
</UL>
<BR>[Calls]<UL><LI><a href="#[ad]">&gt;&gt;</a>&nbsp;&nbsp;&nbsp;__NVIC_SetPriority
</UL>
<BR>[Called By]<UL><LI><a href="#[a9]">&gt;&gt;</a>&nbsp;&nbsp;&nbsp;HAL_InitTick
</UL>

<P><STRONG><a name="[a7]"></a>HAL_NVIC_SetPriorityGrouping</STRONG> (Thumb, 26 bytes, Stack size 0 bytes, stm32h7xx_hal_cortex.o(i.HAL_NVIC_SetPriorityGrouping))
<BR><BR>[Called By]<UL><LI><a href="#[a6]">&gt;&gt;</a>&nbsp;&nbsp;&nbsp;HAL_Init
</UL>

<P><STRONG><a name="[ae]"></a>HAL_PWREx_ClearPendingEvent</STRONG> (Thumb, 16 bytes, Stack size 8 bytes, stm32h7xx_hal_pwr_ex.o(i.HAL_PWREx_ClearPendingEvent))
<BR><BR>[Stack]<UL><LI>Max Depth = 8<LI>Call Chain = HAL_PWREx_ClearPendingEvent
</UL>
<BR>[Calls]<UL><LI><a href="#[af]">&gt;&gt;</a>&nbsp;&nbsp;&nbsp;HAL_GetCurrentCPUID
</UL>
<BR>[Called By]<UL><LI><a href="#[9b]">&gt;&gt;</a>&nbsp;&nbsp;&nbsp;main
</UL>

<P><STRONG><a name="[b0]"></a>HAL_PWREx_EnterSTOPMode</STRONG> (Thumb, 108 bytes, Stack size 16 bytes, stm32h7xx_hal_pwr_ex.o(i.HAL_PWREx_EnterSTOPMode))
<BR><BR>[Stack]<UL><LI>Max Depth = 16<LI>Call Chain = HAL_PWREx_EnterSTOPMode
</UL>
<BR>[Calls]<UL><LI><a href="#[af]">&gt;&gt;</a>&nbsp;&nbsp;&nbsp;HAL_GetCurrentCPUID
</UL>
<BR>[Called By]<UL><LI><a href="#[9b]">&gt;&gt;</a>&nbsp;&nbsp;&nbsp;main
</UL>

<P><STRONG><a name="[a8]"></a>HAL_RCC_GetSysClockFreq</STRONG> (Thumb, 270 bytes, Stack size 12 bytes, stm32h7xx_hal_rcc.o(i.HAL_RCC_GetSysClockFreq))
<BR><BR>[Stack]<UL><LI>Max Depth = 12<LI>Call Chain = HAL_RCC_GetSysClockFreq
</UL>
<BR>[Called By]<UL><LI><a href="#[a6]">&gt;&gt;</a>&nbsp;&nbsp;&nbsp;HAL_Init
</UL>

<P><STRONG><a name="[ab]"></a>HAL_SYSTICK_Config</STRONG> (Thumb, 40 bytes, Stack size 8 bytes, stm32h7xx_hal_cortex.o(i.HAL_SYSTICK_Config))
<BR><BR>[Stack]<UL><LI>Max Depth = 8<LI>Call Chain = HAL_SYSTICK_Config
</UL>
<BR>[Calls]<UL><LI><a href="#[ad]">&gt;&gt;</a>&nbsp;&nbsp;&nbsp;__NVIC_SetPriority
</UL>
<BR>[Called By]<UL><LI><a href="#[a9]">&gt;&gt;</a>&nbsp;&nbsp;&nbsp;HAL_InitTick
</UL>

<P><STRONG><a name="[2]"></a>HardFault_Handler</STRONG> (Thumb, 2 bytes, Stack size 0 bytes, stm32h7xx_it.o(i.HardFault_Handler))
<BR><BR>[Calls]<UL><LI><a href="#[2]">&gt;&gt;</a>&nbsp;&nbsp;&nbsp;HardFault_Handler
</UL>
<BR>[Called By]<UL><LI><a href="#[2]">&gt;&gt;</a>&nbsp;&nbsp;&nbsp;HardFault_Handler
</UL>
<BR>[Address Reference Count : 1]<UL><LI> startup_stm32h747xx_cm4.o(RESET)
</UL>
<P><STRONG><a name="[3]"></a>MemManage_Handler</STRONG> (Thumb, 2 bytes, Stack size 0 bytes, stm32h7xx_it.o(i.MemManage_Handler))
<BR><BR>[Calls]<UL><LI><a href="#[3]">&gt;&gt;</a>&nbsp;&nbsp;&nbsp;MemManage_Handler
</UL>
<BR>[Called By]<UL><LI><a href="#[3]">&gt;&gt;</a>&nbsp;&nbsp;&nbsp;MemManage_Handler
</UL>
<BR>[Address Reference Count : 1]<UL><LI> startup_stm32h747xx_cm4.o(RESET)
</UL>
<P><STRONG><a name="[1]"></a>NMI_Handler</STRONG> (Thumb, 2 bytes, Stack size 0 bytes, stm32h7xx_it.o(i.NMI_Handler))
<BR>[Address Reference Count : 1]<UL><LI> startup_stm32h747xx_cm4.o(RESET)
</UL>
<P><STRONG><a name="[8]"></a>PendSV_Handler</STRONG> (Thumb, 2 bytes, Stack size 0 bytes, stm32h7xx_it.o(i.PendSV_Handler))
<BR>[Address Reference Count : 1]<UL><LI> startup_stm32h747xx_cm4.o(RESET)
</UL>
<P><STRONG><a name="[6]"></a>SVC_Handler</STRONG> (Thumb, 2 bytes, Stack size 0 bytes, stm32h7xx_it.o(i.SVC_Handler))
<BR>[Address Reference Count : 1]<UL><LI> startup_stm32h747xx_cm4.o(RESET)
</UL>
<P><STRONG><a name="[9]"></a>SysTick_Handler</STRONG> (Thumb, 4 bytes, Stack size 0 bytes, stm32h7xx_it.o(i.SysTick_Handler))
<BR><BR>[Calls]<UL><LI><a href="#[b4]">&gt;&gt;</a>&nbsp;&nbsp;&nbsp;HAL_IncTick
</UL>
<BR>[Address Reference Count : 1]<UL><LI> startup_stm32h747xx_cm4.o(RESET)
</UL>
<P><STRONG><a name="[9c]"></a>SystemInit</STRONG> (Thumb, 34 bytes, Stack size 0 bytes, system_stm32h7xx_dualcore_boot_cm4_cm7.o(i.SystemInit))
<BR>[Address Reference Count : 1]<UL><LI> startup_stm32h747xx_cm4.o(.text)
</UL>
<P><STRONG><a name="[5]"></a>UsageFault_Handler</STRONG> (Thumb, 2 bytes, Stack size 0 bytes, stm32h7xx_it.o(i.UsageFault_Handler))
<BR><BR>[Calls]<UL><LI><a href="#[5]">&gt;&gt;</a>&nbsp;&nbsp;&nbsp;UsageFault_Handler
</UL>
<BR>[Called By]<UL><LI><a href="#[5]">&gt;&gt;</a>&nbsp;&nbsp;&nbsp;UsageFault_Handler
</UL>
<BR>[Address Reference Count : 1]<UL><LI> startup_stm32h747xx_cm4.o(RESET)
</UL>
<P><STRONG><a name="[c2]"></a>__scatterload_copy</STRONG> (Thumb, 14 bytes, Stack size unknown bytes, handlers.o(i.__scatterload_copy), UNUSED)

<P><STRONG><a name="[c3]"></a>__scatterload_null</STRONG> (Thumb, 2 bytes, Stack size unknown bytes, handlers.o(i.__scatterload_null), UNUSED)

<P><STRONG><a name="[c4]"></a>__scatterload_zeroinit</STRONG> (Thumb, 14 bytes, Stack size unknown bytes, handlers.o(i.__scatterload_zeroinit), UNUSED)

<P><STRONG><a name="[9b]"></a>main</STRONG> (Thumb, 112 bytes, Stack size 8 bytes, main.o(i.main))
<BR><BR>[Stack]<UL><LI>Max Depth = 84<LI>Call Chain = main &rArr; MX_GPIO_Init &rArr; HAL_GPIO_Init
</UL>
<BR>[Calls]<UL><LI><a href="#[b0]">&gt;&gt;</a>&nbsp;&nbsp;&nbsp;HAL_PWREx_EnterSTOPMode
<LI><a href="#[ae]">&gt;&gt;</a>&nbsp;&nbsp;&nbsp;HAL_PWREx_ClearPendingEvent
<LI><a href="#[a6]">&gt;&gt;</a>&nbsp;&nbsp;&nbsp;HAL_Init
<LI><a href="#[b5]">&gt;&gt;</a>&nbsp;&nbsp;&nbsp;HAL_HSEM_ActivateNotification
<LI><a href="#[b6]">&gt;&gt;</a>&nbsp;&nbsp;&nbsp;HAL_GPIO_WritePin
<LI><a href="#[b7]">&gt;&gt;</a>&nbsp;&nbsp;&nbsp;HAL_GPIO_TogglePin
<LI><a href="#[a4]">&gt;&gt;</a>&nbsp;&nbsp;&nbsp;HAL_Delay
<LI><a href="#[b1]">&gt;&gt;</a>&nbsp;&nbsp;&nbsp;MX_GPIO_Init
</UL>
<BR>[Address Reference Count : 1]<UL><LI> entry9a.o(.ARM.Collect$$$$0000000B)
</UL><P>
<H3>
Local Symbols
</H3>
<P><STRONG><a name="[b1]"></a>MX_GPIO_Init</STRONG> (Thumb, 90 bytes, Stack size 32 bytes, main.o(i.MX_GPIO_Init))
<BR><BR>[Stack]<UL><LI>Max Depth = 76<LI>Call Chain = MX_GPIO_Init &rArr; HAL_GPIO_Init
</UL>
<BR>[Calls]<UL><LI><a href="#[b3]">&gt;&gt;</a>&nbsp;&nbsp;&nbsp;HAL_GPIO_Init
<LI><a href="#[b2]">&gt;&gt;</a>&nbsp;&nbsp;&nbsp;__aeabi_memclr4
</UL>
<BR>[Called By]<UL><LI><a href="#[9b]">&gt;&gt;</a>&nbsp;&nbsp;&nbsp;main
</UL>

<P><STRONG><a name="[ad]"></a>__NVIC_SetPriority</STRONG> (Thumb, 32 bytes, Stack size 0 bytes, stm32h7xx_hal_cortex.o(i.__NVIC_SetPriority))
<BR><BR>[Called By]<UL><LI><a href="#[ab]">&gt;&gt;</a>&nbsp;&nbsp;&nbsp;HAL_SYSTICK_Config
<LI><a href="#[ac]">&gt;&gt;</a>&nbsp;&nbsp;&nbsp;HAL_NVIC_SetPriority
</UL>
<P>
<H3>
Undefined Global Symbols
</H3><HR></body></html>
